<html>
<body>
<pre>
<h1>µVision Build Log</h1>
<h2>Tool Versions:</h2>
IDE-Version: µVision V5.24.2.0
Copyright (C) 2017 ARM Ltd and ARM Germany GmbH. All rights reserved.
License Information: PE PE, MPEI, LIC=----
 
Tool Versions:
Toolchain:       MDK-Lite  Version: 5.24.1
Toolchain Path:  C:\Keil_v5\ARM\ARMCC\Bin
C Compiler:      Armcc.exe V5.06 update 5 (build 528)
Assembler:       Armasm.exe V5.06 update 5 (build 528)
Linker/Locator:  ArmLink.exe V5.06 update 5 (build 528)
Library Manager: ArmAr.exe V5.06 update 5 (build 528)
Hex Converter:   FromElf.exe V5.06 update 5 (build 528)
CPU DLL:         SARMCM3.DLL V5.24.1
Dialog DLL:      DCM.DLL V1.16.0.0
Target DLL:      Segger\JL2CM3.dll V2.99.26.0
Dialog DLL:      TCM.DLL V1.32.0.0
 
<h2>Project:</h2>
C:\Users\—ÚÛ‰ÂÌÚ\Desktop\SAMPLE2_1\sample2_1.uvprojx
Project File Date:  04/04/2019

<h2>Output:</h2>
*** Using Compiler 'V5.06 update 5 (build 528)', folder: 'C:\Keil_v5\ARM\ARMCC\Bin'
Rebuild target 'Target 1'
compiling MDR32F9Qx_it.c...
compiling button.c...
compiling init.c...
compiling main.c...
compiling ParseCommands.c...
ParseCommands.c(41): warning:  #181-D: argument is incompatible with corresponding format string conversion
  				sscanf(buf,"%d", &parseStruct->x);
ParseCommands.c(44): warning:  #181-D: argument is incompatible with corresponding format string conversion
  				sscanf(buf,"%d", &parseStruct->y);
ParseCommands.c(61): warning:  #223-D: function "malloc" declared implicitly
  				strPointer = (char*)malloc(match.len + 1);
ParseCommands.c(69): warning:  #181-D: argument is incompatible with corresponding format string conversion
  				sscanf(buf,"%d", &parseStruct->x);
ParseCommands.c(86): warning:  #223-D: function "malloc" declared implicitly
  				strPointer = (char*)malloc(match.len + 1);
ParseCommands.c(94): warning:  #181-D: argument is incompatible with corresponding format string conversion
  				sscanf(buf,"%d", &parseStruct->x);
ParseCommands.c(98): warning:  #181-D: argument is incompatible with corresponding format string conversion
  				sscanf(buf,"%d", &parseStruct->period);
ParseCommands.c: 7 warnings, 0 errors
compiling uart_io.c...
compiling croutine.c...
compiling heap_2.c...
compiling event_groups.c...
compiling list.c...
compiling port.c...
compiling queue.c...
compiling timers.c...
compiling tasks.c...
assembling startup_MDR32F9Qx.s...
compiling trex.c...
trex.c(252): warning:  #550-D: variable "op"  was set but never used
          int op;
trex.c(361): warning:  #1293-D: assignment in condition
      } while((node->next != -1) && (node = &exp->_nodes[node->next]));
trex.c(386): warning:  #1293-D: assignment in condition
              if(!(s = trex_matchnode(exp,&exp->_nodes[node->left],s,greedystop)))
trex.c(423): warning:  #1293-D: assignment in condition
              while( (asd = trex_matchnode(exp,temp,asd,
ULL)) ) {
trex.c(431): warning:  #1293-D: assignment in condition
              while( (asd = trex_matchnode(exp,temp,asd,
ULL)) ) {
trex.c(438): warning:  #111-D: statement is unreachable
              break;
trex.c(458): warning:  #1293-D: assignment in condition
                  if(!(cur = trex_matchnode(exp,n,cur,subnext))) {
trex.c(465): warning:  #1293-D: assignment in condition
              } while((n->next != -1) && (n = &exp->_nodes[n->next]));
trex.c: 8 warnings, 0 errors
compiling system_MDR32F9Qx.c...
compiling mlt_lcd.c...
compiling MDR32F9Qx_adc.c...
compiling MDR32F9Qx_bkp.c...
compiling MDR32F9Qx_comp.c...
compiling MDR32F9Qx_can.c...
compiling MDR32F9Qx_dac.c...
compiling MDR32F9Qx_dma.c...
compiling MDR32F9Qx_ebc.c...
compiling MDR32F9Qx_eeprom.c...
compiling MDR32F9Qx_i2c.c...
compiling MDR32F9Qx_port.c...
compiling MDR32F9Qx_power.c...
compiling MDR32F9Qx_iwdg.c...
compiling MDR32F9Qx_ssp.c...
compiling MDR32F9Qx_rst_clk.c...
compiling MDR32F9Qx_uart.c...
compiling MDR32F9Qx_timer.c...
linking...
Program Size: Code=16500 RO-data=2308 RW-data=172 ZI-data=22340  
FromELF: creating hex file...
".\obj\cantest.axf" - 0 Error(s), 15 Warning(s).

<h2>Software Packages used:</h2>

Package Vendor: ARM
                http://www.keil.com/pack/ARM.CMSIS.5.0.1.pack
                ARM.CMSIS.5.0.1
                CMSIS (Cortex Microcontroller Software Interface Standard)
   * Component: CORE Version: 5.0.1

Package Vendor: Keil
                http://www.keil.com/pack/Keil.MDR1986BExx.1.4.pack
                Keil.MDR1986BExx.1.4
                Milandr MDR1986BExx Series Device Support, Drivers and Examples
   * Component: UART Version: 1.3.1
   * Component: TIMER Version: 1.3.1
   * Component: SSP Version: 1.3.1
   * Component: RST_CLK Version: 1.3.1
   * Component: POWER Version: 1.3.1
   * Component: PORT Version: 1.3.1
   * Component: LIB Version: 1.3.1
   * Component: IWDG Version: 1.3.1
   * Component: I2C Version: 1.3.1
   * Component: EEMPROM Version: 1.3.1
   * Component: EBC Version: 1.3.1
   * Component: DMA Version: 1.3.1
   * Component: DAC Version: 1.3.1
   * Component: COMP Version: 1.3.1
   * Component: CAN Version: 1.3.1
   * Component: BKP Version: 1.3.1
   * Component: ADC Version: 1.3.1
   * Component: Startup_MDR1986BE9x Version: 1.3.1

<h2>Collection of Component include folders:</h2>
  .\RTE\Device\MDR1986BE92
  .\RTE\_Target_1
  C:\Keil_v5\ARM\PACK\ARM\CMSIS\5.0.1\CMSIS\Include
  C:\Keil_v5\ARM\PACK\Keil\MDR1986BExx\1.4\Config
  C:\Keil_v5\ARM\PACK\Keil\MDR1986BExx\1.4\Libraries\CMSIS\CM3\CoreSupport
  C:\Keil_v5\ARM\PACK\Keil\MDR1986BExx\1.4\Libraries\CMSIS\CM3\DeviceSupport\MDR32F9Qx\inc
  C:\Keil_v5\ARM\PACK\Keil\MDR1986BExx\1.4\Libraries\MDR32F9Qx_StdPeriph_Driver\inc

<h2>Collection of Component Files used:</h2>

   * Component: Keil::Drivers:UART:1.3.1
      Include file:  Libraries\MDR32F9Qx_StdPeriph_Driver\inc\MDR32F9Qx_uart.h
      Source file:   Libraries\MDR32F9Qx_StdPeriph_Driver\src\MDR32F9Qx_uart.c

   * Component: Keil::Drivers:TIMER:1.3.1
      Include file:  Libraries\MDR32F9Qx_StdPeriph_Driver\inc\MDR32F9Qx_timer.h
      Source file:   Libraries\MDR32F9Qx_StdPeriph_Driver\src\MDR32F9Qx_timer.c

   * Component: Keil::Drivers:SSP:1.3.1
      Include file:  Libraries\MDR32F9Qx_StdPeriph_Driver\inc\MDR32F9Qx_ssp.h
      Source file:   Libraries\MDR32F9Qx_StdPeriph_Driver\src\MDR32F9Qx_ssp.c

   * Component: Keil::Drivers:RST_CLK:1.3.1
      Include file:  Libraries\MDR32F9Qx_StdPeriph_Driver\inc\MDR32F9Qx_rst_clk.h
      Source file:   Libraries\MDR32F9Qx_StdPeriph_Driver\src\MDR32F9Qx_rst_clk.c

   * Component: Keil::Drivers:POWER:1.3.1
      Include file:  Libraries\MDR32F9Qx_StdPeriph_Driver\inc\MDR32F9Qx_power.h
      Source file:   Libraries\MDR32F9Qx_StdPeriph_Driver\src\MDR32F9Qx_power.c

   * Component: Keil::Drivers:PORT:1.3.1
      Include file:  Libraries\MDR32F9Qx_StdPeriph_Driver\inc\MDR32F9Qx_port.h
      Source file:   Libraries\MDR32F9Qx_StdPeriph_Driver\src\MDR32F9Qx_port.c

   * Component: Keil::Drivers:LIB:1.3.1
      Include file:  Libraries\MDR32F9Qx_StdPeriph_Driver\inc\MDR32F9Qx_lib.h

   * Component: Keil::Drivers:IWDG:1.3.1
      Include file:  Libraries\MDR32F9Qx_StdPeriph_Driver\inc\MDR32F9Qx_iwdg.h
      Source file:   Libraries\MDR32F9Qx_StdPeriph_Driver\src\MDR32F9Qx_iwdg.c

   * Component: Keil::Drivers:I2C:1.3.1
      Include file:  Libraries\MDR32F9Qx_StdPeriph_Driver\inc\MDR32F9Qx_i2c.h
      Source file:   Libraries\MDR32F9Qx_StdPeriph_Driver\src\MDR32F9Qx_i2c.c

   * Component: Keil::Drivers:EEMPROM:1.3.1
      Include file:  Libraries\MDR32F9Qx_StdPeriph_Driver\inc\MDR32F9Qx_eeprom.h
      Source file:   Libraries\MDR32F9Qx_StdPeriph_Driver\src\MDR32F9Qx_eeprom.c

   * Component: Keil::Drivers:EBC:1.3.1
      Include file:  Libraries\MDR32F9Qx_StdPeriph_Driver\inc\MDR32F9Qx_ebc.h
      Source file:   Libraries\MDR32F9Qx_StdPeriph_Driver\src\MDR32F9Qx_ebc.c

   * Component: Keil::Drivers:DMA:1.3.1
      Include file:  Libraries\MDR32F9Qx_StdPeriph_Driver\inc\MDR32F9Qx_dma.h
      Source file:   Libraries\MDR32F9Qx_StdPeriph_Driver\src\MDR32F9Qx_dma.c

   * Component: Keil::Drivers:DAC:1.3.1
      Include file:  Libraries\MDR32F9Qx_StdPeriph_Driver\inc\MDR32F9Qx_dac.h
      Source file:   Libraries\MDR32F9Qx_StdPeriph_Driver\src\MDR32F9Qx_dac.c

   * Component: Keil::Drivers:COMP:1.3.1
      Include file:  Libraries\MDR32F9Qx_StdPeriph_Driver\inc\MDR32F9Qx_comp.h
      Source file:   Libraries\MDR32F9Qx_StdPeriph_Driver\src\MDR32F9Qx_comp.c

   * Component: Keil::Drivers:CAN:1.3.1
      Include file:  Libraries\MDR32F9Qx_StdPeriph_Driver\inc\MDR32F9Qx_can.h
      Source file:   Libraries\MDR32F9Qx_StdPeriph_Driver\src\MDR32F9Qx_can.c

   * Component: Keil::Drivers:BKP:1.3.1
      Include file:  Libraries\MDR32F9Qx_StdPeriph_Driver\inc\MDR32F9Qx_bkp.h
      Source file:   Libraries\MDR32F9Qx_StdPeriph_Driver\src\MDR32F9Qx_bkp.c

   * Component: Keil::Drivers:ADC:1.3.1
      Include file:  Libraries\MDR32F9Qx_StdPeriph_Driver\inc\MDR32F9Qx_adc.h
      Source file:   Libraries\MDR32F9Qx_StdPeriph_Driver\src\MDR32F9Qx_adc.c

   * Component: Keil::Device:Startup_MDR1986BE9x:1.3.1
      Source file:   Libraries\CMSIS\CM3\DeviceSupport\MDR32F9Qx\startup\arm\startup_MDR32F9Qx.s
      Source file:   Libraries\CMSIS\CM3\DeviceSupport\MDR32F9Qx\startup\arm\system_MDR32F9Qx.c
      Include file:  Libraries\CMSIS\CM3\DeviceSupport\MDR32F9Qx\startup\arm\system_MDR32F9Qx.h
      Include file:  Libraries\CMSIS\CM3\CoreSupport\core_cm3.h
      Include file:  Config\MDR32F9Qx_config.h

   * Component: ARM::CMSIS:CORE:5.0.1
Build Time Elapsed:  00:00:04
</pre>
</body>
</html>
