Component: ARM Compiler 5.06 update 5 (build 528) Tool: armlink [4d35e2]

==============================================================================

Section Cross References

    main.o(i.UART2_IRQHandler) refers to mdr32f9qx_uart.o(i.UART_GetITStatusMasked) for UART_GetITStatusMasked
    main.o(i.UART2_IRQHandler) refers to mdr32f9qx_uart.o(i.UART_ClearITPendingBit) for UART_ClearITPendingBit
    main.o(i.UART2_IRQHandler) refers to mdr32f9qx_uart.o(i.UART_ReceiveData) for UART_ReceiveData
    main.o(i.UART2_IRQHandler) refers to queue.o(i.xQueueGenericSendFromISR) for xQueueGenericSendFromISR
    main.o(i.UART2_IRQHandler) refers to main.o(.data) for ReceiveByte
    main.o(i.U_MENU_Output) refers to _scanf_str.o(.text) for _scanf_string
    main.o(i.U_MENU_Output) refers to __0scanf.o(.text) for __0scanf
    main.o(i.U_MENU_Output) refers to parsecommands.o(i.getDataFromUART) for getDataFromUART
    main.o(i.U_MENU_Output) refers to printfb.o(i.__0printf$bare) for __2printf
    main.o(i.main) refers to init.o(i.init) for init
    main.o(i.main) refers to button.o(i.U_BTN_Init) for U_BTN_Init
    main.o(i.main) refers to mlt_lcd.o(i.U_MLT_Init) for U_MLT_Init
    main.o(i.main) refers to uart_io.o(i.uart_io_init) for uart_io_init
    main.o(i.main) refers to queue.o(i.xQueueGenericCreate) for xQueueGenericCreate
    main.o(i.main) refers to tasks.o(i.xTaskCreate) for xTaskCreate
    main.o(i.main) refers to tasks.o(i.vTaskStartScheduler) for vTaskStartScheduler
    main.o(i.main) refers to main.o(.data) for stdin_queue
    main.o(i.main) refers to main.o(i.U_MENU_Output) for U_MENU_Output
    init.o(i.PORT_init) refers to mdr32f9qx_rst_clk.o(i.RST_CLK_PCLKcmd) for RST_CLK_PCLKcmd
    init.o(i.PORT_init) refers to mdr32f9qx_port.o(i.PORT_Init) for PORT_Init
    init.o(i.init) refers to init.o(i.sys_clk_init) for sys_clk_init
    init.o(i.sys_clk_init) refers to mdr32f9qx_rst_clk.o(i.RST_CLK_HSEconfig) for RST_CLK_HSEconfig
    init.o(i.sys_clk_init) refers to mdr32f9qx_rst_clk.o(i.RST_CLK_HSEstatus) for RST_CLK_HSEstatus
    init.o(i.sys_clk_init) refers to mdr32f9qx_rst_clk.o(i.RST_CLK_CPU_PLLconfig) for RST_CLK_CPU_PLLconfig
    init.o(i.sys_clk_init) refers to mdr32f9qx_rst_clk.o(i.RST_CLK_CPU_PLLcmd) for RST_CLK_CPU_PLLcmd
    init.o(i.sys_clk_init) refers to mdr32f9qx_rst_clk.o(i.RST_CLK_CPU_PLLstatus) for RST_CLK_CPU_PLLstatus
    init.o(i.sys_clk_init) refers to mdr32f9qx_rst_clk.o(i.RST_CLK_CPUclkPrescaler) for RST_CLK_CPUclkPrescaler
    init.o(i.sys_clk_init) refers to mdr32f9qx_rst_clk.o(i.RST_CLK_CPU_PLLuse) for RST_CLK_CPU_PLLuse
    init.o(i.sys_clk_init) refers to mdr32f9qx_rst_clk.o(i.RST_CLK_CPUclkSelection) for RST_CLK_CPUclkSelection
    init.o(i.sys_clk_init) refers to system_mdr32f9qx.o(i.SystemCoreClockUpdate) for SystemCoreClockUpdate
    button.o(i.U_BTN_Init) refers to mdr32f9qx_rst_clk.o(i.RST_CLK_PCLKcmd) for RST_CLK_PCLKcmd
    button.o(i.U_BTN_Init) refers to mdr32f9qx_port.o(i.PORT_StructInit) for PORT_StructInit
    button.o(i.U_BTN_Init) refers to mdr32f9qx_port.o(i.PORT_Init) for PORT_Init
    button.o(i.U_BTN_Read_Button) refers to mdr32f9qx_port.o(i.PORT_ReadInputDataBit) for PORT_ReadInputDataBit
    uart_io.o(i.fgetc) refers to queue.o(i.xQueueGenericReceive) for xQueueGenericReceive
    uart_io.o(i.fgetc) refers to main.o(.data) for stdin_queue
    uart_io.o(i.fputc) refers to queue.o(i.xQueueGenericSend) for xQueueGenericSend
    uart_io.o(i.fputc) refers to main.o(.data) for stdout_queue
    uart_io.o(i.stdout_flush) refers to queue.o(i.xQueueGenericReceive) for xQueueGenericReceive
    uart_io.o(i.stdout_flush) refers to mdr32f9qx_uart.o(i.UART_GetFlagStatus) for UART_GetFlagStatus
    uart_io.o(i.stdout_flush) refers to mdr32f9qx_uart.o(i.UART_SendData) for UART_SendData
    uart_io.o(i.stdout_flush) refers to uart_io.o(.bss) for buf
    uart_io.o(i.stdout_flush) refers to main.o(.data) for stdout_queue
    uart_io.o(i.uart_io_init) refers to mdr32f9qx_rst_clk.o(i.RST_CLK_PCLKcmd) for RST_CLK_PCLKcmd
    uart_io.o(i.uart_io_init) refers to mdr32f9qx_port.o(i.PORT_Init) for PORT_Init
    uart_io.o(i.uart_io_init) refers to mdr32f9qx_uart.o(i.UART_BRGInit) for UART_BRGInit
    uart_io.o(i.uart_io_init) refers to mdr32f9qx_uart.o(i.UART_Init) for UART_Init
    uart_io.o(i.uart_io_init) refers to mdr32f9qx_uart.o(i.UART_ITConfig) for UART_ITConfig
    uart_io.o(i.uart_io_init) refers to mdr32f9qx_uart.o(i.UART_Cmd) for UART_Cmd
    parsecommands.o(i.getDataFromUART) refers to _scanf_int.o(.text) for _scanf_int
    parsecommands.o(i.getDataFromUART) refers to strncmp.o(.text) for strncmp
    parsecommands.o(i.getDataFromUART) refers to trex.o(i.trex_compile) for trex_compile
    parsecommands.o(i.getDataFromUART) refers to trex.o(i.trex_match) for trex_match
    parsecommands.o(i.getDataFromUART) refers to trex.o(i.trex_getsubexpcount) for trex_getsubexpcount
    parsecommands.o(i.getDataFromUART) refers to trex.o(i.trex_getsubexp) for trex_getsubexp
[...]
    ../clib/microlib/printf/printf.c         0x00000000   Number         0  printf7.o ABSOLUTE
    ../clib/microlib/printf/printf.c         0x00000000   Number         0  printf1.o ABSOLUTE
    ../clib/microlib/printf/printf.c         0x00000000   Number         0  printf2.o ABSOLUTE
    ../clib/microlib/printf/printf.c         0x00000000   Number         0  printf4.o ABSOLUTE
    ../clib/microlib/printf/printf.c         0x00000000   Number         0  printfa.o ABSOLUTE
    ../clib/microlib/printf/printf.c         0x00000000   Number         0  printfb.o ABSOLUTE
    ../clib/microlib/printf/printf.c         0x00000000   Number         0  printf3.o ABSOLUTE
    ../clib/microlib/printf/printf.c         0x00000000   Number         0  printf8.o ABSOLUTE
    ../clib/microlib/printf/printf.c         0x00000000   Number         0  printf5.o ABSOLUTE
    ../clib/microlib/stdio/fgetc.c           0x00000000   Number         0  fgetc_b.o ABSOLUTE
    ../clib/microlib/stdio/semi.s            0x00000000   Number         0  semi.o ABSOLUTE
    ../clib/microlib/stdio/streams.c         0x00000000   Number         0  stdout.o ABSOLUTE
    ../clib/microlib/stdio/streams.c         0x00000000   Number         0  stdin.o ABSOLUTE
    ../clib/microlib/string/memcpy.c         0x00000000   Number         0  memcpyb.o ABSOLUTE
    ../clib/microlib/string/memcpy.c         0x00000000   Number         0  memcpya.o ABSOLUTE
    ../clib/microlib/string/memset.c         0x00000000   Number         0  memseta.o ABSOLUTE
    ../clib/microlib/string/strlen.c         0x00000000   Number         0  strlen.o ABSOLUTE
    ../clib/microlib/string/strncmp.c        0x00000000   Number         0  strncmp.o ABSOLUTE
    ../clib/microlib/string/strncpy.c        0x00000000   Number         0  strncpy.o ABSOLUTE
    ../clib/microlib/stubs.s                 0x00000000   Number         0  iusefp.o ABSOLUTE
    ../clib/microlib/stubs.s                 0x00000000   Number         0  iusesemig.o ABSOLUTE
    ../clib/scanf.c                          0x00000000   Number         0  _scanf_int.o ABSOLUTE
    ../clib/scanf.c                          0x00000000   Number         0  __0sscanf.o ABSOLUTE
    ../clib/scanf.c                          0x00000000   Number         0  _scanf_str.o ABSOLUTE
    ../clib/scanf.c                          0x00000000   Number         0  __0scanf.o ABSOLUTE
    ../clib/scanf.c                          0x00000000   Number         0  scanf_char.o ABSOLUTE
    ../clib/scanf.c                          0x00000000   Number         0  _chval.o ABSOLUTE
    ../clib/scanf.c                          0x00000000   Number         0  _sgetc.o ABSOLUTE
    ../clib/scanf.c                          0x00000000   Number         0  scanf_char_file.o ABSOLUTE
    ../clib/scanf.c                          0x00000000   Number         0  _scanf.o ABSOLUTE
    ../fplib/microlib/fpadd.c                0x00000000   Number         0  dadd.o ABSOLUTE
    ../fplib/microlib/fpdiv.c                0x00000000   Number         0  ddiv.o ABSOLUTE
    ../fplib/microlib/fpepilogue.c           0x00000000   Number         0  depilogue.o ABSOLUTE
    ../fplib/microlib/fpfix.c                0x00000000   Number         0  dfixul.o ABSOLUTE
    ../fplib/microlib/fpmul.c                0x00000000   Number         0  dmul.o ABSOLUTE
    C:\Keil_v5\ARM\PACK\Keil\MDR1986BExx\1.4\Libraries\MDR32F9Qx_StdPeriph_Driver\src\MDR32F9Qx_adc.c 0x00000000   Number         0  mdr32f9qx_adc.o ABSOLUTE
    C:\Keil_v5\ARM\PACK\Keil\MDR1986BExx\1.4\Libraries\MDR32F9Qx_StdPeriph_Driver\src\MDR32F9Qx_bkp.c 0x00000000   Number         0  mdr32f9qx_bkp.o ABSOLUTE
    C:\Keil_v5\ARM\PACK\Keil\MDR1986BExx\1.4\Libraries\MDR32F9Qx_StdPeriph_Driver\src\MDR32F9Qx_can.c 0x00000000   Number         0  mdr32f9qx_can.o ABSOLUTE
    C:\Keil_v5\ARM\PACK\Keil\MDR1986BExx\1.4\Libraries\MDR32F9Qx_StdPeriph_Driver\src\MDR32F9Qx_comp.c 0x00000000   Number         0  mdr32f9qx_comp.o ABSOLUTE
    C:\Keil_v5\ARM\PACK\Keil\MDR1986BExx\1.4\Libraries\MDR32F9Qx_StdPeriph_Driver\src\MDR32F9Qx_dac.c 0x00000000   Number         0  mdr32f9qx_dac.o ABSOLUTE
    C:\Keil_v5\ARM\PACK\Keil\MDR1986BExx\1.4\Libraries\MDR32F9Qx_StdPeriph_Driver\src\MDR32F9Qx_dma.c 0x00000000   Number         0  mdr32f9qx_dma.o ABSOLUTE
    C:\Keil_v5\ARM\PACK\Keil\MDR1986BExx\1.4\Libraries\MDR32F9Qx_StdPeriph_Driver\src\MDR32F9Qx_ebc.c 0x00000000   Number         0  mdr32f9qx_ebc.o ABSOLUTE
    C:\Keil_v5\ARM\PACK\Keil\MDR1986BExx\1.4\Libraries\MDR32F9Qx_StdPeriph_Driver\src\MDR32F9Qx_eeprom.c 0x00000000   Number         0  mdr32f9qx_eeprom.o ABSOLUTE
    C:\Keil_v5\ARM\PACK\Keil\MDR1986BExx\1.4\Libraries\MDR32F9Qx_StdPeriph_Driver\src\MDR32F9Qx_i2c.c 0x00000000   Number         0  mdr32f9qx_i2c.o ABSOLUTE
    C:\Keil_v5\ARM\PACK\Keil\MDR1986BExx\1.4\Libraries\MDR32F9Qx_StdPeriph_Driver\src\MDR32F9Qx_iwdg.c 0x00000000   Number         0  mdr32f9qx_iwdg.o ABSOLUTE
    C:\Keil_v5\ARM\PACK\Keil\MDR1986BExx\1.4\Libraries\MDR32F9Qx_StdPeriph_Driver\src\MDR32F9Qx_port.c 0x00000000   Number         0  mdr32f9qx_port.o ABSOLUTE
    C:\Keil_v5\ARM\PACK\Keil\MDR1986BExx\1.4\Libraries\MDR32F9Qx_StdPeriph_Driver\src\MDR32F9Qx_power.c 0x00000000   Number         0  mdr32f9qx_power.o ABSOLUTE
    C:\Keil_v5\ARM\PACK\Keil\MDR1986BExx\1.4\Libraries\MDR32F9Qx_StdPeriph_Driver\src\MDR32F9Qx_rst_clk.c 0x00000000   Number         0  mdr32f9qx_rst_clk.o ABSOLUTE
    C:\Keil_v5\ARM\PACK\Keil\MDR1986BExx\1.4\Libraries\MDR32F9Qx_StdPeriph_Driver\src\MDR32F9Qx_ssp.c 0x00000000   Number         0  mdr32f9qx_ssp.o ABSOLUTE
    C:\Keil_v5\ARM\PACK\Keil\MDR1986BExx\1.4\Libraries\MDR32F9Qx_StdPeriph_Driver\src\MDR32F9Qx_timer.c 0x00000000   Number         0  mdr32f9qx_timer.o ABSOLUTE
    C:\Keil_v5\ARM\PACK\Keil\MDR1986BExx\1.4\Libraries\MDR32F9Qx_StdPeriph_Driver\src\MDR32F9Qx_uart.c 0x00000000   Number         0  mdr32f9qx_uart.o ABSOLUTE
    C:\\Keil_v5\\ARM\\PACK\\Keil\\MDR1986BExx\\1.4\\Libraries\\MDR32F9Qx_StdPeriph_Driver\\src\\MDR32F9Qx_adc.c 0x00000000   Number         0  mdr32f9qx_adc.o ABSOLUTE
    C:\\Keil_v5\\ARM\\PACK\\Keil\\MDR1986BExx\\1.4\\Libraries\\MDR32F9Qx_StdPeriph_Driver\\src\\MDR32F9Qx_bkp.c 0x00000000   Number         0  mdr32f9qx_bkp.o ABSOLUTE
    C:\\Keil_v5\\ARM\\PACK\\Keil\\MDR1986BExx\\1.4\\Libraries\\MDR32F9Qx_StdPeriph_Driver\\src\\MDR32F9Qx_can.c 0x00000000   Number         0  mdr32f9qx_can.o ABSOLUTE
    C:\\Keil_v5\\ARM\\PACK\\Keil\\MDR1986BExx\\1.4\\Libraries\\MDR32F9Qx_StdPeriph_Driver\\src\\MDR32F9Qx_comp.c 0x00000000   Number         0  mdr32f9qx_comp.o ABSOLUTE
    C:\\Keil_v5\\ARM\\PACK\\Keil\\MDR1986BExx\\1.4\\Libraries\\MDR32F9Qx_StdPeriph_Driver\\src\\MDR32F9Qx_dac.c 0x00000000   Number         0  mdr32f9qx_dac.o ABSOLUTE
    C:\\Keil_v5\\ARM\\PACK\\Keil\\MDR1986BExx\\1.4\\Libraries\\MDR32F9Qx_StdPeriph_Driver\\src\\MDR32F9Qx_dma.c 0x00000000   Number         0  mdr32f9qx_dma.o ABSOLUTE
    C:\\Keil_v5\\ARM\\PACK\\Keil\\MDR1986BExx\\1.4\\Libraries\\MDR32F9Qx_StdPeriph_Driver\\src\\MDR32F9Qx_ebc.c 0x00000000   Number         0  mdr32f9qx_ebc.o ABSOLUTE
    C:\\Keil_v5\\ARM\\PACK\\Keil\\MDR1986BExx\\1.4\\Libraries\\MDR32F9Qx_StdPeriph_Driver\\src\\MDR32F9Qx_eeprom.c 0x00000000   Number         0  mdr32f9qx_eeprom.o ABSOLUTE
    C:\\Keil_v5\\ARM\\PACK\\Keil\\MDR1986BExx\\1.4\\Libraries\\MDR32F9Qx_StdPeriph_Driver\\src\\MDR32F9Qx_i2c.c 0x00000000   Number         0  mdr32f9qx_i2c.o ABSOLUTE
    C:\\Keil_v5\\ARM\\PACK\\Keil\\MDR1986BExx\\1.4\\Libraries\\MDR32F9Qx_StdPeriph_Driver\\src\\MDR32F9Qx_iwdg.c 0x00000000   Number         0  mdr32f9qx_iwdg.o ABSOLUTE
    C:\\Keil_v5\\ARM\\PACK\\Keil\\MDR1986BExx\\1.4\\Libraries\\MDR32F9Qx_StdPeriph_Driver\\src\\MDR32F9Qx_port.c 0x00000000   Number         0  mdr32f9qx_port.o ABSOLUTE
    C:\\Keil_v5\\ARM\\PACK\\Keil\\MDR1986BExx\\1.4\\Libraries\\MDR32F9Qx_StdPeriph_Driver\\src\\MDR32F9Qx_power.c 0x00000000   Number         0  mdr32f9qx_power.o ABSOLUTE
    C:\\Keil_v5\\ARM\\PACK\\Keil\\MDR1986BExx\\1.4\\Libraries\\MDR32F9Qx_StdPeriph_Driver\\src\\MDR32F9Qx_rst_clk.c 0x00000000   Number         0  mdr32f9qx_rst_clk.o ABSOLUTE
    C:\\Keil_v5\\ARM\\PACK\\Keil\\MDR1986BExx\\1.4\\Libraries\\MDR32F9Qx_StdPeriph_Driver\\src\\MDR32F9Qx_ssp.c 0x00000000   Number         0  mdr32f9qx_ssp.o ABSOLUTE
    C:\\Keil_v5\\ARM\\PACK\\Keil\\MDR1986BExx\\1.4\\Libraries\\MDR32F9Qx_StdPeriph_Driver\\src\\MDR32F9Qx_timer.c 0x00000000   Number         0  mdr32f9qx_timer.o ABSOLUTE
    C:\\Keil_v5\\ARM\\PACK\\Keil\\MDR1986BExx\\1.4\\Libraries\\MDR32F9Qx_StdPeriph_Driver\\src\\MDR32F9Qx_uart.c 0x00000000   Number         0  mdr32f9qx_uart.o ABSOLUTE
    MDR32F9Qx_it.c                           0x00000000   Number         0  mdr32f9qx_it.o ABSOLUTE
    MLT\\mlt_lcd.c                           0x00000000   Number         0  mlt_lcd.o ABSOLUTE
    MLT\mlt_lcd.c                            0x00000000   Number         0  mlt_lcd.o ABSOLUTE
    ParseCommands.c                          0x00000000   Number         0  parsecommands.o ABSOLUTE
    RTE\Device\MDR1986BE92\startup_MDR32F9Qx.s 0x00000000   Number         0  startup_mdr32f9qx.o ABSOLUTE
    RTE\Device\MDR1986BE92\system_MDR32F9Qx.c 0x00000000   Number         0  system_mdr32f9qx.o ABSOLUTE
    RTE\\Device\\MDR1986BE92\\system_MDR32F9Qx.c 0x00000000   Number         0  system_mdr32f9qx.o ABSOLUTE
    button.c                                 0x00000000   Number         0  button.o ABSOLUTE
    button.c                                 0x00000000   Number         0  button.o ABSOLUTE
    cdrcmple.s                               0x00000000   Number         0  cdrcmple.o ABSOLUTE
    dc.s                                     0x00000000   Number         0  dc.o ABSOLUTE
    handlers.s                               0x00000000   Number         0  handlers.o ABSOLUTE
    init.c                                   0x00000000   Number         0  init.o ABSOLUTE
    init.c                                   0x00000000   Number         0  init.o ABSOLUTE
    init.s                                   0x00000000   Number         0  init.o ABSOLUTE
    main.c                                   0x00000000   Number         0  main.o ABSOLUTE
    main.c                                   0x00000000   Number         0  main.o ABSOLUTE
    rtos\\port.c                             0x00000000   Number         0  port.o ABSOLUTE
    rtos\croutine.c                          0x00000000   Number         0  croutine.o ABSOLUTE
    rtos\event_groups.c                      0x00000000   Number         0  event_groups.o ABSOLUTE
    rtos\heap_2.c                            0x00000000   Number         0  heap_2.o ABSOLUTE
    rtos\list.c                              0x00000000   Number         0  list.o ABSOLUTE
    rtos\port.c                              0x00000000   Number         0  port.o ABSOLUTE
    rtos\queue.c                             0x00000000   Number         0  queue.o ABSOLUTE
    rtos\tasks.c                             0x00000000   Number         0  tasks.o ABSOLUTE
    rtos\timers.c                            0x00000000   Number         0  timers.o ABSOLUTE
    trex.c                                   0x00000000   Number         0  trex.o ABSOLUTE
    uart_io.c                                0x00000000   Number         0  uart_io.o ABSOLUTE
    uart_io.c                                0x00000000   Number         0  uart_io.o ABSOLUTE
    RESET                                    0x08000000   Section      192  startup_mdr32f9qx.o(RESET)
    .ARM.Collect$$$$00000000                 0x080000c0   Section        0  entry.o(.ARM.Collect$$$$00000000)
    .ARM.Collect$$$$00000001                 0x080000c0   Section        4  entry2.o(.ARM.Collect$$$$00000001)
    .ARM.Collect$$$$00000004                 0x080000c4   Section        4  entry5.o(.ARM.Collect$$$$00000004)
    .ARM.Collect$$$$00000008                 0x080000c8   Section        0  entry7b.o(.ARM.Collect$$$$00000008)
    .ARM.Collect$$$$0000000A                 0x080000c8   Section        0  entry8b.o(.ARM.Collect$$$$0000000A)
    .ARM.Collect$$$$0000000B                 0x080000c8   Section        8  entry9a.o(.ARM.Collect$$$$0000000B)
    .ARM.Collect$$$$0000000D                 0x080000d0   Section        0  entry10a.o(.ARM.Collect$$$$0000000D)
    .ARM.Collect$$$$0000000F                 0x080000d0   Section        0  entry11a.o(.ARM.Collect$$$$0000000F)
    .ARM.Collect$$$$00002712                 0x080000d0   Section        4  entry2.o(.ARM.Collect$$$$00002712)
    __lit__00000000                          0x080000d0   Data           4  entry2.o(.ARM.Collect$$$$00002712)
    .emb_text                                0x080000d4   Section      150  port.o(.emb_text)
    .text                                    0x0800016c   Section       36  startup_mdr32f9qx.o(.text)
    .text                                    0x08000190   Section        0  ctype_o.o(.text)
    .text                                    0x08000198   Section        0  isspace_o.o(.text)
    .text                                    0x080001aa   Section        0  memcpya.o(.text)
    .text                                    0x080001ce   Section        0  memseta.o(.text)
    .text                                    0x080001f2   Section        0  strncpy.o(.text)
    .text                                    0x0800020a   Section        0  strlen.o(.text)
    .text                                    0x08000218   Section        0  strncmp.o(.text)
    .text                                    0x08000238   Section        0  __0scanf.o(.text)
    .text                                    0x08000258   Section        0  __0sscanf.o(.text)
    .text                                    0x08000290   Section        0  _scanf_int.o(.text)
    .text                                    0x080003dc   Section        0  _scanf_str.o(.text)
    .text                                    0x080004bc   Section        0  _chval.o(.text)
    .text                                    0x080004d8   Section        0  scanf_char.o(.text)
    _scanf_char_input                        0x080004d9   Thumb Code    12  scanf_char.o(.text)
    .text                                    0x08000500   Section        0  _sgetc.o(.text)
    .text                                    0x08000540   Section        0  scanf_char_file.o(.text)
    .text                                    0x08000554   Section       36  init.o(.text)
    .text                                    0x08000578   Section        0  fgetc_b.o(.text)
    .text                                    0x080005a4   Section        0  _scanf.o(.text)
    .text                                    0x080008d0   Section        0  iusesemig.o(.text)
    .text                                    0x080008d0   Section        0  semi.o(.text)
    i.ADC_IRQHandler                         0x080008d0   Section        0  mdr32f9qx_it.o(i.ADC_IRQHandler)
    i.BACKUP_IRQHandler                      0x080008d2   Section        0  mdr32f9qx_it.o(i.BACKUP_IRQHandler)
    i.BusFault_Handler                       0x080008d4   Section        0  mdr32f9qx_it.o(i.BusFault_Handler)
    i.CAN1_IRQHandler                        0x080008d8   Section        0  mdr32f9qx_it.o(i.CAN1_IRQHandler)
    i.CAN2_IRQHandler                        0x080008da   Section        0  mdr32f9qx_it.o(i.CAN2_IRQHandler)
    i.COMPARATOR_IRQHandler                  0x080008dc   Section        0  mdr32f9qx_it.o(i.COMPARATOR_IRQHandler)
    i.DebugMon_Handler                       0x080008de   Section        0  mdr32f9qx_it.o(i.DebugMon_Handler)
    i.EXT_INT1_IRQHandler                    0x080008e0   Section        0  mdr32f9qx_it.o(i.EXT_INT1_IRQHandler)
    i.EXT_INT2_IRQHandler                    0x080008e2   Section        0  mdr32f9qx_it.o(i.EXT_INT2_IRQHandler)
    i.EXT_INT3_IRQHandler                    0x080008e4   Section        0  mdr32f9qx_it.o(i.EXT_INT3_IRQHandler)
    i.EXT_INT4_IRQHandler                    0x080008e6   Section        0  mdr32f9qx_it.o(i.EXT_INT4_IRQHandler)
    i.HardFault_Handler                      0x080008e8   Section        0  mdr32f9qx_it.o(i.HardFault_Handler)
    i.I2C_IRQHandler                         0x080008ec   Section        0  mdr32f9qx_it.o(i.I2C_IRQHandler)
    i.MemManage_Handler                      0x080008ee   Section        0  mdr32f9qx_it.o(i.MemManage_Handler)
    i.NMI_Handler                            0x080008f2   Section        0  mdr32f9qx_it.o(i.NMI_Handler)
    i.PORT_Init                              0x080008f4   Section        0  mdr32f9qx_port.o(i.PORT_Init)
    i.PORT_ResetBits                         0x08000abc   Section        0  mdr32f9qx_port.o(i.PORT_ResetBits)
    i.PORT_SetBits                           0x08000ad8   Section        0  mdr32f9qx_port.o(i.PORT_SetBits)
    i.PORT_StructInit                        0x08000af4   Section        0  mdr32f9qx_port.o(i.PORT_StructInit)
    i.POWER_IRQHandler                       0x08000b10   Section        0  mdr32f9qx_it.o(i.POWER_IRQHandler)
    i.RST_CLK_CPU_PLLcmd                     0x08000b14   Section        0  mdr32f9qx_rst_clk.o(i.RST_CLK_CPU_PLLcmd)
    i.RST_CLK_CPU_PLLconfig                  0x08000b20   Section        0  mdr32f9qx_rst_clk.o(i.RST_CLK_CPU_PLLconfig)
    i.RST_CLK_CPU_PLLstatus                  0x08000b60   Section        0  mdr32f9qx_rst_clk.o(i.RST_CLK_CPU_PLLstatus)
    i.RST_CLK_CPU_PLLuse                     0x08000b94   Section        0  mdr32f9qx_rst_clk.o(i.RST_CLK_CPU_PLLuse)
    i.RST_CLK_CPUclkPrescaler                0x08000ba0   Section        0  mdr32f9qx_rst_clk.o(i.RST_CLK_CPUclkPrescaler)
    i.RST_CLK_CPUclkSelection                0x08000bb8   Section        0  mdr32f9qx_rst_clk.o(i.RST_CLK_CPUclkSelection)
    i.RST_CLK_GetClocksFreq                  0x08000bcc   Section        0  mdr32f9qx_rst_clk.o(i.RST_CLK_GetClocksFreq)
    i.RST_CLK_GetFlagStatus                  0x08000e40   Section        0  mdr32f9qx_rst_clk.o(i.RST_CLK_GetFlagStatus)
    i.RST_CLK_HSEconfig                      0x08000e74   Section        0  mdr32f9qx_rst_clk.o(i.RST_CLK_HSEconfig)
    i.RST_CLK_HSEstatus                      0x08000eb0   Section        0  mdr32f9qx_rst_clk.o(i.RST_CLK_HSEstatus)
    i.RST_CLK_PCLKcmd                        0x08000ee4   Section        0  mdr32f9qx_rst_clk.o(i.RST_CLK_PCLKcmd)
    i.SSP1_IRQHandler                        0x08000f04   Section        0  mdr32f9qx_it.o(i.SSP1_IRQHandler)
    i.SSP2_IRQHandler                        0x08000f06   Section        0  mdr32f9qx_it.o(i.SSP2_IRQHandler)
    i.SysTick_Handler                        0x08000f08   Section        0  port.o(i.SysTick_Handler)
    i.SystemCoreClockUpdate                  0x08000f3c   Section        0  system_mdr32f9qx.o(i.SystemCoreClockUpdate)
    i.SystemInit                             0x08000fcc   Section        0  system_mdr32f9qx.o(i.SystemInit)
    i.Timer1_IRQHandler                      0x0800100c   Section        0  mdr32f9qx_it.o(i.Timer1_IRQHandler)
    i.Timer2_IRQHandler                      0x0800100e   Section        0  mdr32f9qx_it.o(i.Timer2_IRQHandler)
    i.Timer3_IRQHandler                      0x08001010   Section        0  mdr32f9qx_it.o(i.Timer3_IRQHandler)
    i.UART1_IRQHandler                       0x08001012   Section        0  mdr32f9qx_it.o(i.UART1_IRQHandler)
    i.UART2_IRQHandler                       0x08001014   Section        0  main.o(i.UART2_IRQHandler)
    i.UART_BRGInit                           0x0800106c   Section        0  mdr32f9qx_uart.o(i.UART_BRGInit)
    i.UART_ClearITPendingBit                 0x080010a8   Section        0  mdr32f9qx_uart.o(i.UART_ClearITPendingBit)
    i.UART_Cmd                               0x080010b0   Section        0  mdr32f9qx_uart.o(i.UART_Cmd)
    i.UART_GetITStatusMasked                 0x080010c8   Section        0  mdr32f9qx_uart.o(i.UART_GetITStatusMasked)
    i.UART_ITConfig                          0x080010d8   Section        0  mdr32f9qx_uart.o(i.UART_ITConfig)
    i.UART_Init                              0x080010ec   Section        0  mdr32f9qx_uart.o(i.UART_Init)
    i.UART_ReceiveData                       0x0800119c   Section        0  mdr32f9qx_uart.o(i.UART_ReceiveData)
    i.USB_IRQHandler                         0x080011a4   Section        0  mdr32f9qx_it.o(i.USB_IRQHandler)
    i.U_BTN_Init                             0x080011a8   Section        0  button.o(i.U_BTN_Init)
    i.U_MENU_Output                          0x08001228   Section        0  main.o(i.U_MENU_Output)
    i.U_MLT_Clear_Chip                       0x08001260   Section        0  mlt_lcd.o(i.U_MLT_Clear_Chip)
    i.U_MLT_Clear_Page                       0x08001278   Section        0  mlt_lcd.o(i.U_MLT_Clear_Page)
    i.U_MLT_Delay                            0x080012b2   Section        0  mlt_lcd.o(i.U_MLT_Delay)
    i.U_MLT_Disp_On                          0x080012c4   Section        0  mlt_lcd.o(i.U_MLT_Disp_On)
    i.U_MLT_Init                             0x08001390   Section        0  mlt_lcd.o(i.U_MLT_Init)
    i.U_MLT_LCD_Init                         0x080013f8   Section        0  mlt_lcd.o(i.U_MLT_LCD_Init)
    i.U_MLT_Pin_Cfg                          0x0800143c   Section        0  mlt_lcd.o(i.U_MLT_Pin_Cfg)
    i.U_MLT_Put_Char                         0x080014c8   Section        0  mlt_lcd.o(i.U_MLT_Put_Char)
    i.U_MLT_Put_Image                        0x0800154c   Section        0  mlt_lcd.o(i.U_MLT_Put_Image)
    i.U_MLT_Put_String                       0x080015d8   Section        0  mlt_lcd.o(i.U_MLT_Put_String)
    i.U_MLT_Read_Status                      0x08001610   Section        0  mlt_lcd.o(i.U_MLT_Read_Status)
    i.U_MLT_Set_Address                      0x080016d8   Section        0  mlt_lcd.o(i.U_MLT_Set_Address)
    i.U_MLT_Set_Data_Bits                    0x080017a8   Section        0  mlt_lcd.o(i.U_MLT_Set_Data_Bits)
    i.U_MLT_Set_Page                         0x080017ec   Section        0  mlt_lcd.o(i.U_MLT_Set_Page)
    i.U_MLT_Write_Data                       0x080018bc   Section        0  mlt_lcd.o(i.U_MLT_Write_Data)
    i.UsageFault_Handler                     0x0800198c   Section        0  mdr32f9qx_it.o(i.UsageFault_Handler)
    i.WWDG_IRQHandler                        0x08001990   Section        0  mdr32f9qx_it.o(i.WWDG_IRQHandler)
    i.__0printf$bare                         0x08001994   Section        0  printfb.o(i.__0printf$bare)
    i.__free$realloc                         0x080019a4   Section        0  mallocr.o(i.__free$realloc)
    i.__malloc$realloc                       0x08001a00   Section        0  mallocr.o(i.__malloc$realloc)
    i.__scatterload_copy                     0x08001a50   Section       14  handlers.o(i.__scatterload_copy)
    i.__scatterload_null                     0x08001a5e   Section        2  handlers.o(i.__scatterload_null)
    i.__scatterload_zeroinit                 0x08001a60   Section       14  handlers.o(i.__scatterload_zeroinit)
    i._printf_core                           0x08001a6e   Section        0  printfb.o(i._printf_core)
    _printf_core                             0x08001a6f   Thumb Code    34  printfb.o(i._printf_core)
    i.fgetc                                  0x08001a90   Section        0  uart_io.o(i.fgetc)
    i.fputc                                  0x08001ab4   Section        0  uart_io.o(i.fputc)
    i.getDataFromUART                        0x08001ad4   Section        0  parsecommands.o(i.getDataFromUART)
    i.init                                   0x08001d38   Section        0  init.o(i.init)
    i.internal_alloc                         0x08001d40   Section        0  mallocr.o(i.internal_alloc)
    internal_alloc                           0x08001d41   Thumb Code    76  mallocr.o(i.internal_alloc)
    i.main                                   0x08001d90   Section        0  main.o(i.main)
    i.prvAddCurrentTaskToDelayedList         0x08001df0   Section        0  tasks.o(i.prvAddCurrentTaskToDelayedList)
    prvAddCurrentTaskToDelayedList           0x08001df1   Thumb Code   100  tasks.o(i.prvAddCurrentTaskToDelayedList)
    i.prvAddNewTaskToReadyList               0x08001e6c   Section        0  tasks.o(i.prvAddNewTaskToReadyList)
    prvAddNewTaskToReadyList                 0x08001e6d   Thumb Code   148  tasks.o(i.prvAddNewTaskToReadyList)
    i.prvCheckForValidListAndQueue           0x08001f1c   Section        0  timers.o(i.prvCheckForValidListAndQueue)
    prvCheckForValidListAndQueue             0x08001f1d   Thumb Code    72  timers.o(i.prvCheckForValidListAndQueue)
    i.prvCheckTasksWaitingTermination        0x08001f80   Section        0  tasks.o(i.prvCheckTasksWaitingTermination)
    prvCheckTasksWaitingTermination          0x08001f81   Thumb Code    86  tasks.o(i.prvCheckTasksWaitingTermination)
    i.prvCopyDataFromQueue                   0x08001fe4   Section        0  queue.o(i.prvCopyDataFromQueue)
    prvCopyDataFromQueue                     0x08001fe5   Thumb Code    42  queue.o(i.prvCopyDataFromQueue)
    i.prvCopyDataToQueue                     0x0800200e   Section        0  queue.o(i.prvCopyDataToQueue)
    prvCopyDataToQueue                       0x0800200f   Thumb Code   124  queue.o(i.prvCopyDataToQueue)
    i.prvDeleteTCB                           0x0800208a   Section        0  tasks.o(i.prvDeleteTCB)
    prvDeleteTCB                             0x0800208b   Thumb Code    18  tasks.o(i.prvDeleteTCB)
    i.prvGetNextExpireTime                   0x0800209c   Section        0  timers.o(i.prvGetNextExpireTime)
    prvGetNextExpireTime                     0x0800209d   Thumb Code    36  timers.o(i.prvGetNextExpireTime)
    i.prvHeapInit                            0x080020c4   Section        0  heap_2.o(i.prvHeapInit)
    prvHeapInit                              0x080020c5   Thumb Code    42  heap_2.o(i.prvHeapInit)
    i.prvIdleTask                            0x080020fc   Section        0  tasks.o(i.prvIdleTask)
    prvIdleTask                              0x080020fd   Thumb Code    36  tasks.o(i.prvIdleTask)
    i.prvInitialiseNewQueue                  0x08002128   Section        0  queue.o(i.prvInitialiseNewQueue)
    prvInitialiseNewQueue                    0x08002129   Thumb Code    38  queue.o(i.prvInitialiseNewQueue)
    i.prvInitialiseNewTask                   0x0800214e   Section        0  tasks.o(i.prvInitialiseNewTask)
    prvInitialiseNewTask                     0x0800214f   Thumb Code   154  tasks.o(i.prvInitialiseNewTask)
    i.prvInitialiseTaskLists                 0x080021e8   Section        0  tasks.o(i.prvInitialiseTaskLists)
    prvInitialiseTaskLists                   0x080021e9   Thumb Code    70  tasks.o(i.prvInitialiseTaskLists)
    i.prvInsertTimerInActiveList             0x08002250   Section        0  timers.o(i.prvInsertTimerInActiveList)
    prvInsertTimerInActiveList               0x08002251   Thumb Code    80  timers.o(i.prvInsertTimerInActiveList)
    i.prvIsQueueEmpty                        0x080022a8   Section        0  queue.o(i.prvIsQueueEmpty)
    prvIsQueueEmpty                          0x080022a9   Thumb Code    26  queue.o(i.prvIsQueueEmpty)
    i.prvIsQueueFull                         0x080022c2   Section        0  queue.o(i.prvIsQueueFull)
    prvIsQueueFull                           0x080022c3   Thumb Code    30  queue.o(i.prvIsQueueFull)
    i.prvProcessExpiredTimer                 0x080022e0   Section        0  timers.o(i.prvProcessExpiredTimer)
    prvProcessExpiredTimer                   0x080022e1   Thumb Code    70  timers.o(i.prvProcessExpiredTimer)
    i.prvProcessReceivedCommands             0x0800232c   Section        0  timers.o(i.prvProcessReceivedCommands)
    prvProcessReceivedCommands               0x0800232d   Thumb Code   184  timers.o(i.prvProcessReceivedCommands)
    i.prvProcessTimerOrBlockTask             0x080023e8   Section        0  timers.o(i.prvProcessTimerOrBlockTask)
    prvProcessTimerOrBlockTask               0x080023e9   Thumb Code   102  timers.o(i.prvProcessTimerOrBlockTask)
    i.prvResetNextTaskUnblockTime            0x0800245c   Section        0  tasks.o(i.prvResetNextTaskUnblockTime)
    prvResetNextTaskUnblockTime              0x0800245d   Thumb Code    42  tasks.o(i.prvResetNextTaskUnblockTime)
    i.prvSampleTimeNow                       0x08002490   Section        0  timers.o(i.prvSampleTimeNow)
    prvSampleTimeNow                         0x08002491   Thumb Code    40  timers.o(i.prvSampleTimeNow)
    i.prvSwitchTimerLists                    0x080024bc   Section        0  timers.o(i.prvSwitchTimerLists)
    prvSwitchTimerLists                      0x080024bd   Thumb Code   122  timers.o(i.prvSwitchTimerLists)
    i.prvTaskExitError                       0x08002540   Section        0  port.o(i.prvTaskExitError)
    prvTaskExitError                         0x08002541   Thumb Code    22  port.o(i.prvTaskExitError)
    i.prvTimerTask                           0x08002556   Section        0  timers.o(i.prvTimerTask)
    prvTimerTask                             0x08002557   Thumb Code    26  timers.o(i.prvTimerTask)
    i.prvUnlockQueue                         0x08002570   Section        0  queue.o(i.prvUnlockQueue)
    prvUnlockQueue                           0x08002571   Thumb Code   126  queue.o(i.prvUnlockQueue)
    i.pvPortMalloc                           0x080025f0   Section        0  heap_2.o(i.pvPortMalloc)
    i.pvTaskIncrementMutexHeldCount          0x080026a8   Section        0  tasks.o(i.pvTaskIncrementMutexHeldCount)
    i.pxPortInitialiseStack                  0x080026c8   Section        0  port.o(i.pxPortInitialiseStack)
    i.realloc                                0x080026ec   Section        0  mallocr.o(i.realloc)
    i.sys_clk_init                           0x08002758   Section        0  init.o(i.sys_clk_init)
    i.trex_charclass                         0x08002798   Section        0  trex.o(i.trex_charclass)
    trex_charclass                           0x08002799   Thumb Code    30  trex.o(i.trex_charclass)
    i.trex_charnode                          0x080027b6   Section        0  trex.o(i.trex_charnode)
    trex_charnode                            0x080027b7   Thumb Code   360  trex.o(i.trex_charnode)
    i.trex_class                             0x0800291e   Section        0  trex.o(i.trex_class)
    trex_class                               0x0800291f   Thumb Code   308  trex.o(i.trex_class)
    i.trex_compile                           0x08002a52   Section        0  trex.o(i.trex_compile)
    i.trex_element                           0x08002ac8   Section        0  trex.o(i.trex_element)
    trex_element                             0x08002ac9   Thumb Code   504  trex.o(i.trex_element)
    i.trex_escapechar                        0x08002cc0   Section        0  trex.o(i.trex_escapechar)
    trex_escapechar                          0x08002cc1   Thumb Code   140  trex.o(i.trex_escapechar)
    i.trex_expect                            0x08002d4c   Section        0  trex.o(i.trex_expect)
    trex_expect                              0x08002d4d   Thumb Code    22  trex.o(i.trex_expect)
    i.trex_free                              0x08002d62   Section        0  trex.o(i.trex_free)
    i.trex_getsubexp                         0x08002d84   Section        0  trex.o(i.trex_getsubexp)
    i.trex_getsubexpcount                    0x08002da6   Section        0  trex.o(i.trex_getsubexpcount)
    i.trex_list                              0x08002dac   Section        0  trex.o(i.trex_list)
    trex_list                                0x08002dad   Thumb Code   122  trex.o(i.trex_list)
    i.trex_match                             0x08002e26   Section        0  trex.o(i.trex_match)
    i.trex_matchcclass                       0x08002e5c   Section        0  trex.o(i.trex_matchcclass)
    trex_matchcclass                         0x08002e5d   Thumb Code   394  trex.o(i.trex_matchcclass)
    i.trex_matchclass                        0x08002fe6   Section        0  trex.o(i.trex_matchclass)
    trex_matchclass                          0x08002fe7   Thumb Code    94  trex.o(i.trex_matchclass)
    i.trex_matchnode                         0x08003044   Section        0  trex.o(i.trex_matchnode)
    trex_matchnode                           0x08003045   Thumb Code   906  trex.o(i.trex_matchnode)
    i.trex_newnode                           0x080033ce   Section        0  trex.o(i.trex_newnode)
    trex_newnode                             0x080033cf   Thumb Code    94  trex.o(i.trex_newnode)
    i.trex_parsenumber                       0x0800342c   Section        0  trex.o(i.trex_parsenumber)
    trex_parsenumber                         0x0800342d   Thumb Code    78  trex.o(i.trex_parsenumber)
    i.uart_io_init                           0x08003480   Section        0  uart_io.o(i.uart_io_init)
    i.uxListRemove                           0x08003558   Section        0  list.o(i.uxListRemove)
    i.vApplicationIdleHook                   0x08003580   Section        0  main.o(i.vApplicationIdleHook)
    i.vListInitialise                        0x08003582   Section        0  list.o(i.vListInitialise)
    i.vListInitialiseItem                    0x0800359c   Section        0  list.o(i.vListInitialiseItem)
    i.vListInsert                            0x080035a2   Section        0  list.o(i.vListInsert)
    i.vListInsertEnd                         0x080035d6   Section        0  list.o(i.vListInsertEnd)
    i.vPortEnterCritical                     0x080035f0   Section        0  port.o(i.vPortEnterCritical)
    i.vPortExitCritical                      0x08003614   Section        0  port.o(i.vPortExitCritical)
    i.vPortFree                              0x08003634   Section        0  heap_2.o(i.vPortFree)
    i.vPortSetupTimerInterrupt               0x08003674   Section        0  port.o(i.vPortSetupTimerInterrupt)
    i.vQueueAddToRegistry                    0x08003688   Section        0  queue.o(i.vQueueAddToRegistry)
    i.vQueueWaitForMessageRestricted         0x080036b4   Section        0  queue.o(i.vQueueWaitForMessageRestricted)
    i.vTaskMissedYield                       0x08003700   Section        0  tasks.o(i.vTaskMissedYield)
    i.vTaskPlaceOnEventList                  0x0800370c   Section        0  tasks.o(i.vTaskPlaceOnEventList)
    i.vTaskPlaceOnEventListRestricted        0x0800372c   Section        0  tasks.o(i.vTaskPlaceOnEventListRestricted)
    i.vTaskPriorityInherit                   0x08003754   Section        0  tasks.o(i.vTaskPriorityInherit)
    i.vTaskSetTimeOutState                   0x080037e0   Section        0  tasks.o(i.vTaskSetTimeOutState)
    i.vTaskStartScheduler                    0x080037f8   Section        0  tasks.o(i.vTaskStartScheduler)
    i.vTaskSuspendAll                        0x08003868   Section        0  tasks.o(i.vTaskSuspendAll)
    i.vTaskSwitchContext                     0x08003878   Section        0  tasks.o(i.vTaskSwitchContext)
    i.xPortStartScheduler                    0x080038f0   Section        0  port.o(i.xPortStartScheduler)
    i.xQueueGenericCreate                    0x08003924   Section        0  queue.o(i.xQueueGenericCreate)
    i.xQueueGenericReceive                   0x0800395c   Section        0  queue.o(i.xQueueGenericReceive)
    i.xQueueGenericReset                     0x08003ab8   Section        0  queue.o(i.xQueueGenericReset)
    i.xQueueGenericSend                      0x08003b38   Section        0  queue.o(i.xQueueGenericSend)
    i.xQueueGenericSendFromISR               0x08003c50   Section        0  queue.o(i.xQueueGenericSendFromISR)
    i.xTaskCheckForTimeOut                   0x08003cd8   Section        0  tasks.o(i.xTaskCheckForTimeOut)
    i.xTaskCreate                            0x08003d34   Section        0  tasks.o(i.xTaskCreate)
    i.xTaskGetSchedulerState                 0x08003d94   Section        0  tasks.o(i.xTaskGetSchedulerState)
    i.xTaskGetTickCount                      0x08003db4   Section        0  tasks.o(i.xTaskGetTickCount)
    i.xTaskIncrementTick                     0x08003dc0   Section        0  tasks.o(i.xTaskIncrementTick)
    i.xTaskPriorityDisinherit                0x08003ec4   Section        0  tasks.o(i.xTaskPriorityDisinherit)
    i.xTaskRemoveFromEventList               0x08003f24   Section        0  tasks.o(i.xTaskRemoveFromEventList)
    i.xTaskResumeAll                         0x08003fa4   Section        0  tasks.o(i.xTaskResumeAll)
    i.xTimerCreateTimerTask                  0x0800408c   Section        0  timers.o(i.xTimerCreateTimerTask)
    i.xTimerGenericCommand                   0x080040c8   Section        0  timers.o(i.xTimerGenericCommand)
    .constdata                               0x08004134   Section     1824  mlt_lcd.o(.constdata)
    MLT_Font                                 0x08004134   Data        1792  mlt_lcd.o(.constdata)
    init_image                               0x08004834   Data          32  mlt_lcd.o(.constdata)
    .constdata                               0x08004854   Section      129  ctype_o.o(.constdata)
    .constdata                               0x080048d8   Section        4  ctype_o.o(.constdata)
    table                                    0x080048d8   Data           4  ctype_o.o(.constdata)
    .conststring                             0x080048dc   Section      105  parsecommands.o(.conststring)
    .conststring                             0x08004948   Section       16  mlt_lcd.o(.conststring)
    .data                                    0x20000000   Section       16  main.o(.data)
    ReceiveByte                              0x20000009   Data           1  main.o(.data)
    xHigherPriorityTaskWoken                 0x2000000c   Data           4  main.o(.data)
    .data                                    0x20000010   Section       20  parsecommands.o(.data)
    .data                                    0x20000024   Section       24  heap_2.o(.data)
    xStart                                   0x20000024   Data           8  heap_2.o(.data)
    xEnd                                     0x2000002c   Data           8  heap_2.o(.data)
    xFreeBytesRemaining                      0x20000034   Data           4  heap_2.o(.data)
    xHeapHasBeenInitialised                  0x20000038   Data           4  heap_2.o(.data)
    .data                                    0x2000003c   Section        4  port.o(.data)
    uxCriticalNesting                        0x2000003c   Data           4  port.o(.data)
    .data                                    0x20000040   Section       60  tasks.o(.data)
    pxDelayedTaskList                        0x20000044   Data           4  tasks.o(.data)
    pxOverflowDelayedTaskList                0x20000048   Data           4  tasks.o(.data)
    uxDeletedTasksWaitingCleanUp             0x2000004c   Data           4  tasks.o(.data)
    uxCurrentNumberOfTasks                   0x20000050   Data           4  tasks.o(.data)
    xTickCount                               0x20000054   Data           4  tasks.o(.data)
    uxTopReadyPriority                       0x20000058   Data           4  tasks.o(.data)
    xSchedulerRunning                        0x2000005c   Data           4  tasks.o(.data)
    uxPendedTicks                            0x20000060   Data           4  tasks.o(.data)
    xYieldPending                            0x20000064   Data           4  tasks.o(.data)
    xNumOfOverflows                          0x20000068   Data           4  tasks.o(.data)
    uxTaskNumber                             0x2000006c   Data           4  tasks.o(.data)
    xNextTaskUnblockTime                     0x20000070   Data           4  tasks.o(.data)
    xIdleTaskHandle                          0x20000074   Data           4  tasks.o(.data)
    uxSchedulerSuspended                     0x20000078   Data           4  tasks.o(.data)
    .data                                    0x2000007c   Section       20  timers.o(.data)
    pxCurrentTimerList                       0x2000007c   Data           4  timers.o(.data)
    pxOverflowTimerList                      0x20000080   Data           4  timers.o(.data)
    xTimerQueue                              0x20000084   Data           4  timers.o(.data)
    xTimerTaskHandle                         0x20000088   Data           4  timers.o(.data)
    xLastTime                                0x2000008c   Data           4  timers.o(.data)
    .data                                    0x20000090   Section        4  mlt_lcd.o(.data)
    init_string                              0x20000090   Data           4  mlt_lcd.o(.data)
    .data                                    0x20000094   Section        4  system_mdr32f9qx.o(.data)
    .data                                    0x20000098   Section        4  stdin.o(.data)
    .data                                    0x2000009c   Section        4  stdout.o(.data)
    .data                                    0x200000a0   Section        4  mvars.o(.data)
    .data                                    0x200000a4   Section        4  mvars.o(.data)
    .data                                    0x200000a8   Section        3  fgetc_b.o(.data)
    ungetc_sp                                0x200000a8   Data           1  fgetc_b.o(.data)
    ungetc_stack                             0x200000a9   Data           2  fgetc_b.o(.data)
    .bss                                     0x200000ac   Section    20480  heap_2.o(.bss)
    ucHeap                                   0x200000ac   Data       20480  heap_2.o(.bss)
    .bss                                     0x200050ac   Section       80  queue.o(.bss)
    .bss                                     0x200050fc   Section      200  tasks.o(.bss)
    pxReadyTasksLists                        0x200050fc   Data         100  tasks.o(.bss)
    xDelayedTaskList1                        0x20005160   Data          20  tasks.o(.bss)
    xDelayedTaskList2                        0x20005174   Data          20  tasks.o(.bss)
    xPendingReadyList                        0x20005188   Data          20  tasks.o(.bss)
    xTasksWaitingTermination                 0x2000519c   Data          20  tasks.o(.bss)
    xSuspendedTaskList                       0x200051b0   Data          20  tasks.o(.bss)
    .bss                                     0x200051c4   Section       40  timers.o(.bss)
    xActiveTimerList1                        0x200051c4   Data          20  timers.o(.bss)
    xActiveTimerList2                        0x200051d8   Data          20  timers.o(.bss)
    HEAP                                     0x200051f0   Section      512  startup_mdr32f9qx.o(HEAP)
    STACK                                    0x200053f0   Section     1024  startup_mdr32f9qx.o(STACK)

    Global Symbols

    Symbol Name                              Value     Ov Type        Size  Object(Section)

    BuildAttributes$$THM_ISAv4$P$D$K$B$S$PE$A:L22UL41UL21$X:L11$S22US41US21$IEEE1$IW$USESV6$~STKCKD$USESV7$~SHL$OSPACE$ROPI$EBA8$MICROLIB$REQ8$PRES8$EABIv2 0x00000000   Number         0  anon$$obj.o ABSOLUTE
    __ARM_use_no_argv                        0x00000000   Number         0  main.o ABSOLUTE
    __cpp_initialize__aeabi_                  - Undefined Weak Reference
    __cxa_finalize                            - Undefined Weak Reference
    __decompress                              - Undefined Weak Reference
    _clock_init                               - Undefined Weak Reference
    _microlib_exit                            - Undefined Weak Reference
    _scanf_longlong                           - Undefined Weak Reference
    _scanf_real                               - Undefined Weak Reference
    __Vectors_Size                           0x000000c0   Number         0  startup_mdr32f9qx.o ABSOLUTE
    __Vectors                                0x08000000   Data           4  startup_mdr32f9qx.o(RESET)
    __Vectors_End                            0x080000c0   Data           0  startup_mdr32f9qx.o(RESET)
    __main                                   0x080000c1   Thumb Code     0  entry.o(.ARM.Collect$$$$00000000)
    _main_stk                                0x080000c1   Thumb Code     0  entry2.o(.ARM.Collect$$$$00000001)
    _main_scatterload                        0x080000c5   Thumb Code     0  entry5.o(.ARM.Collect$$$$00000004)
    __main_after_scatterload                 0x080000c9   Thumb Code     0  entry5.o(.ARM.Collect$$$$00000004)
    _main_clock                              0x080000c9   Thumb Code     0  entry7b.o(.ARM.Collect$$$$00000008)
    _main_cpp_init                           0x080000c9   Thumb Code     0  entry8b.o(.ARM.Collect$$$$0000000A)
    _main_init                               0x080000c9   Thumb Code     0  entry9a.o(.ARM.Collect$$$$0000000B)
    __rt_final_cpp                           0x080000d1   Thumb Code     0  entry10a.o(.ARM.Collect$$$$0000000D)
    __rt_final_exit                          0x080000d1   Thumb Code     0  entry11a.o(.ARM.Collect$$$$0000000F)
    SVC_Handler                              0x080000d5   Thumb Code    32  port.o(.emb_text)
    __asm___6_port_c_39a90d8d__prvStartFirstTask 0x080000f9   Thumb Code    28  port.o(.emb_text)
    PendSV_Handler                           0x08000119   Thumb Code    72  port.o(.emb_text)
    vPortGetIPSR                             0x08000165   Thumb Code     6  port.o(.emb_text)
    Reset_Handler                            0x0800016d   Thumb Code     8  startup_mdr32f9qx.o(.text)
    DMA_IRQHandler                           0x08000187   Thumb Code     0  startup_mdr32f9qx.o(.text)
    __rt_ctype_table                         0x08000191   Thumb Code     4  ctype_o.o(.text)
    isspace                                  0x08000199   Thumb Code    18  isspace_o.o(.text)
    __aeabi_memcpy                           0x080001ab   Thumb Code    36  memcpya.o(.text)
    __aeabi_memcpy4                          0x080001ab   Thumb Code     0  memcpya.o(.text)
    __aeabi_memcpy8                          0x080001ab   Thumb Code     0  memcpya.o(.text)
    __aeabi_memset                           0x080001cf   Thumb Code    14  memseta.o(.text)
    __aeabi_memset4                          0x080001cf   Thumb Code     0  memseta.o(.text)
    __aeabi_memset8                          0x080001cf   Thumb Code     0  memseta.o(.text)
    __aeabi_memclr                           0x080001dd   Thumb Code     4  memseta.o(.text)
    __aeabi_memclr4                          0x080001dd   Thumb Code     0  memseta.o(.text)
    __aeabi_memclr8                          0x080001dd   Thumb Code     0  memseta.o(.text)
    _memset$wrapper                          0x080001e1   Thumb Code    18  memseta.o(.text)
    strncpy                                  0x080001f3   Thumb Code    24  strncpy.o(.text)
    strlen                                   0x0800020b   Thumb Code    14  strlen.o(.text)
    strncmp                                  0x08000219   Thumb Code    30  strncmp.o(.text)
    __0scanf                                 0x08000239   Thumb Code    26  __0scanf.o(.text)
    __0sscanf                                0x08000259   Thumb Code    48  __0sscanf.o(.text)
    _scanf_int                               0x08000291   Thumb Code   332  _scanf_int.o(.text)
    _scanf_string                            0x080003dd   Thumb Code   224  _scanf_str.o(.text)
    _chval                                   0x080004bd   Thumb Code    28  _chval.o(.text)
    __vfscanf_char                           0x080004e5   Thumb Code    20  scanf_char.o(.text)
    _sgetc                                   0x08000501   Thumb Code    30  _sgetc.o(.text)
    _sbackspace                              0x0800051f   Thumb Code    34  _sgetc.o(.text)
    __vfscanf_char_file                      0x08000541   Thumb Code    12  scanf_char_file.o(.text)
    __scatterload                            0x08000555   Thumb Code    28  init.o(.text)
    __scatterload_rt2                        0x08000555   Thumb Code     0  init.o(.text)
    _fgetc$bs                                0x08000579   Thumb Code    28  fgetc_b.o(.text)
    __backspace                              0x08000595   Thumb Code    10  fgetc_b.o(.text)
    __vfscanf                                0x080005a5   Thumb Code   808  _scanf.o(.text)
    ADC_IRQHandler                           0x080008d1   Thumb Code     2  mdr32f9qx_it.o(i.ADC_IRQHandler)
    __I$use$semihosting$fgetc                0x080008d1   Thumb Code     0  iusesemig.o(.text)
    __semihosting_library_function           0x080008d1   Thumb Code     0  semi.o(.text)
    BACKUP_IRQHandler                        0x080008d3   Thumb Code     2  mdr32f9qx_it.o(i.BACKUP_IRQHandler)
    BusFault_Handler                         0x080008d5   Thumb Code     4  mdr32f9qx_it.o(i.BusFault_Handler)
    CAN1_IRQHandler                          0x080008d9   Thumb Code     2  mdr32f9qx_it.o(i.CAN1_IRQHandler)
    CAN2_IRQHandler                          0x080008db   Thumb Code     2  mdr32f9qx_it.o(i.CAN2_IRQHandler)
    COMPARATOR_IRQHandler                    0x080008dd   Thumb Code     2  mdr32f9qx_it.o(i.COMPARATOR_IRQHandler)
    DebugMon_Handler                         0x080008df   Thumb Code     2  mdr32f9qx_it.o(i.DebugMon_Handler)
    EXT_INT1_IRQHandler                      0x080008e1   Thumb Code     2  mdr32f9qx_it.o(i.EXT_INT1_IRQHandler)
    EXT_INT2_IRQHandler                      0x080008e3   Thumb Code     2  mdr32f9qx_it.o(i.EXT_INT2_IRQHandler)
    EXT_INT3_IRQHandler                      0x080008e5   Thumb Code     2  mdr32f9qx_it.o(i.EXT_INT3_IRQHandler)
    EXT_INT4_IRQHandler                      0x080008e7   Thumb Code     2  mdr32f9qx_it.o(i.EXT_INT4_IRQHandler)
    HardFault_Handler                        0x080008e9   Thumb Code     4  mdr32f9qx_it.o(i.HardFault_Handler)
    I2C_IRQHandler                           0x080008ed   Thumb Code     2  mdr32f9qx_it.o(i.I2C_IRQHandler)
    MemManage_Handler                        0x080008ef   Thumb Code     4  mdr32f9qx_it.o(i.MemManage_Handler)
    NMI_Handler                              0x080008f3   Thumb Code     2  mdr32f9qx_it.o(i.NMI_Handler)
    PORT_Init                                0x080008f5   Thumb Code   450  mdr32f9qx_port.o(i.PORT_Init)
    PORT_ResetBits                           0x08000abd   Thumb Code    22  mdr32f9qx_port.o(i.PORT_ResetBits)
    PORT_SetBits                             0x08000ad9   Thumb Code    22  mdr32f9qx_port.o(i.PORT_SetBits)
    PORT_StructInit                          0x08000af5   Thumb Code    28  mdr32f9qx_port.o(i.PORT_StructInit)
    POWER_IRQHandler                         0x08000b11   Thumb Code     2  mdr32f9qx_it.o(i.POWER_IRQHandler)
    RST_CLK_CPU_PLLcmd                       0x08000b15   Thumb Code     6  mdr32f9qx_rst_clk.o(i.RST_CLK_CPU_PLLcmd)
    RST_CLK_CPU_PLLconfig                    0x08000b21   Thumb Code    54  mdr32f9qx_rst_clk.o(i.RST_CLK_CPU_PLLconfig)
    RST_CLK_CPU_PLLstatus                    0x08000b61   Thumb Code    52  mdr32f9qx_rst_clk.o(i.RST_CLK_CPU_PLLstatus)
    RST_CLK_CPU_PLLuse                       0x08000b95   Thumb Code     6  mdr32f9qx_rst_clk.o(i.RST_CLK_CPU_PLLuse)
    RST_CLK_CPUclkPrescaler                  0x08000ba1   Thumb Code    18  mdr32f9qx_rst_clk.o(i.RST_CLK_CPUclkPrescaler)
    RST_CLK_CPUclkSelection                  0x08000bb9   Thumb Code    16  mdr32f9qx_rst_clk.o(i.RST_CLK_CPUclkSelection)
    RST_CLK_GetClocksFreq                    0x08000bcd   Thumb Code   620  mdr32f9qx_rst_clk.o(i.RST_CLK_GetClocksFreq)
    RST_CLK_GetFlagStatus                    0x08000e41   Thumb Code    42  mdr32f9qx_rst_clk.o(i.RST_CLK_GetFlagStatus)
    RST_CLK_HSEconfig                        0x08000e75   Thumb Code    56  mdr32f9qx_rst_clk.o(i.RST_CLK_HSEconfig)
    RST_CLK_HSEstatus                        0x08000eb1   Thumb Code    52  mdr32f9qx_rst_clk.o(i.RST_CLK_HSEstatus)
    RST_CLK_PCLKcmd                          0x08000ee5   Thumb Code    26  mdr32f9qx_rst_clk.o(i.RST_CLK_PCLKcmd)
    SSP1_IRQHandler                          0x08000f05   Thumb Code     2  mdr32f9qx_it.o(i.SSP1_IRQHandler)
    SSP2_IRQHandler                          0x08000f07   Thumb Code     2  mdr32f9qx_it.o(i.SSP2_IRQHandler)
    SysTick_Handler                          0x08000f09   Thumb Code    46  port.o(i.SysTick_Handler)
    SystemCoreClockUpdate                    0x08000f3d   Thumb Code   130  system_mdr32f9qx.o(i.SystemCoreClockUpdate)
    SystemInit                               0x08000fcd   Thumb Code    54  system_mdr32f9qx.o(i.SystemInit)
    Timer1_IRQHandler                        0x0800100d   Thumb Code     2  mdr32f9qx_it.o(i.Timer1_IRQHandler)
    Timer2_IRQHandler                        0x0800100f   Thumb Code     2  mdr32f9qx_it.o(i.Timer2_IRQHandler)
    Timer3_IRQHandler                        0x08001011   Thumb Code     2  mdr32f9qx_it.o(i.Timer3_IRQHandler)
    UART1_IRQHandler                         0x08001013   Thumb Code     2  mdr32f9qx_it.o(i.UART1_IRQHandler)
    UART2_IRQHandler                         0x08001015   Thumb Code    68  main.o(i.UART2_IRQHandler)
    UART_BRGInit                             0x0800106d   Thumb Code    48  mdr32f9qx_uart.o(i.UART_BRGInit)
    UART_ClearITPendingBit                   0x080010a9   Thumb Code     8  mdr32f9qx_uart.o(i.UART_ClearITPendingBit)
    UART_Cmd                                 0x080010b1   Thumb Code    24  mdr32f9qx_uart.o(i.UART_Cmd)
    UART_GetITStatusMasked                   0x080010c9   Thumb Code    16  mdr32f9qx_uart.o(i.UART_GetITStatusMasked)
    UART_ITConfig                            0x080010d9   Thumb Code    18  mdr32f9qx_uart.o(i.UART_ITConfig)
    UART_Init                                0x080010ed   Thumb Code   162  mdr32f9qx_uart.o(i.UART_Init)
    UART_ReceiveData                         0x0800119d   Thumb Code     8  mdr32f9qx_uart.o(i.UART_ReceiveData)
    USB_IRQHandler                           0x080011a5   Thumb Code     2  mdr32f9qx_it.o(i.USB_IRQHandler)
    U_BTN_Init                               0x080011a9   Thumb Code   114  button.o(i.U_BTN_Init)
    U_MENU_Output                            0x08001229   Thumb Code    38  main.o(i.U_MENU_Output)
    U_MLT_Clear_Chip                         0x08001261   Thumb Code    24  mlt_lcd.o(i.U_MLT_Clear_Chip)
    U_MLT_Clear_Page                         0x08001279   Thumb Code    58  mlt_lcd.o(i.U_MLT_Clear_Page)
    U_MLT_Delay                              0x080012b3   Thumb Code    18  mlt_lcd.o(i.U_MLT_Delay)
    U_MLT_Disp_On                            0x080012c5   Thumb Code   188  mlt_lcd.o(i.U_MLT_Disp_On)
    U_MLT_Init                               0x08001391   Thumb Code    94  mlt_lcd.o(i.U_MLT_Init)
    U_MLT_LCD_Init                           0x080013f9   Thumb Code    64  mlt_lcd.o(i.U_MLT_LCD_Init)
    U_MLT_Pin_Cfg                            0x0800143d   Thumb Code   120  mlt_lcd.o(i.U_MLT_Pin_Cfg)
    U_MLT_Put_Char                           0x080014c9   Thumb Code   128  mlt_lcd.o(i.U_MLT_Put_Char)
    U_MLT_Put_Image                          0x0800154d   Thumb Code   140  mlt_lcd.o(i.U_MLT_Put_Image)
    U_MLT_Put_String                         0x080015d9   Thumb Code    54  mlt_lcd.o(i.U_MLT_Put_String)
    U_MLT_Read_Status                        0x08001611   Thumb Code   182  mlt_lcd.o(i.U_MLT_Read_Status)
    U_MLT_Set_Address                        0x080016d9   Thumb Code   192  mlt_lcd.o(i.U_MLT_Set_Address)
    U_MLT_Set_Data_Bits                      0x080017a9   Thumb Code    60  mlt_lcd.o(i.U_MLT_Set_Data_Bits)
    U_MLT_Set_Page                           0x080017ed   Thumb Code   192  mlt_lcd.o(i.U_MLT_Set_Page)
    U_MLT_Write_Data                         0x080018bd   Thumb Code   190  mlt_lcd.o(i.U_MLT_Write_Data)
    UsageFault_Handler                       0x0800198d   Thumb Code     4  mdr32f9qx_it.o(i.UsageFault_Handler)
    WWDG_IRQHandler                          0x08001991   Thumb Code     2  mdr32f9qx_it.o(i.WWDG_IRQHandler)
    __0printf$bare                           0x08001995   Thumb Code     8  printfb.o(i.__0printf$bare)
    __1printf$bare                           0x08001995   Thumb Code     0  printfb.o(i.__0printf$bare)
    __2printf                                0x08001995   Thumb Code     0  printfb.o(i.__0printf$bare)
    free                                     0x080019a5   Thumb Code    88  mallocr.o(i.__free$realloc)
    malloc                                   0x08001a01   Thumb Code    64  mallocr.o(i.__malloc$realloc)
    __scatterload_copy                       0x08001a51   Thumb Code    14  handlers.o(i.__scatterload_copy)
    __scatterload_null                       0x08001a5f   Thumb Code     2  handlers.o(i.__scatterload_null)
    __scatterload_zeroinit                   0x08001a61   Thumb Code    14  handlers.o(i.__scatterload_zeroinit)
    fgetc                                    0x08001a91   Thumb Code    32  uart_io.o(i.fgetc)
    fputc                                    0x08001ab5   Thumb Code    28  uart_io.o(i.fputc)
    getDataFromUART                          0x08001ad5   Thumb Code   570  parsecommands.o(i.getDataFromUART)
    init                                     0x08001d39   Thumb Code     8  init.o(i.init)
    main                                     0x08001d91   Thumb Code    74  main.o(i.main)
    pvPortMalloc                             0x080025f1   Thumb Code   166  heap_2.o(i.pvPortMalloc)
    pvTaskIncrementMutexHeldCount            0x080026a9   Thumb Code    26  tasks.o(i.pvTaskIncrementMutexHeldCount)
    pxPortInitialiseStack                    0x080026c9   Thumb Code    30  port.o(i.pxPortInitialiseStack)
    realloc                                  0x080026ed   Thumb Code   102  mallocr.o(i.realloc)
    sys_clk_init                             0x08002759   Thumb Code    64  init.o(i.sys_clk_init)
    trex_compile                             0x08002a53   Thumb Code   118  trex.o(i.trex_compile)
    trex_free                                0x08002d63   Thumb Code    34  trex.o(i.trex_free)
    trex_getsubexp                           0x08002d85   Thumb Code    34  trex.o(i.trex_getsubexp)
    trex_getsubexpcount                      0x08002da7   Thumb Code     6  trex.o(i.trex_getsubexpcount)
    trex_match                               0x08002e27   Thumb Code    54  trex.o(i.trex_match)
    uart_io_init                             0x08003481   Thumb Code   206  uart_io.o(i.uart_io_init)
    uxListRemove                             0x08003559   Thumb Code    40  list.o(i.uxListRemove)
    vApplicationIdleHook                     0x08003581   Thumb Code     2  main.o(i.vApplicationIdleHook)
    vListInitialise                          0x08003583   Thumb Code    26  list.o(i.vListInitialise)
    vListInitialiseItem                      0x0800359d   Thumb Code     6  list.o(i.vListInitialiseItem)
    vListInsert                              0x080035a3   Thumb Code    52  list.o(i.vListInsert)
    vListInsertEnd                           0x080035d7   Thumb Code    24  list.o(i.vListInsertEnd)
    vPortEnterCritical                       0x080035f1   Thumb Code    30  port.o(i.vPortEnterCritical)
    vPortExitCritical                        0x08003615   Thumb Code    28  port.o(i.vPortExitCritical)
    vPortFree                                0x08003635   Thumb Code    56  heap_2.o(i.vPortFree)
    vPortSetupTimerInterrupt                 0x08003675   Thumb Code    14  port.o(i.vPortSetupTimerInterrupt)
    vQueueAddToRegistry                      0x08003689   Thumb Code    38  queue.o(i.vQueueAddToRegistry)
    vQueueWaitForMessageRestricted           0x080036b5   Thumb Code    74  queue.o(i.vQueueWaitForMessageRestricted)
    vTaskMissedYield                         0x08003701   Thumb Code     8  tasks.o(i.vTaskMissedYield)
    vTaskPlaceOnEventList                    0x0800370d   Thumb Code    28  tasks.o(i.vTaskPlaceOnEventList)
    vTaskPlaceOnEventListRestricted          0x0800372d   Thumb Code    36  tasks.o(i.vTaskPlaceOnEventListRestricted)
    vTaskPriorityInherit                     0x08003755   Thumb Code   128  tasks.o(i.vTaskPriorityInherit)
    vTaskSetTimeOutState                     0x080037e1   Thumb Code    14  tasks.o(i.vTaskSetTimeOutState)
    vTaskStartScheduler                      0x080037f9   Thumb Code    82  tasks.o(i.vTaskStartScheduler)
    vTaskSuspendAll                          0x08003869   Thumb Code    12  tasks.o(i.vTaskSuspendAll)
    vTaskSwitchContext                       0x08003879   Thumb Code    98  tasks.o(i.vTaskSwitchContext)
    xPortStartScheduler                      0x080038f1   Thumb Code    42  port.o(i.xPortStartScheduler)
    xQueueGenericCreate                      0x08003925   Thumb Code    56  queue.o(i.xQueueGenericCreate)
    xQueueGenericReceive                     0x0800395d   Thumb Code   342  queue.o(i.xQueueGenericReceive)
    xQueueGenericReset                       0x08003ab9   Thumb Code   122  queue.o(i.xQueueGenericReset)
    xQueueGenericSend                        0x08003b39   Thumb Code   276  queue.o(i.xQueueGenericSend)
    xQueueGenericSendFromISR                 0x08003c51   Thumb Code   134  queue.o(i.xQueueGenericSendFromISR)
    xTaskCheckForTimeOut                     0x08003cd9   Thumb Code    84  tasks.o(i.xTaskCheckForTimeOut)
    xTaskCreate                              0x08003d35   Thumb Code    96  tasks.o(i.xTaskCreate)
    xTaskGetSchedulerState                   0x08003d95   Thumb Code    24  tasks.o(i.xTaskGetSchedulerState)
    xTaskGetTickCount                        0x08003db5   Thumb Code     6  tasks.o(i.xTaskGetTickCount)
    xTaskIncrementTick                       0x08003dc1   Thumb Code   214  tasks.o(i.xTaskIncrementTick)
    xTaskPriorityDisinherit                  0x08003ec5   Thumb Code    86  tasks.o(i.xTaskPriorityDisinherit)
    xTaskRemoveFromEventList                 0x08003f25   Thumb Code   102  tasks.o(i.xTaskRemoveFromEventList)
    xTaskResumeAll                           0x08003fa5   Thumb Code   194  tasks.o(i.xTaskResumeAll)
    xTimerCreateTimerTask                    0x0800408d   Thumb Code    40  timers.o(i.xTimerCreateTimerTask)
    xTimerGenericCommand                     0x080040c9   Thumb Code   102  timers.o(i.xTimerGenericCommand)
    __ctype_table                            0x08004854   Data         129  ctype_o.o(.constdata)
    Region$$Table$$Base                      0x08004958   Number         0  anon$$obj.o(Region$$Table)
    Region$$Table$$Limit                     0x08004978   Number         0  anon$$obj.o(Region$$Table)
    stdin_queue                              0x20000000   Data           4  main.o(.data)
    stdout_queue                             0x20000004   Data           4  main.o(.data)
    page_counter                             0x20000008   Data           1  main.o(.data)
    pattern_putc                             0x20000010   Data           4  parsecommands.o(.data)
    pattern_putstr                           0x20000014   Data           4  parsecommands.o(.data)
    pattern_scrollstr                        0x20000018   Data           4  parsecommands.o(.data)
    cmd_is_not_found                         0x2000001c   Data           1  parsecommands.o(.data)
    regex                                    0x20000020   Data           4  parsecommands.o(.data)
    pxCurrentTCB                             0x20000040   Data           4  tasks.o(.data)
    SystemCoreClock                          0x20000094   Data           4  system_mdr32f9qx.o(.data)
    __stdin                                  0x20000098   Data           4  stdin.o(.data)
    __stdout                                 0x2000009c   Data           4  stdout.o(.data)
    __microlib_freelist                      0x200000a0   Data           4  mvars.o(.data)
    __microlib_freelist_initialised          0x200000a4   Data           4  mvars.o(.data)
    xQueueRegistry                           0x200050ac   Data          80  queue.o(.bss)
    __heap_base                              0x200051f0   Data           0  startup_mdr32f9qx.o(HEAP)
    __heap_limit                             0x200053f0   Data           0  startup_mdr32f9qx.o(HEAP)
    __initial_sp                             0x200057f0   Data           0  startup_mdr32f9qx.o(STACK)



==============================================================================

Memory Map of the image

  Image Entry point : 0x080000c1

  Load Region LR_IROM1 (Base: 0x08000000, Size: 0x00004a24, Max: 0x00020000, ABSOLUTE)

    Execution Region ER_IROM1 (Exec base: 0x08000000, Load base: 0x08000000, Size: 0x00004978, Max: 0x00020000, ABSOLUTE)

    Exec Addr    Load Addr    Size         Type   Attr      Idx    E Section Name        Object

    0x08000000   0x08000000   0x000000c0   Data   RO         1594    RESET               startup_mdr32f9qx.o
    0x080000c0   0x080000c0   0x00000000   Code   RO         3776  * .ARM.Collect$$$$00000000  mc_w.l(entry.o)
    0x080000c0   0x080000c0   0x00000004   Code   RO         4115    .ARM.Collect$$$$00000001  mc_w.l(entry2.o)
    0x080000c4   0x080000c4   0x00000004   Code   RO         4118    .ARM.Collect$$$$00000004  mc_w.l(entry5.o)
    0x080000c8   0x080000c8   0x00000000   Code   RO         4120    .ARM.Collect$$$$00000008  mc_w.l(entry7b.o)
    0x080000c8   0x080000c8   0x00000000   Code   RO         4122    .ARM.Collect$$$$0000000A  mc_w.l(entry8b.o)
    0x080000c8   0x080000c8   0x00000008   Code   RO         4123    .ARM.Collect$$$$0000000B  mc_w.l(entry9a.o)
    0x080000d0   0x080000d0   0x00000000   Code   RO         4125    .ARM.Collect$$$$0000000D  mc_w.l(entry10a.o)
    0x080000d0   0x080000d0   0x00000000   Code   RO         4127    .ARM.Collect$$$$0000000F  mc_w.l(entry11a.o)
    0x080000d0   0x080000d0   0x00000004   Code   RO         4116    .ARM.Collect$$$$00002712  mc_w.l(entry2.o)
    0x080000d4   0x080000d4   0x00000096   Code   RO          632    .emb_text           port.o
    0x0800016a   0x0800016a   0x00000002   PAD
    0x0800016c   0x0800016c   0x00000024   Code   RO         1595    .text               startup_mdr32f9qx.o
    0x08000190   0x08000190   0x00000008   Code   RO         3779    .text               mc_w.l(ctype_o.o)
    0x08000198   0x08000198   0x00000012   Code   RO         3801    .text               mc_w.l(isspace_o.o)
    0x080001aa   0x080001aa   0x00000024   Code   RO         3807    .text               mc_w.l(memcpya.o)
    0x080001ce   0x080001ce   0x00000024   Code   RO         3809    .text               mc_w.l(memseta.o)
    0x080001f2   0x080001f2   0x00000018   Code   RO         3811    .text               mc_w.l(strncpy.o)
    0x0800020a   0x0800020a   0x0000000e   Code   RO         3813    .text               mc_w.l(strlen.o)
    0x08000218   0x08000218   0x0000001e   Code   RO         3815    .text               mc_w.l(strncmp.o)
    0x08000236   0x08000236   0x00000002   PAD
    0x08000238   0x08000238   0x00000020   Code   RO         4107    .text               mc_w.l(__0scanf.o)
    0x08000258   0x08000258   0x00000038   Code   RO         4109    .text               mc_w.l(__0sscanf.o)
    0x08000290   0x08000290   0x0000014c   Code   RO         4111    .text               mc_w.l(_scanf_int.o)
    0x080003dc   0x080003dc   0x000000e0   Code   RO         4113    .text               mc_w.l(_scanf_str.o)
    0x080004bc   0x080004bc   0x0000001c   Code   RO         4137    .text               mc_w.l(_chval.o)
    0x080004d8   0x080004d8   0x00000028   Code   RO         4139    .text               mc_w.l(scanf_char.o)
    0x08000500   0x08000500   0x00000040   Code   RO         4141    .text               mc_w.l(_sgetc.o)
    0x08000540   0x08000540   0x00000014   Code   RO         4143    .text               mc_w.l(scanf_char_file.o)
    0x08000554   0x08000554   0x00000024   Code   RO         4156    .text               mc_w.l(init.o)
    0x08000578   0x08000578   0x0000002c   Code   RO         4158    .text               mc_w.l(fgetc_b.o)
    0x080005a4   0x080005a4   0x0000032c   Code   RO         4169    .text               mc_w.l(_scanf.o)
    0x080008d0   0x080008d0   0x00000000   Code   RO         4173    .text               mc_w.l(semi.o)
    0x080008d0   0x080008d0   0x00000000   Code   RO         4177    .text               mc_w.l(iusesemig.o)
    0x080008d0   0x080008d0   0x00000002   Code   RO          158    i.ADC_IRQHandler    mdr32f9qx_it.o
    0x080008d2   0x080008d2   0x00000002   Code   RO          159    i.BACKUP_IRQHandler  mdr32f9qx_it.o
    0x080008d4   0x080008d4   0x00000004   Code   RO          160    i.BusFault_Handler  mdr32f9qx_it.o
    0x080008d8   0x080008d8   0x00000002   Code   RO          161    i.CAN1_IRQHandler   mdr32f9qx_it.o
    0x080008da   0x080008da   0x00000002   Code   RO          162    i.CAN2_IRQHandler   mdr32f9qx_it.o
    0x080008dc   0x080008dc   0x00000002   Code   RO          163    i.COMPARATOR_IRQHandler  mdr32f9qx_it.o
    0x080008de   0x080008de   0x00000002   Code   RO          164    i.DebugMon_Handler  mdr32f9qx_it.o
    0x080008e0   0x080008e0   0x00000002   Code   RO          165    i.EXT_INT1_IRQHandler  mdr32f9qx_it.o
    0x080008e2   0x080008e2   0x00000002   Code   RO          166    i.EXT_INT2_IRQHandler  mdr32f9qx_it.o
    0x080008e4   0x080008e4   0x00000002   Code   RO          167    i.EXT_INT3_IRQHandler  mdr32f9qx_it.o
    0x080008e6   0x080008e6   0x00000002   Code   RO          168    i.EXT_INT4_IRQHandler  mdr32f9qx_it.o
    0x080008e8   0x080008e8   0x00000004   Code   RO          169    i.HardFault_Handler  mdr32f9qx_it.o
    0x080008ec   0x080008ec   0x00000002   Code   RO          170    i.I2C_IRQHandler    mdr32f9qx_it.o
    0x080008ee   0x080008ee   0x00000004   Code   RO          171    i.MemManage_Handler  mdr32f9qx_it.o
    0x080008f2   0x080008f2   0x00000002   Code   RO          172    i.NMI_Handler       mdr32f9qx_it.o
    0x080008f4   0x080008f4   0x000001c8   Code   RO         2799    i.PORT_Init         mdr32f9qx_port.o
    0x08000abc   0x08000abc   0x0000001c   Code   RO         2802    i.PORT_ResetBits    mdr32f9qx_port.o
    0x08000ad8   0x08000ad8   0x0000001c   Code   RO         2803    i.PORT_SetBits      mdr32f9qx_port.o
    0x08000af4   0x08000af4   0x0000001c   Code   RO         2804    i.PORT_StructInit   mdr32f9qx_port.o
    0x08000b10   0x08000b10   0x00000002   Code   RO          173    i.POWER_IRQHandler  mdr32f9qx_it.o
    0x08000b12   0x08000b12   0x00000002   PAD
    0x08000b14   0x08000b14   0x0000000c   Code   RO         2984    i.RST_CLK_CPU_PLLcmd  mdr32f9qx_rst_clk.o
    0x08000b20   0x08000b20   0x00000040   Code   RO         2985    i.RST_CLK_CPU_PLLconfig  mdr32f9qx_rst_clk.o
    0x08000b60   0x08000b60   0x00000034   Code   RO         2986    i.RST_CLK_CPU_PLLstatus  mdr32f9qx_rst_clk.o
    0x08000b94   0x08000b94   0x0000000c   Code   RO         2987    i.RST_CLK_CPU_PLLuse  mdr32f9qx_rst_clk.o
    0x08000ba0   0x08000ba0   0x00000018   Code   RO         2988    i.RST_CLK_CPUclkPrescaler  mdr32f9qx_rst_clk.o
    0x08000bb8   0x08000bb8   0x00000014   Code   RO         2989    i.RST_CLK_CPUclkSelection  mdr32f9qx_rst_clk.o
    0x08000bcc   0x08000bcc   0x00000274   Code   RO         2991    i.RST_CLK_GetClocksFreq  mdr32f9qx_rst_clk.o
    0x08000e40   0x08000e40   0x00000034   Code   RO         2992    i.RST_CLK_GetFlagStatus  mdr32f9qx_rst_clk.o
    0x08000e74   0x08000e74   0x0000003c   Code   RO         2994    i.RST_CLK_HSEconfig  mdr32f9qx_rst_clk.o
    0x08000eb0   0x08000eb0   0x00000034   Code   RO         2995    i.RST_CLK_HSEstatus  mdr32f9qx_rst_clk.o
    0x08000ee4   0x08000ee4   0x00000020   Code   RO         3005    i.RST_CLK_PCLKcmd   mdr32f9qx_rst_clk.o
    0x08000f04   0x08000f04   0x00000002   Code   RO          174    i.SSP1_IRQHandler   mdr32f9qx_it.o
    0x08000f06   0x08000f06   0x00000002   Code   RO          175    i.SSP2_IRQHandler   mdr32f9qx_it.o
    0x08000f08   0x08000f08   0x00000034   Code   RO          633    i.SysTick_Handler   port.o
    0x08000f3c   0x08000f3c   0x00000090   Code   RO         1602    i.SystemCoreClockUpdate  system_mdr32f9qx.o
    0x08000fcc   0x08000fcc   0x00000040   Code   RO         1603    i.SystemInit        system_mdr32f9qx.o
    0x0800100c   0x0800100c   0x00000002   Code   RO          176    i.Timer1_IRQHandler  mdr32f9qx_it.o
    0x0800100e   0x0800100e   0x00000002   Code   RO          177    i.Timer2_IRQHandler  mdr32f9qx_it.o
    0x08001010   0x08001010   0x00000002   Code   RO          178    i.Timer3_IRQHandler  mdr32f9qx_it.o
    0x08001012   0x08001012   0x00000002   Code   RO          179    i.UART1_IRQHandler  mdr32f9qx_it.o
    0x08001014   0x08001014   0x00000058   Code   RO            4    i.UART2_IRQHandler  main.o
    0x0800106c   0x0800106c   0x0000003c   Code   RO         3659    i.UART_BRGInit      mdr32f9qx_uart.o
    0x080010a8   0x080010a8   0x00000008   Code   RO         3661    i.UART_ClearITPendingBit  mdr32f9qx_uart.o
    0x080010b0   0x080010b0   0x00000018   Code   RO         3662    i.UART_Cmd          mdr32f9qx_uart.o
    0x080010c8   0x080010c8   0x00000010   Code   RO         3668    i.UART_GetITStatusMasked  mdr32f9qx_uart.o
    0x080010d8   0x080010d8   0x00000012   Code   RO         3669    i.UART_ITConfig     mdr32f9qx_uart.o
    0x080010ea   0x080010ea   0x00000002   PAD
    0x080010ec   0x080010ec   0x000000b0   Code   RO         3670    i.UART_Init         mdr32f9qx_uart.o
    0x0800119c   0x0800119c   0x00000008   Code   RO         3673    i.UART_ReceiveData  mdr32f9qx_uart.o
    0x080011a4   0x080011a4   0x00000002   Code   RO          180    i.USB_IRQHandler    mdr32f9qx_it.o
    0x080011a6   0x080011a6   0x00000002   PAD
    0x080011a8   0x080011a8   0x00000080   Code   RO          356    i.U_BTN_Init        button.o
    0x08001228   0x08001228   0x00000038   Code   RO            5    i.U_MENU_Output     main.o
    0x08001260   0x08001260   0x00000018   Code   RO         1326    i.U_MLT_Clear_Chip  mlt_lcd.o
    0x08001278   0x08001278   0x0000003a   Code   RO         1327    i.U_MLT_Clear_Page  mlt_lcd.o
    0x080012b2   0x080012b2   0x00000012   Code   RO         1328    i.U_MLT_Delay       mlt_lcd.o
    0x080012c4   0x080012c4   0x000000cc   Code   RO         1330    i.U_MLT_Disp_On     mlt_lcd.o
    0x08001390   0x08001390   0x00000068   Code   RO         1331    i.U_MLT_Init        mlt_lcd.o
    0x080013f8   0x080013f8   0x00000044   Code   RO         1332    i.U_MLT_LCD_Init    mlt_lcd.o
    0x0800143c   0x0800143c   0x0000008c   Code   RO         1333    i.U_MLT_Pin_Cfg     mlt_lcd.o
    0x080014c8   0x080014c8   0x00000084   Code   RO         1334    i.U_MLT_Put_Char    mlt_lcd.o
    0x0800154c   0x0800154c   0x0000008c   Code   RO         1335    i.U_MLT_Put_Image   mlt_lcd.o
    0x080015d8   0x080015d8   0x00000036   Code   RO         1336    i.U_MLT_Put_String  mlt_lcd.o
    0x0800160e   0x0800160e   0x00000002   PAD
    0x08001610   0x08001610   0x000000c8   Code   RO         1338    i.U_MLT_Read_Status  mlt_lcd.o
    0x080016d8   0x080016d8   0x000000d0   Code   RO         1340    i.U_MLT_Set_Address  mlt_lcd.o
    0x080017a8   0x080017a8   0x00000044   Code   RO         1341    i.U_MLT_Set_Data_Bits  mlt_lcd.o
    0x080017ec   0x080017ec   0x000000d0   Code   RO         1342    i.U_MLT_Set_Page    mlt_lcd.o
    0x080018bc   0x080018bc   0x000000d0   Code   RO         1343    i.U_MLT_Write_Data  mlt_lcd.o
    0x0800198c   0x0800198c   0x00000004   Code   RO          181    i.UsageFault_Handler  mdr32f9qx_it.o
    0x08001990   0x08001990   0x00000002   Code   RO          182    i.WWDG_IRQHandler   mdr32f9qx_it.o
    0x08001992   0x08001992   0x00000002   PAD
    0x08001994   0x08001994   0x00000010   Code   RO         3820    i.__0printf$bare    mc_w.l(printfb.o)
    0x080019a4   0x080019a4   0x0000005c   Code   RO         4083    i.__free$realloc    mc_w.l(mallocr.o)
    0x08001a00   0x08001a00   0x00000050   Code   RO         4084    i.__malloc$realloc  mc_w.l(mallocr.o)
    0x08001a50   0x08001a50   0x0000000e   Code   RO         4180    i.__scatterload_copy  mc_w.l(handlers.o)
    0x08001a5e   0x08001a5e   0x00000002   Code   RO         4181    i.__scatterload_null  mc_w.l(handlers.o)
    0x08001a60   0x08001a60   0x0000000e   Code   RO         4182    i.__scatterload_zeroinit  mc_w.l(handlers.o)
    0x08001a6e   0x08001a6e   0x00000022   Code   RO         3827    i._printf_core      mc_w.l(printfb.o)
    0x08001a90   0x08001a90   0x00000024   Code   RO          386    i.fgetc             uart_io.o
    0x08001ab4   0x08001ab4   0x00000020   Code   RO          387    i.fputc             uart_io.o
    0x08001ad4   0x08001ad4   0x00000264   Code   RO          441    i.getDataFromUART   parsecommands.o
    0x08001d38   0x08001d38   0x00000008   Code   RO          321    i.init              init.o
    0x08001d40   0x08001d40   0x00000050   Code   RO         4085    i.internal_alloc    mc_w.l(mallocr.o)
    0x08001d90   0x08001d90   0x00000060   Code   RO            6    i.main              main.o
    0x08001df0   0x08001df0   0x0000007c   Code   RO          883    i.prvAddCurrentTaskToDelayedList  tasks.o
    0x08001e6c   0x08001e6c   0x000000b0   Code   RO          884    i.prvAddNewTaskToReadyList  tasks.o
    0x08001f1c   0x08001f1c   0x00000064   Code   RO         1205    i.prvCheckForValidListAndQueue  timers.o
    0x08001f80   0x08001f80   0x00000064   Code   RO          885    i.prvCheckTasksWaitingTermination  tasks.o
    0x08001fe4   0x08001fe4   0x0000002a   Code   RO          704    i.prvCopyDataFromQueue  queue.o
    0x0800200e   0x0800200e   0x0000007c   Code   RO          705    i.prvCopyDataToQueue  queue.o
    0x0800208a   0x0800208a   0x00000012   Code   RO          886    i.prvDeleteTCB      tasks.o
    0x0800209c   0x0800209c   0x00000028   Code   RO         1206    i.prvGetNextExpireTime  timers.o
    0x080020c4   0x080020c4   0x00000038   Code   RO          558    i.prvHeapInit       heap_2.o
    0x080020fc   0x080020fc   0x0000002c   Code   RO          887    i.prvIdleTask       tasks.o
    0x08002128   0x08002128   0x00000026   Code   RO          707    i.prvInitialiseNewQueue  queue.o
    0x0800214e   0x0800214e   0x0000009a   Code   RO          888    i.prvInitialiseNewTask  tasks.o
    0x080021e8   0x080021e8   0x00000068   Code   RO          889    i.prvInitialiseTaskLists  tasks.o
    0x08002250   0x08002250   0x00000058   Code   RO         1208    i.prvInsertTimerInActiveList  timers.o
    0x080022a8   0x080022a8   0x0000001a   Code   RO          708    i.prvIsQueueEmpty   queue.o
    0x080022c2   0x080022c2   0x0000001e   Code   RO          709    i.prvIsQueueFull    queue.o
    0x080022e0   0x080022e0   0x0000004c   Code   RO         1209    i.prvProcessExpiredTimer  timers.o
    0x0800232c   0x0800232c   0x000000bc   Code   RO         1210    i.prvProcessReceivedCommands  timers.o
    0x080023e8   0x080023e8   0x00000074   Code   RO         1211    i.prvProcessTimerOrBlockTask  timers.o
    0x0800245c   0x0800245c   0x00000034   Code   RO          890    i.prvResetNextTaskUnblockTime  tasks.o
    0x08002490   0x08002490   0x0000002c   Code   RO         1212    i.prvSampleTimeNow  timers.o
    0x080024bc   0x080024bc   0x00000084   Code   RO         1213    i.prvSwitchTimerLists  timers.o
    0x08002540   0x08002540   0x00000016   Code   RO          634    i.prvTaskExitError  port.o
    0x08002556   0x08002556   0x0000001a   Code   RO         1214    i.prvTimerTask      timers.o
    0x08002570   0x08002570   0x0000007e   Code   RO          710    i.prvUnlockQueue    queue.o
    0x080025ee   0x080025ee   0x00000002   PAD
    0x080025f0   0x080025f0   0x000000b8   Code   RO          559    i.pvPortMalloc      heap_2.o
    0x080026a8   0x080026a8   0x00000020   Code   RO          893    i.pvTaskIncrementMutexHeldCount  tasks.o
    0x080026c8   0x080026c8   0x00000024   Code   RO          635    i.pxPortInitialiseStack  port.o
    0x080026ec   0x080026ec   0x0000006c   Code   RO         4086    i.realloc           mc_w.l(mallocr.o)
    0x08002758   0x08002758   0x00000040   Code   RO          322    i.sys_clk_init      init.o
    0x08002798   0x08002798   0x0000001e   Code   RO         1465    i.trex_charclass    trex.o
    0x080027b6   0x080027b6   0x00000168   Code   RO         1466    i.trex_charnode     trex.o
    0x0800291e   0x0800291e   0x00000134   Code   RO         1467    i.trex_class        trex.o
    0x08002a52   0x08002a52   0x00000076   Code   RO         1468    i.trex_compile      trex.o
    0x08002ac8   0x08002ac8   0x000001f8   Code   RO         1469    i.trex_element      trex.o
    0x08002cc0   0x08002cc0   0x0000008c   Code   RO         1471    i.trex_escapechar   trex.o
    0x08002d4c   0x08002d4c   0x00000016   Code   RO         1472    i.trex_expect       trex.o
    0x08002d62   0x08002d62   0x00000022   Code   RO         1473    i.trex_free         trex.o
    0x08002d84   0x08002d84   0x00000022   Code   RO         1474    i.trex_getsubexp    trex.o
    0x08002da6   0x08002da6   0x00000006   Code   RO         1475    i.trex_getsubexpcount  trex.o
    0x08002dac   0x08002dac   0x0000007a   Code   RO         1476    i.trex_list         trex.o
    0x08002e26   0x08002e26   0x00000036   Code   RO         1477    i.trex_match        trex.o
    0x08002e5c   0x08002e5c   0x0000018a   Code   RO         1478    i.trex_matchcclass  trex.o
    0x08002fe6   0x08002fe6   0x0000005e   Code   RO         1479    i.trex_matchclass   trex.o
    0x08003044   0x08003044   0x0000038a   Code   RO         1480    i.trex_matchnode    trex.o
    0x080033ce   0x080033ce   0x0000005e   Code   RO         1481    i.trex_newnode      trex.o
    0x0800342c   0x0800342c   0x00000054   Code   RO         1482    i.trex_parsenumber  trex.o
    0x08003480   0x08003480   0x000000d8   Code   RO          389    i.uart_io_init      uart_io.o
    0x08003558   0x08003558   0x00000028   Code   RO          596    i.uxListRemove      list.o
    0x08003580   0x08003580   0x00000002   Code   RO            7    i.vApplicationIdleHook  main.o
    0x08003582   0x08003582   0x0000001a   Code   RO          597    i.vListInitialise   list.o
    0x0800359c   0x0800359c   0x00000006   Code   RO          598    i.vListInitialiseItem  list.o
    0x080035a2   0x080035a2   0x00000034   Code   RO          599    i.vListInsert       list.o
    0x080035d6   0x080035d6   0x00000018   Code   RO          600    i.vListInsertEnd    list.o
    0x080035ee   0x080035ee   0x00000002   PAD
    0x080035f0   0x080035f0   0x00000024   Code   RO          637    i.vPortEnterCritical  port.o
    0x08003614   0x08003614   0x00000020   Code   RO          638    i.vPortExitCritical  port.o
    0x08003634   0x08003634   0x00000040   Code   RO          560    i.vPortFree         heap_2.o
    0x08003674   0x08003674   0x00000014   Code   RO          639    i.vPortSetupTimerInterrupt  port.o
    0x08003688   0x08003688   0x0000002c   Code   RO          714    i.vQueueAddToRegistry  queue.o
    0x080036b4   0x080036b4   0x0000004a   Code   RO          717    i.vQueueWaitForMessageRestricted  queue.o
    0x080036fe   0x080036fe   0x00000002   PAD
    0x08003700   0x08003700   0x0000000c   Code   RO          903    i.vTaskMissedYield  tasks.o
    0x0800370c   0x0800370c   0x00000020   Code   RO          905    i.vTaskPlaceOnEventList  tasks.o
    0x0800372c   0x0800372c   0x00000028   Code   RO          906    i.vTaskPlaceOnEventListRestricted  tasks.o
    0x08003754   0x08003754   0x0000008c   Code   RO          908    i.vTaskPriorityInherit  tasks.o
    0x080037e0   0x080037e0   0x00000018   Code   RO          912    i.vTaskSetTimeOutState  tasks.o
    0x080037f8   0x080037f8   0x00000070   Code   RO          913    i.vTaskStartScheduler  tasks.o
    0x08003868   0x08003868   0x00000010   Code   RO          915    i.vTaskSuspendAll   tasks.o
    0x08003878   0x08003878   0x00000078   Code   RO          916    i.vTaskSwitchContext  tasks.o
    0x080038f0   0x080038f0   0x00000034   Code   RO          640    i.xPortStartScheduler  port.o
    0x08003924   0x08003924   0x00000038   Code   RO          720    i.xQueueGenericCreate  queue.o
    0x0800395c   0x0800395c   0x0000015c   Code   RO          721    i.xQueueGenericReceive  queue.o
    0x08003ab8   0x08003ab8   0x00000080   Code   RO          722    i.xQueueGenericReset  queue.o
    0x08003b38   0x08003b38   0x00000118   Code   RO          723    i.xQueueGenericSend  queue.o
    0x08003c50   0x08003c50   0x00000086   Code   RO          724    i.xQueueGenericSendFromISR  queue.o
    0x08003cd6   0x08003cd6   0x00000002   PAD
    0x08003cd8   0x08003cd8   0x0000005c   Code   RO          917    i.xTaskCheckForTimeOut  tasks.o
    0x08003d34   0x08003d34   0x00000060   Code   RO          918    i.xTaskCreate       tasks.o
    0x08003d94   0x08003d94   0x00000020   Code   RO          922    i.xTaskGetSchedulerState  tasks.o
    0x08003db4   0x08003db4   0x0000000c   Code   RO          923    i.xTaskGetTickCount  tasks.o
    0x08003dc0   0x08003dc0   0x00000104   Code   RO          925    i.xTaskIncrementTick  tasks.o
    0x08003ec4   0x08003ec4   0x00000060   Code   RO          928    i.xTaskPriorityDisinherit  tasks.o
    0x08003f24   0x08003f24   0x00000080   Code   RO          929    i.xTaskRemoveFromEventList  tasks.o
    0x08003fa4   0x08003fa4   0x000000e8   Code   RO          931    i.xTaskResumeAll    tasks.o
    0x0800408c   0x0800408c   0x0000003c   Code   RO         1218    i.xTimerCreateTimerTask  timers.o
    0x080040c8   0x080040c8   0x0000006c   Code   RO         1219    i.xTimerGenericCommand  timers.o
    0x08004134   0x08004134   0x00000720   Data   RO         1344    .constdata          mlt_lcd.o
    0x08004854   0x08004854   0x00000081   Data   RO         3780    .constdata          mc_w.l(ctype_o.o)
    0x080048d5   0x080048d5   0x00000003   PAD
    0x080048d8   0x080048d8   0x00000004   Data   RO         3781    .constdata          mc_w.l(ctype_o.o)
    0x080048dc   0x080048dc   0x00000069   Data   RO          442    .conststring        parsecommands.o
    0x08004945   0x08004945   0x00000003   PAD
    0x08004948   0x08004948   0x00000010   Data   RO         1345    .conststring        mlt_lcd.o
    0x08004958   0x08004958   0x00000020   Data   RO         4178    Region$$Table       anon$$obj.o


    Execution Region RW_IRAM1 (Exec base: 0x20000000, Load base: 0x08004978, Size: 0x000057f0, Max: 0x00008000, ABSOLUTE)

    Exec Addr    Load Addr    Size         Type   Attr      Idx    E Section Name        Object

    0x20000000   0x08004978   0x00000010   Data   RW            9    .data               main.o
    0x20000010   0x08004988   0x00000014   Data   RW          443    .data               parsecommands.o
    0x20000024   0x0800499c   0x00000018   Data   RW          564    .data               heap_2.o
    0x2000003c   0x080049b4   0x00000004   Data   RW          641    .data               port.o
    0x20000040   0x080049b8   0x0000003c   Data   RW          934    .data               tasks.o
    0x2000007c   0x080049f4   0x00000014   Data   RW         1225    .data               timers.o
    0x20000090   0x08004a08   0x00000004   Data   RW         1346    .data               mlt_lcd.o
    0x20000094   0x08004a0c   0x00000004   Data   RW         1604    .data               system_mdr32f9qx.o
    0x20000098   0x08004a10   0x00000004   Data   RW         4129    .data               mc_w.l(stdin.o)
    0x2000009c   0x08004a14   0x00000004   Data   RW         4130    .data               mc_w.l(stdout.o)
    0x200000a0   0x08004a18   0x00000004   Data   RW         4135    .data               mc_w.l(mvars.o)
    0x200000a4   0x08004a1c   0x00000004   Data   RW         4136    .data               mc_w.l(mvars.o)
    0x200000a8   0x08004a20   0x00000003   Data   RW         4159    .data               mc_w.l(fgetc_b.o)
    0x200000ab   0x08004a23   0x00000001   PAD
    0x200000ac        -       0x00005000   Zero   RW          563    .bss                heap_2.o
    0x200050ac        -       0x00000050   Zero   RW          732    .bss                queue.o
    0x200050fc        -       0x000000c8   Zero   RW          933    .bss                tasks.o
    0x200051c4        -       0x00000028   Zero   RW         1224    .bss                timers.o
    0x200051ec   0x08004a23   0x00000004   PAD
    0x200051f0        -       0x00000200   Zero   RW         1593    HEAP                startup_mdr32f9qx.o
    0x200053f0        -       0x00000400   Zero   RW         1592    STACK               startup_mdr32f9qx.o


==============================================================================

Image component sizes


      Code (inc. data)   RO Data    RW Data    ZI Data      Debug   Object Name

       128         14          0          0          0        501   button.o
         0          0          0          0          0      11240   event_groups.o
       304         40          0         24      20480       3199   heap_2.o
        72          0          0          0          0        814   init.o
       148          0          0          0          0       2810   list.o
       242         60          0         16          0      87305   main.o
        58          0          0          0          0       9792   mdr32f9qx_it.o
       540         18          0          0          0       3426   mdr32f9qx_port.o
      1008         60          0          0          0      10548   mdr32f9qx_rst_clk.o
       310         26          0          0          0       5971   mdr32f9qx_uart.o
      1834        130       1840          4          0       9358   mlt_lcd.o
       612         42        105         20          0       1865   parsecommands.o
       400         50          0          4          0       7848   port.o
      1450         22          0          0         80      11325   queue.o
        36          8        192          0       1536        792   startup_mdr32f9qx.o
       208         24          0          4          0       1359   system_mdr32f9qx.o
      2248        356          0         60        200      25444   tasks.o
       978        114          0         20         40       7771   timers.o
      3304         40          0          0          0      15391   trex.o
       284         18          0          0          0      29626   uart_io.o

    ----------------------------------------------------------------------
     14184       1022       2172        152      22340     246385   Object Totals
         0          0         32          0          0          0   (incl. Generated)
        20          0          3          0          4          0   (incl. Padding)

    ----------------------------------------------------------------------

      Code (inc. data)   RO Data    RW Data    ZI Data      Debug   Library Member Name

        32          6          0          0          0         84   __0scanf.o
        56          8          0          0          0         84   __0sscanf.o
        28          0          0          0          0         68   _chval.o
       812          4          0          0          0        112   _scanf.o
       332          0          0          0          0         96   _scanf_int.o
       224          0          0          0          0         96   _scanf_str.o
        64          0          0          0          0         84   _sgetc.o
         8          4        133          0          0         68   ctype_o.o
         0          0          0          0          0          0   entry.o
         0          0          0          0          0          0   entry10a.o
         0          0          0          0          0          0   entry11a.o
         8          4          0          0          0          0   entry2.o
         4          0          0          0          0          0   entry5.o
         0          0          0          0          0          0   entry7b.o
         0          0          0          0          0          0   entry8b.o
         8          4          0          0          0          0   entry9a.o
        44          6          0          3          0        144   fgetc_b.o
        30          0          0          0          0          0   handlers.o
        36          8          0          0          0         68   init.o
        18          0          0          0          0         76   isspace_o.o
         0          0          0          0          0          0   iusesemig.o
       360         30          0          0          0        356   mallocr.o
        36          0          0          0          0         68   memcpya.o
        36          0          0          0          0        108   memseta.o
         0          0          0          8          0          0   mvars.o
        50          8          0          0          0        152   printfb.o
        40          8          0          0          0         84   scanf_char.o
        20          8          0          0          0         68   scanf_char_file.o
         0          0          0          0          0          0   semi.o
         0          0          0          4          0          0   stdin.o
         0          0          0          4          0          0   stdout.o
        14          0          0          0          0         68   strlen.o
        30          0          0          0          0         80   strncmp.o
        24          0          0          0          0         76   strncpy.o

    ----------------------------------------------------------------------
      2316         98        136         20          0       2040   Library Totals
         2          0          3          1          0          0   (incl. Padding)

    ----------------------------------------------------------------------

      Code (inc. data)   RO Data    RW Data    ZI Data      Debug   Library Name

      2314         98        133         19          0       2040   mc_w.l

    ----------------------------------------------------------------------
      2316         98        136         20          0       2040   Library Totals

    ----------------------------------------------------------------------

==============================================================================


      Code (inc. data)   RO Data    RW Data    ZI Data      Debug   

     16500       1120       2308        172      22340     239529   Grand Totals
     16500       1120       2308        172      22340     239529   ELF Image Totals
     16500       1120       2308        172          0          0   ROM Totals

==============================================================================

    Total RO  Size (Code + RO Data)                18808 (  18.37kB)
    Total RW  Size (RW Data + ZI Data)             22512 (  21.98kB)
    Total ROM Size (Code + RO Data + RW Data)      18980 (  18.54kB)

==============================================================================

