Component: ARM Compiler 5.06 update 5 (build 528) Tool: armlink [4d35e2]

==============================================================================

Section Cross References

    main.o(i.DMA_IRQHandler) refers to mdr32f9qx_dma.o(i.DMA_Init) for DMA_Init
    main.o(i.DMA_IRQHandler) refers to queue.o(i.xQueueGiveFromISR) for xQueueGiveFromISR
    main.o(i.DMA_IRQHandler) refers to main.o(.data) for ping_pong
    main.o(i.DMA_IRQHandler) refers to main.o(.bss) for ADC_Buffer_pong
    main.o(i.DMA_IRQHandler) refers to dma.o(.bss) for DMA_InitStructure
    main.o(i.Timer2_IRQHandler) refers to mdr32f9qx_adc.o(i.ADC1_Start) for ADC1_Start
    main.o(i.Timer2_IRQHandler) refers to mdr32f9qx_timer.o(i.TIMER_ClearFlag) for TIMER_ClearFlag
    main.o(i.UART2_IRQHandler) refers to mdr32f9qx_uart.o(i.UART_GetITStatusMasked) for UART_GetITStatusMasked
    main.o(i.UART2_IRQHandler) refers to mdr32f9qx_uart.o(i.UART_ClearITPendingBit) for UART_ClearITPendingBit
    main.o(i.UART2_IRQHandler) refers to mdr32f9qx_uart.o(i.UART_ReceiveData) for UART_ReceiveData
    main.o(i.UART2_IRQHandler) refers to queue.o(i.xQueueGenericSendFromISR) for xQueueGenericSendFromISR
    main.o(i.UART2_IRQHandler) refers to main.o(.data) for ReceiveByte
    main.o(i.main) refers to init.o(i.init) for init
    main.o(i.main) refers to button.o(i.U_BTN_Init) for U_BTN_Init
    main.o(i.main) refers to uart_io.o(i.uart_io_init) for uart_io_init
    main.o(i.main) refers to timer.o(i.Timer1_init) for Timer1_init
    main.o(i.main) refers to adc.o(i.ADC_init) for ADC_init
    main.o(i.main) refers to dma.o(i.DMA_init) for DMA_init
    main.o(i.main) refers to mlt_lcd.o(i.U_MLT_Init) for U_MLT_Init
    main.o(i.main) refers to queue.o(i.xQueueGenericCreate) for xQueueGenericCreate
    main.o(i.main) refers to queue.o(i.xQueueGenericSend) for xQueueGenericSend
    main.o(i.main) refers to tasks.o(i.xTaskCreate) for xTaskCreate
    main.o(i.main) refers to tasks.o(i.vTaskStartScheduler) for vTaskStartScheduler
    main.o(i.main) refers to main.o(.data) for SemaphoreDMA
    main.o(i.main) refers to menu.o(i.U_MENU_Task_Function) for U_MENU_Task_Function
    main.o(i.main) refers to menu.o(i.U_Privet) for U_Privet
    main.o(i.main) refers to menu.o(i.Task_output) for Task_output
    main.o(i.main) refers to menu.o(i.Task_DSP) for Task_DSP
    init.o(i.PORT_init) refers to mdr32f9qx_rst_clk.o(i.RST_CLK_PCLKcmd) for RST_CLK_PCLKcmd
    init.o(i.PORT_init) refers to mdr32f9qx_port.o(i.PORT_Init) for PORT_Init
    init.o(i.init) refers to init.o(i.sys_clk_init) for sys_clk_init
    init.o(i.sys_clk_init) refers to mdr32f9qx_rst_clk.o(i.RST_CLK_HSEconfig) for RST_CLK_HSEconfig
    init.o(i.sys_clk_init) refers to mdr32f9qx_rst_clk.o(i.RST_CLK_HSEstatus) for RST_CLK_HSEstatus
    init.o(i.sys_clk_init) refers to mdr32f9qx_rst_clk.o(i.RST_CLK_CPU_PLLconfig) for RST_CLK_CPU_PLLconfig
    init.o(i.sys_clk_init) refers to mdr32f9qx_rst_clk.o(i.RST_CLK_CPU_PLLcmd) for RST_CLK_CPU_PLLcmd
    init.o(i.sys_clk_init) refers to mdr32f9qx_rst_clk.o(i.RST_CLK_CPU_PLLstatus) for RST_CLK_CPU_PLLstatus
    init.o(i.sys_clk_init) refers to mdr32f9qx_rst_clk.o(i.RST_CLK_CPUclkPrescaler) for RST_CLK_CPUclkPrescaler
    init.o(i.sys_clk_init) refers to mdr32f9qx_rst_clk.o(i.RST_CLK_CPU_PLLuse) for RST_CLK_CPU_PLLuse
    init.o(i.sys_clk_init) refers to mdr32f9qx_rst_clk.o(i.RST_CLK_CPUclkSelection) for RST_CLK_CPUclkSelection
    init.o(i.sys_clk_init) refers to system_mdr32f9qx.o(i.SystemCoreClockUpdate) for SystemCoreClockUpdate
    button.o(i.U_BTN_Init) refers to mdr32f9qx_rst_clk.o(i.RST_CLK_PCLKcmd) for RST_CLK_PCLKcmd
    button.o(i.U_BTN_Init) refers to mdr32f9qx_port.o(i.PORT_StructInit) for PORT_StructInit
    button.o(i.U_BTN_Init) refers to mdr32f9qx_port.o(i.PORT_Init) for PORT_Init
    button.o(i.U_BTN_Read_Button) refers to mdr32f9qx_port.o(i.PORT_ReadInputDataBit) for PORT_ReadInputDataBit
    menu.o(i.Task_DSP) refers to queue.o(i.xQueueGenericReceive) for xQueueGenericReceive
    menu.o(i.Task_DSP) refers to mdr32f9qx_timer.o(i.TIMER_Cmd) for TIMER_Cmd
    menu.o(i.Task_DSP) refers to ffltui.o(.text) for __aeabi_ui2f
    menu.o(i.Task_DSP) refers to fdiv.o(.text) for __aeabi_fdiv
    menu.o(i.Task_DSP) refers to fmul.o(.text) for __aeabi_fmul
    menu.o(i.Task_DSP) refers to fadd.o(.text) for __aeabi_fsub
    menu.o(i.Task_DSP) refers to ffixui.o(.text) for __aeabi_f2uiz
    menu.o(i.Task_DSP) refers to f2d.o(.text) for __aeabi_f2d
    menu.o(i.Task_DSP) refers to printfa.o(i.__0sprintf) for __2sprintf
    menu.o(i.Task_DSP) refers to mlt_lcd.o(i.U_MLT_Put_String) for U_MLT_Put_String
    menu.o(i.Task_DSP) refers to mdr32f9qx_dma.o(i.DMA_Cmd) for DMA_Cmd
    menu.o(i.Task_DSP) refers to mdr32f9qx_timer.o(i.TIMER_CntInit) for TIMER_CntInit
    menu.o(i.Task_DSP) refers to arm_rfft_init_q15.o(.text) for arm_rfft_init_q15
    menu.o(i.Task_DSP) refers to arm_rfft_q15.o(.text) for arm_rfft_q15
[...]
    i.__0sprintf                             0x0800392c   Section        0  printfa.o(i.__0sprintf)
    i.__scatterload_copy                     0x08003954   Section       14  handlers.o(i.__scatterload_copy)
    i.__scatterload_null                     0x08003962   Section        2  handlers.o(i.__scatterload_null)
    i.__scatterload_zeroinit                 0x08003964   Section       14  handlers.o(i.__scatterload_zeroinit)
    i.__set_errno                            0x08003974   Section        0  errno.o(i.__set_errno)
    i._fp_digits                             0x08003980   Section        0  printfa.o(i._fp_digits)
    _fp_digits                               0x08003981   Thumb Code   366  printfa.o(i._fp_digits)
    i._printf_core                           0x08003b04   Section        0  printfa.o(i._printf_core)
    _printf_core                             0x08003b05   Thumb Code  1744  printfa.o(i._printf_core)
    i._printf_post_padding                   0x080041e0   Section        0  printfa.o(i._printf_post_padding)
    _printf_post_padding                     0x080041e1   Thumb Code    36  printfa.o(i._printf_post_padding)
    i._printf_pre_padding                    0x08004204   Section        0  printfa.o(i._printf_pre_padding)
    _printf_pre_padding                      0x08004205   Thumb Code    46  printfa.o(i._printf_pre_padding)
    i._sputc                                 0x08004232   Section        0  printfa.o(i._sputc)
    _sputc                                   0x08004233   Thumb Code    10  printfa.o(i._sputc)
    i.fputc                                  0x0800423c   Section        0  uart_io.o(i.fputc)
    i.init                                   0x0800425c   Section        0  init.o(i.init)
    i.main                                   0x08004264   Section        0  main.o(i.main)
    i.prvAddCurrentTaskToDelayedList         0x08004354   Section        0  tasks.o(i.prvAddCurrentTaskToDelayedList)
    prvAddCurrentTaskToDelayedList           0x08004355   Thumb Code   100  tasks.o(i.prvAddCurrentTaskToDelayedList)
    i.prvAddNewTaskToReadyList               0x080043d0   Section        0  tasks.o(i.prvAddNewTaskToReadyList)
    prvAddNewTaskToReadyList                 0x080043d1   Thumb Code   148  tasks.o(i.prvAddNewTaskToReadyList)
    i.prvCheckForValidListAndQueue           0x08004480   Section        0  timers.o(i.prvCheckForValidListAndQueue)
    prvCheckForValidListAndQueue             0x08004481   Thumb Code    72  timers.o(i.prvCheckForValidListAndQueue)
    i.prvCheckTasksWaitingTermination        0x080044e4   Section        0  tasks.o(i.prvCheckTasksWaitingTermination)
    prvCheckTasksWaitingTermination          0x080044e5   Thumb Code    86  tasks.o(i.prvCheckTasksWaitingTermination)
    i.prvCopyDataFromQueue                   0x08004548   Section        0  queue.o(i.prvCopyDataFromQueue)
    prvCopyDataFromQueue                     0x08004549   Thumb Code    42  queue.o(i.prvCopyDataFromQueue)
    i.prvCopyDataToQueue                     0x08004572   Section        0  queue.o(i.prvCopyDataToQueue)
    prvCopyDataToQueue                       0x08004573   Thumb Code   124  queue.o(i.prvCopyDataToQueue)
    i.prvDeleteTCB                           0x080045ee   Section        0  tasks.o(i.prvDeleteTCB)
    prvDeleteTCB                             0x080045ef   Thumb Code    18  tasks.o(i.prvDeleteTCB)
    i.prvGetNextExpireTime                   0x08004600   Section        0  timers.o(i.prvGetNextExpireTime)
    prvGetNextExpireTime                     0x08004601   Thumb Code    36  timers.o(i.prvGetNextExpireTime)
    i.prvHeapInit                            0x08004628   Section        0  heap_2.o(i.prvHeapInit)
    prvHeapInit                              0x08004629   Thumb Code    42  heap_2.o(i.prvHeapInit)
    i.prvIdleTask                            0x08004660   Section        0  tasks.o(i.prvIdleTask)
    prvIdleTask                              0x08004661   Thumb Code    36  tasks.o(i.prvIdleTask)
    i.prvInitialiseNewQueue                  0x0800468c   Section        0  queue.o(i.prvInitialiseNewQueue)
    prvInitialiseNewQueue                    0x0800468d   Thumb Code    38  queue.o(i.prvInitialiseNewQueue)
    i.prvInitialiseNewTask                   0x080046b2   Section        0  tasks.o(i.prvInitialiseNewTask)
    prvInitialiseNewTask                     0x080046b3   Thumb Code   154  tasks.o(i.prvInitialiseNewTask)
    i.prvInitialiseTaskLists                 0x0800474c   Section        0  tasks.o(i.prvInitialiseTaskLists)
    prvInitialiseTaskLists                   0x0800474d   Thumb Code    70  tasks.o(i.prvInitialiseTaskLists)
    i.prvInsertTimerInActiveList             0x080047b4   Section        0  timers.o(i.prvInsertTimerInActiveList)
    prvInsertTimerInActiveList               0x080047b5   Thumb Code    80  timers.o(i.prvInsertTimerInActiveList)
    i.prvIsQueueEmpty                        0x0800480c   Section        0  queue.o(i.prvIsQueueEmpty)
    prvIsQueueEmpty                          0x0800480d   Thumb Code    26  queue.o(i.prvIsQueueEmpty)
    i.prvIsQueueFull                         0x08004826   Section        0  queue.o(i.prvIsQueueFull)
    prvIsQueueFull                           0x08004827   Thumb Code    30  queue.o(i.prvIsQueueFull)
    i.prvProcessExpiredTimer                 0x08004844   Section        0  timers.o(i.prvProcessExpiredTimer)
    prvProcessExpiredTimer                   0x08004845   Thumb Code    70  timers.o(i.prvProcessExpiredTimer)
    i.prvProcessReceivedCommands             0x08004890   Section        0  timers.o(i.prvProcessReceivedCommands)
    prvProcessReceivedCommands               0x08004891   Thumb Code   184  timers.o(i.prvProcessReceivedCommands)
    i.prvProcessTimerOrBlockTask             0x0800494c   Section        0  timers.o(i.prvProcessTimerOrBlockTask)
    prvProcessTimerOrBlockTask               0x0800494d   Thumb Code   102  timers.o(i.prvProcessTimerOrBlockTask)
    i.prvResetNextTaskUnblockTime            0x080049c0   Section        0  tasks.o(i.prvResetNextTaskUnblockTime)
    prvResetNextTaskUnblockTime              0x080049c1   Thumb Code    42  tasks.o(i.prvResetNextTaskUnblockTime)
    i.prvSampleTimeNow                       0x080049f4   Section        0  timers.o(i.prvSampleTimeNow)
    prvSampleTimeNow                         0x080049f5   Thumb Code    40  timers.o(i.prvSampleTimeNow)
    i.prvSwitchTimerLists                    0x08004a20   Section        0  timers.o(i.prvSwitchTimerLists)
    prvSwitchTimerLists                      0x08004a21   Thumb Code   122  timers.o(i.prvSwitchTimerLists)
    i.prvTaskExitError                       0x08004aa4   Section        0  port.o(i.prvTaskExitError)
    prvTaskExitError                         0x08004aa5   Thumb Code    22  port.o(i.prvTaskExitError)
    i.prvTimerTask                           0x08004aba   Section        0  timers.o(i.prvTimerTask)
    prvTimerTask                             0x08004abb   Thumb Code    26  timers.o(i.prvTimerTask)
    i.prvUnlockQueue                         0x08004ad4   Section        0  queue.o(i.prvUnlockQueue)
    prvUnlockQueue                           0x08004ad5   Thumb Code   126  queue.o(i.prvUnlockQueue)
    i.pvPortMalloc                           0x08004b54   Section        0  heap_2.o(i.pvPortMalloc)
    i.pvTaskIncrementMutexHeldCount          0x08004c0c   Section        0  tasks.o(i.pvTaskIncrementMutexHeldCount)
    i.pxPortInitialiseStack                  0x08004c2c   Section        0  port.o(i.pxPortInitialiseStack)
    i.sqrt                                   0x08004c50   Section        0  sqrt.o(i.sqrt)
    i.sys_clk_init                           0x08004c9c   Section        0  init.o(i.sys_clk_init)
    i.uart_io_init                           0x08004cdc   Section        0  uart_io.o(i.uart_io_init)
    i.uxListRemove                           0x08004ddc   Section        0  list.o(i.uxListRemove)
    i.vApplicationIdleHook                   0x08004e04   Section        0  main.o(i.vApplicationIdleHook)
    i.vListInitialise                        0x08004e06   Section        0  list.o(i.vListInitialise)
    i.vListInitialiseItem                    0x08004e20   Section        0  list.o(i.vListInitialiseItem)
    i.vListInsert                            0x08004e26   Section        0  list.o(i.vListInsert)
    i.vListInsertEnd                         0x08004e5a   Section        0  list.o(i.vListInsertEnd)
    i.vPortEnterCritical                     0x08004e74   Section        0  port.o(i.vPortEnterCritical)
    i.vPortExitCritical                      0x08004e98   Section        0  port.o(i.vPortExitCritical)
    i.vPortFree                              0x08004eb8   Section        0  heap_2.o(i.vPortFree)
    i.vPortSetupTimerInterrupt               0x08004ef8   Section        0  port.o(i.vPortSetupTimerInterrupt)
    i.vQueueAddToRegistry                    0x08004f0c   Section        0  queue.o(i.vQueueAddToRegistry)
    i.vQueueWaitForMessageRestricted         0x08004f38   Section        0  queue.o(i.vQueueWaitForMessageRestricted)
    i.vTaskDelay                             0x08004f84   Section        0  tasks.o(i.vTaskDelay)
    i.vTaskDelete                            0x08004fb8   Section        0  tasks.o(i.vTaskDelete)
    i.vTaskMissedYield                       0x08005058   Section        0  tasks.o(i.vTaskMissedYield)
    i.vTaskPlaceOnEventList                  0x08005064   Section        0  tasks.o(i.vTaskPlaceOnEventList)
    i.vTaskPlaceOnEventListRestricted        0x08005084   Section        0  tasks.o(i.vTaskPlaceOnEventListRestricted)
    i.vTaskPriorityInherit                   0x080050ac   Section        0  tasks.o(i.vTaskPriorityInherit)
    i.vTaskSetTimeOutState                   0x08005138   Section        0  tasks.o(i.vTaskSetTimeOutState)
    i.vTaskStartScheduler                    0x08005150   Section        0  tasks.o(i.vTaskStartScheduler)
    i.vTaskSuspendAll                        0x080051c0   Section        0  tasks.o(i.vTaskSuspendAll)
    i.vTaskSwitchContext                     0x080051d0   Section        0  tasks.o(i.vTaskSwitchContext)
    i.xPortStartScheduler                    0x08005248   Section        0  port.o(i.xPortStartScheduler)
    i.xQueueGenericCreate                    0x0800527c   Section        0  queue.o(i.xQueueGenericCreate)
    i.xQueueGenericReceive                   0x080052b4   Section        0  queue.o(i.xQueueGenericReceive)
    i.xQueueGenericReset                     0x08005410   Section        0  queue.o(i.xQueueGenericReset)
    i.xQueueGenericSend                      0x08005490   Section        0  queue.o(i.xQueueGenericSend)
    i.xQueueGenericSendFromISR               0x080055a8   Section        0  queue.o(i.xQueueGenericSendFromISR)
    i.xQueueGiveFromISR                      0x0800562e   Section        0  queue.o(i.xQueueGiveFromISR)
    i.xTaskCheckForTimeOut                   0x080056a8   Section        0  tasks.o(i.xTaskCheckForTimeOut)
    i.xTaskCreate                            0x08005704   Section        0  tasks.o(i.xTaskCreate)
    i.xTaskGetSchedulerState                 0x08005764   Section        0  tasks.o(i.xTaskGetSchedulerState)
    i.xTaskGetTickCount                      0x08005784   Section        0  tasks.o(i.xTaskGetTickCount)
    i.xTaskIncrementTick                     0x08005790   Section        0  tasks.o(i.xTaskIncrementTick)
    i.xTaskPriorityDisinherit                0x08005894   Section        0  tasks.o(i.xTaskPriorityDisinherit)
    i.xTaskRemoveFromEventList               0x080058f4   Section        0  tasks.o(i.xTaskRemoveFromEventList)
    i.xTaskResumeAll                         0x08005974   Section        0  tasks.o(i.xTaskResumeAll)
    i.xTimerCreateTimerTask                  0x08005a5c   Section        0  timers.o(i.xTimerCreateTimerTask)
    i.xTimerGenericCommand                   0x08005a98   Section        0  timers.o(i.xTimerGenericCommand)
    .constdata                               0x08005b04   Section     1984  menu.o(.constdata)
    MLT_Font                                 0x08005b04   Data        1792  menu.o(.constdata)
    image_ramp                               0x08006204   Data          64  menu.o(.constdata)
    image_square                             0x08006244   Data          64  menu.o(.constdata)
    image_sin                                0x08006284   Data          64  menu.o(.constdata)
    .constdata                               0x080062c4   Section     1824  mlt_lcd.o(.constdata)
    MLT_Font                                 0x080062c4   Data        1792  mlt_lcd.o(.constdata)
    init_image                               0x080069c4   Data          32  mlt_lcd.o(.constdata)
    .constdata                               0x080069e4   Section    32768  arm_rfft_init_q15.o(.constdata)
    .constdata                               0x0800e9e4   Section       16  arm_const_structs.o(.constdata)
    .constdata                               0x0800e9f4   Section       16  arm_const_structs.o(.constdata)
    .constdata                               0x0800ea04   Section       16  arm_const_structs.o(.constdata)
    .constdata                               0x0800ea14   Section       16  arm_const_structs.o(.constdata)
    .constdata                               0x0800ea24   Section       16  arm_const_structs.o(.constdata)
    .constdata                               0x0800ea34   Section       16  arm_const_structs.o(.constdata)
    .constdata                               0x0800ea44   Section       16  arm_const_structs.o(.constdata)
    .constdata                               0x0800ea54   Section       16  arm_const_structs.o(.constdata)
    .constdata                               0x0800ea64   Section       16  arm_const_structs.o(.constdata)
    .constdata                               0x0800ea74   Section       48  arm_common_tables.o(.constdata)
    .constdata                               0x0800eaa4   Section       96  arm_common_tables.o(.constdata)
    .constdata                               0x0800eb04   Section      192  arm_common_tables.o(.constdata)
    .constdata                               0x0800ebc4   Section      384  arm_common_tables.o(.constdata)
    .constdata                               0x0800ed44   Section      768  arm_common_tables.o(.constdata)
    .constdata                               0x0800f044   Section     1536  arm_common_tables.o(.constdata)
    .constdata                               0x0800f644   Section     3072  arm_common_tables.o(.constdata)
    .constdata                               0x08010244   Section     6144  arm_common_tables.o(.constdata)
    .constdata                               0x08011a44   Section    12288  arm_common_tables.o(.constdata)
    .constdata                               0x08014a44   Section       24  arm_common_tables.o(.constdata)
    .constdata                               0x08014a5c   Section       48  arm_common_tables.o(.constdata)
    .constdata                               0x08014a8c   Section      112  arm_common_tables.o(.constdata)
    .constdata                               0x08014afc   Section      224  arm_common_tables.o(.constdata)
    .constdata                               0x08014bdc   Section      480  arm_common_tables.o(.constdata)
    .constdata                               0x08014dbc   Section      960  arm_common_tables.o(.constdata)
    .constdata                               0x0801517c   Section     1984  arm_common_tables.o(.constdata)
    .constdata                               0x0801593c   Section     3968  arm_common_tables.o(.constdata)
    .constdata                               0x080168bc   Section     8064  arm_common_tables.o(.constdata)
    .data                                    0x20000000   Section       28  main.o(.data)
    ReceiveByte                              0x20000010   Data           1  main.o(.data)
    xHigherPriorityTaskWoken                 0x20000014   Data           4  main.o(.data)
    xHigherPriorityTaskWoken                 0x20000018   Data           4  main.o(.data)
    .data                                    0x2000001c   Section       17  menu.o(.data)
    buffer                                   0x2000002c   Data           1  menu.o(.data)
    .data                                    0x20000030   Section       24  heap_2.o(.data)
    xStart                                   0x20000030   Data           8  heap_2.o(.data)
    xEnd                                     0x20000038   Data           8  heap_2.o(.data)
    xFreeBytesRemaining                      0x20000040   Data           4  heap_2.o(.data)
    xHeapHasBeenInitialised                  0x20000044   Data           4  heap_2.o(.data)
    .data                                    0x20000048   Section        4  port.o(.data)
    uxCriticalNesting                        0x20000048   Data           4  port.o(.data)
    .data                                    0x2000004c   Section       60  tasks.o(.data)
    pxDelayedTaskList                        0x20000050   Data           4  tasks.o(.data)
    pxOverflowDelayedTaskList                0x20000054   Data           4  tasks.o(.data)
    uxDeletedTasksWaitingCleanUp             0x20000058   Data           4  tasks.o(.data)
    uxCurrentNumberOfTasks                   0x2000005c   Data           4  tasks.o(.data)
    xTickCount                               0x20000060   Data           4  tasks.o(.data)
    uxTopReadyPriority                       0x20000064   Data           4  tasks.o(.data)
    xSchedulerRunning                        0x20000068   Data           4  tasks.o(.data)
    uxPendedTicks                            0x2000006c   Data           4  tasks.o(.data)
    xYieldPending                            0x20000070   Data           4  tasks.o(.data)
    xNumOfOverflows                          0x20000074   Data           4  tasks.o(.data)
    uxTaskNumber                             0x20000078   Data           4  tasks.o(.data)
    xNextTaskUnblockTime                     0x2000007c   Data           4  tasks.o(.data)
    xIdleTaskHandle                          0x20000080   Data           4  tasks.o(.data)
    uxSchedulerSuspended                     0x20000084   Data           4  tasks.o(.data)
    .data                                    0x20000088   Section       20  timers.o(.data)
    pxCurrentTimerList                       0x20000088   Data           4  timers.o(.data)
    pxOverflowTimerList                      0x2000008c   Data           4  timers.o(.data)
    xTimerQueue                              0x20000090   Data           4  timers.o(.data)
    xTimerTaskHandle                         0x20000094   Data           4  timers.o(.data)
    xLastTime                                0x20000098   Data           4  timers.o(.data)
    .data                                    0x2000009c   Section        4  system_mdr32f9qx.o(.data)
    .data                                    0x200000a0   Section        4  stdout.o(.data)
    .data                                    0x200000a4   Section        4  errno.o(.data)
    _errno                                   0x200000a4   Data           4  errno.o(.data)
    .bss                                     0x200000a8   Section     2400  main.o(.bss)
    .bss                                     0x20000a08   Section      344  menu.o(.bss)
    .bss                                     0x20000b60   Section       56  dma.o(.bss)
    .bss                                     0x20000b98   Section       24  timer.o(.bss)
    .bss                                     0x20000bb0   Section    20480  heap_2.o(.bss)
    ucHeap                                   0x20000bb0   Data       20480  heap_2.o(.bss)
    .bss                                     0x20005bb0   Section       80  queue.o(.bss)
    .bss                                     0x20005c00   Section      200  tasks.o(.bss)
    pxReadyTasksLists                        0x20005c00   Data         100  tasks.o(.bss)
    xDelayedTaskList1                        0x20005c64   Data          20  tasks.o(.bss)
    xDelayedTaskList2                        0x20005c78   Data          20  tasks.o(.bss)
    xPendingReadyList                        0x20005c8c   Data          20  tasks.o(.bss)
    xTasksWaitingTermination                 0x20005ca0   Data          20  tasks.o(.bss)
    xSuspendedTaskList                       0x20005cb4   Data          20  tasks.o(.bss)
    .bss                                     0x20005cc8   Section       40  timers.o(.bss)
    xActiveTimerList1                        0x20005cc8   Data          20  timers.o(.bss)
    xActiveTimerList2                        0x20005cdc   Data          20  timers.o(.bss)
    .bss                                     0x20006000   Section     1024  mdr32f9qx_dma.o(.bss)
    STACK                                    0x20006400   Section     1024  startup_mdr32f9qx.o(STACK)

    Global Symbols

    Symbol Name                              Value     Ov Type        Size  Object(Section)

    BuildAttributes$$THM_ISAv4$P$D$K$B$S$PE$A:L22UL41UL21$X:L11$S22US41US21$IEEE1$IW$USESV6$~STKCKD$USESV7$~SHL$OTIME$ROPI$IEEEJ$EBA8$MICROLIB$REQ8$PRES8$EABIv2 0x00000000   Number         0  anon$$obj.o ABSOLUTE
    __ARM_use_no_argv                        0x00000000   Number         0  main.o ABSOLUTE
    _printf_a                                0x00000000   Number         0  stubs.o ABSOLUTE
    _printf_c                                0x00000000   Number         0  stubs.o ABSOLUTE
    _printf_charcount                        0x00000000   Number         0  stubs.o ABSOLUTE
    _printf_d                                0x00000000   Number         0  stubs.o ABSOLUTE
    _printf_e                                0x00000000   Number         0  stubs.o ABSOLUTE
    _printf_f                                0x00000000   Number         0  stubs.o ABSOLUTE
    _printf_flags                            0x00000000   Number         0  stubs.o ABSOLUTE
    _printf_fp_dec                           0x00000000   Number         0  stubs.o ABSOLUTE
    _printf_fp_hex                           0x00000000   Number         0  stubs.o ABSOLUTE
    _printf_g                                0x00000000   Number         0  stubs.o ABSOLUTE
    _printf_i                                0x00000000   Number         0  stubs.o ABSOLUTE
    _printf_int_dec                          0x00000000   Number         0  stubs.o ABSOLUTE
    _printf_l                                0x00000000   Number         0  stubs.o ABSOLUTE
    _printf_lc                               0x00000000   Number         0  stubs.o ABSOLUTE
    _printf_ll                               0x00000000   Number         0  stubs.o ABSOLUTE
    _printf_lld                              0x00000000   Number         0  stubs.o ABSOLUTE
    _printf_lli                              0x00000000   Number         0  stubs.o ABSOLUTE
    _printf_llo                              0x00000000   Number         0  stubs.o ABSOLUTE
    _printf_llu                              0x00000000   Number         0  stubs.o ABSOLUTE
    _printf_llx                              0x00000000   Number         0  stubs.o ABSOLUTE
    _printf_longlong_dec                     0x00000000   Number         0  stubs.o ABSOLUTE
    _printf_longlong_hex                     0x00000000   Number         0  stubs.o ABSOLUTE
    _printf_longlong_oct                     0x00000000   Number         0  stubs.o ABSOLUTE
    _printf_ls                               0x00000000   Number         0  stubs.o ABSOLUTE
    _printf_mbtowc                           0x00000000   Number         0  stubs.o ABSOLUTE
    _printf_n                                0x00000000   Number         0  stubs.o ABSOLUTE
    _printf_o                                0x00000000   Number         0  stubs.o ABSOLUTE
    _printf_p                                0x00000000   Number         0  stubs.o ABSOLUTE
    _printf_percent                          0x00000000   Number         0  stubs.o ABSOLUTE
    _printf_pre_padding                      0x00000000   Number         0  stubs.o ABSOLUTE
    _printf_return_value                     0x00000000   Number         0  stubs.o ABSOLUTE
    _printf_s                                0x00000000   Number         0  stubs.o ABSOLUTE
    _printf_sizespec                         0x00000000   Number         0  stubs.o ABSOLUTE
    _printf_str                              0x00000000   Number         0  stubs.o ABSOLUTE
    _printf_truncate_signed                  0x00000000   Number         0  stubs.o ABSOLUTE
    _printf_truncate_unsigned                0x00000000   Number         0  stubs.o ABSOLUTE
    _printf_u                                0x00000000   Number         0  stubs.o ABSOLUTE
    _printf_wc                               0x00000000   Number         0  stubs.o ABSOLUTE
    _printf_wctomb                           0x00000000   Number         0  stubs.o ABSOLUTE
    _printf_widthprec                        0x00000000   Number         0  stubs.o ABSOLUTE
    _printf_x                                0x00000000   Number         0  stubs.o ABSOLUTE
    __cpp_initialize__aeabi_                  - Undefined Weak Reference
    __cxa_finalize                            - Undefined Weak Reference
    __decompress                              - Undefined Weak Reference
    _clock_init                               - Undefined Weak Reference
    _microlib_exit                            - Undefined Weak Reference
    _scanf_int                                - Undefined Weak Reference
    _scanf_longlong                           - Undefined Weak Reference
    _scanf_real                               - Undefined Weak Reference
    __Vectors_Size                           0x000000c0   Number         0  startup_mdr32f9qx.o ABSOLUTE
    __Vectors                                0x08000000   Data           4  startup_mdr32f9qx.o(RESET)
    __Vectors_End                            0x080000c0   Data           0  startup_mdr32f9qx.o(RESET)
    arm_bitreversal_32                       0x080000c1   Thumb Code   106  arm_bitreversal2.o(. text)
    arm_bitreversal_16                       0x0800012b   Thumb Code    86  arm_bitreversal2.o(. text)
    __main                                   0x08000181   Thumb Code     0  entry.o(.ARM.Collect$$$$00000000)
    _main_stk                                0x08000181   Thumb Code     0  entry2.o(.ARM.Collect$$$$00000001)
    _main_scatterload                        0x08000185   Thumb Code     0  entry5.o(.ARM.Collect$$$$00000004)
    __main_after_scatterload                 0x08000189   Thumb Code     0  entry5.o(.ARM.Collect$$$$00000004)
    _main_clock                              0x08000189   Thumb Code     0  entry7b.o(.ARM.Collect$$$$00000008)
    _main_cpp_init                           0x08000189   Thumb Code     0  entry8b.o(.ARM.Collect$$$$0000000A)
    _main_init                               0x08000189   Thumb Code     0  entry9a.o(.ARM.Collect$$$$0000000B)
    __rt_final_cpp                           0x08000191   Thumb Code     0  entry10a.o(.ARM.Collect$$$$0000000D)
    __rt_final_exit                          0x08000191   Thumb Code     0  entry11a.o(.ARM.Collect$$$$0000000F)
    SVC_Handler                              0x08000195   Thumb Code    32  port.o(.emb_text)
    __asm___6_port_c_39a90d8d__prvStartFirstTask 0x080001b9   Thumb Code    28  port.o(.emb_text)
    PendSV_Handler                           0x080001d9   Thumb Code    72  port.o(.emb_text)
    vPortGetIPSR                             0x08000225   Thumb Code     6  port.o(.emb_text)
    Reset_Handler                            0x0800022d   Thumb Code     8  startup_mdr32f9qx.o(.text)
    Timer1_IRQHandler                        0x08000247   Thumb Code     0  startup_mdr32f9qx.o(.text)
    arm_cmplx_mag_q15                        0x08000251   Thumb Code    62  arm_cmplx_mag_q15.o(.text)
    arm_rfft_init_q15                        0x08000291   Thumb Code   164  arm_rfft_init_q15.o(.text)
    arm_split_rfft_q15                       0x0800035d   Thumb Code   224  arm_rfft_q15.o(.text)
    arm_split_rifft_q15                      0x0800043d   Thumb Code   124  arm_rfft_q15.o(.text)
    arm_rfft_q15                             0x080004b9   Thumb Code   270  arm_rfft_q15.o(.text)
    arm_sqrt_q15                             0x080005c9   Thumb Code   184  arm_sqrt_q15.o(.text)
    arm_cfft_radix4by2_q15                   0x08000685   Thumb Code   222  arm_cfft_q15.o(.text)
    arm_cfft_radix4by2_inverse_q15           0x08000763   Thumb Code   220  arm_cfft_q15.o(.text)
    arm_cfft_q15                             0x0800083f   Thumb Code   176  arm_cfft_q15.o(.text)
    arm_radix4_butterfly_q15                 0x080008ef   Thumb Code  1242  arm_cfft_radix4_q15.o(.text)
    arm_radix4_butterfly_inverse_q15         0x08000dc9   Thumb Code  1252  arm_cfft_radix4_q15.o(.text)
    arm_cfft_radix4_q15                      0x080012ad   Thumb Code    54  arm_cfft_radix4_q15.o(.text)
    arm_bitreversal_f32                      0x080012e3   Thumb Code   174  arm_bitreversal.o(.text)
    arm_bitreversal_q31                      0x08001391   Thumb Code   170  arm_bitreversal.o(.text)
    arm_bitreversal_q15                      0x0800143b   Thumb Code   122  arm_bitreversal.o(.text)
    __aeabi_memcpy                           0x080014b5   Thumb Code    36  memcpya.o(.text)
    __aeabi_memcpy4                          0x080014b5   Thumb Code     0  memcpya.o(.text)
    __aeabi_memcpy8                          0x080014b5   Thumb Code     0  memcpya.o(.text)
    __aeabi_fadd                             0x080014d9   Thumb Code   164  fadd.o(.text)
    __aeabi_fsub                             0x0800157d   Thumb Code     6  fadd.o(.text)
    __aeabi_frsub                            0x08001583   Thumb Code     6  fadd.o(.text)
    __aeabi_fmul                             0x08001589   Thumb Code   100  fmul.o(.text)
    __aeabi_fdiv                             0x080015ed   Thumb Code   124  fdiv.o(.text)
    __ARM_scalbnf                            0x08001669   Thumb Code    24  fscalb.o(.text)
    scalbnf                                  0x08001669   Thumb Code     0  fscalb.o(.text)
    __aeabi_dmul                             0x08001681   Thumb Code   228  dmul.o(.text)
    __aeabi_i2f                              0x08001765   Thumb Code    18  fflti.o(.text)
    __aeabi_ui2f                             0x08001777   Thumb Code    10  ffltui.o(.text)
    __aeabi_f2iz                             0x08001781   Thumb Code    50  ffixi.o(.text)
    __aeabi_f2uiz                            0x080017b3   Thumb Code    40  ffixui.o(.text)
    __aeabi_f2d                              0x080017db   Thumb Code    38  f2d.o(.text)
    __aeabi_d2f                              0x08001801   Thumb Code    56  d2f.o(.text)
    __aeabi_cfcmpeq                          0x08001839   Thumb Code     0  cfcmple.o(.text)
    __aeabi_cfcmple                          0x08001839   Thumb Code    20  cfcmple.o(.text)
    __aeabi_uidiv                            0x0800184d   Thumb Code     0  uidiv.o(.text)
    __aeabi_uidivmod                         0x0800184d   Thumb Code    44  uidiv.o(.text)
    __aeabi_uldivmod                         0x08001879   Thumb Code    98  uldiv.o(.text)
    __I$use$fp                               0x080018db   Thumb Code     0  iusefp.o(.text)
    _float_round                             0x080018db   Thumb Code    18  fepilogue.o(.text)
    _float_epilogue                          0x080018ed   Thumb Code    92  fepilogue.o(.text)
    _double_round                            0x08001949   Thumb Code    30  depilogue.o(.text)
    _double_epilogue                         0x08001967   Thumb Code   156  depilogue.o(.text)
    __aeabi_dadd                             0x08001a03   Thumb Code   322  dadd.o(.text)
    __aeabi_dsub                             0x08001b45   Thumb Code     6  dadd.o(.text)
    __aeabi_drsub                            0x08001b4b   Thumb Code     6  dadd.o(.text)
    __aeabi_ddiv                             0x08001b51   Thumb Code   222  ddiv.o(.text)
    _dsqrt                                   0x08001c2f   Thumb Code   162  dsqrt.o(.text)
    __aeabi_d2ulz                            0x08001cd1   Thumb Code    48  dfixul.o(.text)
    __aeabi_cdrcmple                         0x08001d01   Thumb Code    48  cdrcmple.o(.text)
    __scatterload                            0x08001d31   Thumb Code    28  init.o(.text)
    __scatterload_rt2                        0x08001d31   Thumb Code     0  init.o(.text)
    __aeabi_llsl                             0x08001d55   Thumb Code    30  llshl.o(.text)
    _ll_shift_l                              0x08001d55   Thumb Code     0  llshl.o(.text)
    __aeabi_llsr                             0x08001d73   Thumb Code    32  llushr.o(.text)
    _ll_ushift_r                             0x08001d73   Thumb Code     0  llushr.o(.text)
    __aeabi_lasr                             0x08001d93   Thumb Code    36  llsshr.o(.text)
    _ll_sshift_r                             0x08001d93   Thumb Code     0  llsshr.o(.text)
    ADC1_Cmd                                 0x08001db9   Thumb Code    24  mdr32f9qx_adc.o(i.ADC1_Cmd)
    ADC1_Init                                0x08001dd5   Thumb Code    84  mdr32f9qx_adc.o(i.ADC1_Init)
    ADC1_Start                               0x08001e31   Thumb Code    14  mdr32f9qx_adc.o(i.ADC1_Start)
    ADC_IRQHandler                           0x08001e45   Thumb Code     2  mdr32f9qx_it.o(i.ADC_IRQHandler)
    ADC_Init                                 0x08001e49   Thumb Code    52  mdr32f9qx_adc.o(i.ADC_Init)
    ADC_init                                 0x08001e89   Thumb Code   122  adc.o(i.ADC_init)
    BACKUP_IRQHandler                        0x08001f09   Thumb Code     2  mdr32f9qx_it.o(i.BACKUP_IRQHandler)
    BusFault_Handler                         0x08001f0b   Thumb Code     4  mdr32f9qx_it.o(i.BusFault_Handler)
    CAN1_IRQHandler                          0x08001f0f   Thumb Code     2  mdr32f9qx_it.o(i.CAN1_IRQHandler)
    CAN2_IRQHandler                          0x08001f11   Thumb Code     2  mdr32f9qx_it.o(i.CAN2_IRQHandler)
    COMPARATOR_IRQHandler                    0x08001f13   Thumb Code     2  mdr32f9qx_it.o(i.COMPARATOR_IRQHandler)
    DMA_Cmd                                  0x08001f15   Thumb Code    24  mdr32f9qx_dma.o(i.DMA_Cmd)
    DMA_CtrlDataInit                         0x08001f31   Thumb Code   112  mdr32f9qx_dma.o(i.DMA_CtrlDataInit)
    DMA_DeInit                               0x08001fa1   Thumb Code    28  mdr32f9qx_dma.o(i.DMA_DeInit)
    DMA_IRQHandler                           0x08001fc1   Thumb Code    76  main.o(i.DMA_IRQHandler)
    DMA_Init                                 0x0800202d   Thumb Code   138  mdr32f9qx_dma.o(i.DMA_Init)
    DMA_StructInit                           0x080020c1   Thumb Code    16  mdr32f9qx_dma.o(i.DMA_StructInit)
    DMA_init                                 0x080020d1   Thumb Code   174  dma.o(i.DMA_init)
    DebugMon_Handler                         0x080021a1   Thumb Code     2  mdr32f9qx_it.o(i.DebugMon_Handler)
    EXT_INT1_IRQHandler                      0x080021a3   Thumb Code     2  mdr32f9qx_it.o(i.EXT_INT1_IRQHandler)
    EXT_INT2_IRQHandler                      0x080021a5   Thumb Code     2  mdr32f9qx_it.o(i.EXT_INT2_IRQHandler)
    EXT_INT3_IRQHandler                      0x080021a7   Thumb Code     2  mdr32f9qx_it.o(i.EXT_INT3_IRQHandler)
    EXT_INT4_IRQHandler                      0x080021a9   Thumb Code     2  mdr32f9qx_it.o(i.EXT_INT4_IRQHandler)
    HardFault_Handler                        0x080021ab   Thumb Code     4  mdr32f9qx_it.o(i.HardFault_Handler)
    I2C_IRQHandler                           0x080021af   Thumb Code     2  mdr32f9qx_it.o(i.I2C_IRQHandler)
    MemManage_Handler                        0x080021b1   Thumb Code     4  mdr32f9qx_it.o(i.MemManage_Handler)
    NMI_Handler                              0x080021b5   Thumb Code     2  mdr32f9qx_it.o(i.NMI_Handler)
    PORT_Init                                0x080021b9   Thumb Code   450  mdr32f9qx_port.o(i.PORT_Init)
    PORT_ReadInputDataBit                    0x08002381   Thumb Code    16  mdr32f9qx_port.o(i.PORT_ReadInputDataBit)
    PORT_ResetBits                           0x08002391   Thumb Code    22  mdr32f9qx_port.o(i.PORT_ResetBits)
    PORT_SetBits                             0x080023ad   Thumb Code    22  mdr32f9qx_port.o(i.PORT_SetBits)
    PORT_StructInit                          0x080023c9   Thumb Code    28  mdr32f9qx_port.o(i.PORT_StructInit)
    POWER_IRQHandler                         0x080023e5   Thumb Code     2  mdr32f9qx_it.o(i.POWER_IRQHandler)
    RST_CLK_CPU_PLLcmd                       0x080023e9   Thumb Code     6  mdr32f9qx_rst_clk.o(i.RST_CLK_CPU_PLLcmd)
    RST_CLK_CPU_PLLconfig                    0x080023f5   Thumb Code    54  mdr32f9qx_rst_clk.o(i.RST_CLK_CPU_PLLconfig)
    RST_CLK_CPU_PLLstatus                    0x08002435   Thumb Code    52  mdr32f9qx_rst_clk.o(i.RST_CLK_CPU_PLLstatus)
    RST_CLK_CPU_PLLuse                       0x08002469   Thumb Code     6  mdr32f9qx_rst_clk.o(i.RST_CLK_CPU_PLLuse)
    RST_CLK_CPUclkPrescaler                  0x08002475   Thumb Code    18  mdr32f9qx_rst_clk.o(i.RST_CLK_CPUclkPrescaler)
    RST_CLK_CPUclkSelection                  0x0800248d   Thumb Code    16  mdr32f9qx_rst_clk.o(i.RST_CLK_CPUclkSelection)
    RST_CLK_GetClocksFreq                    0x080024a1   Thumb Code   620  mdr32f9qx_rst_clk.o(i.RST_CLK_GetClocksFreq)
    RST_CLK_GetFlagStatus                    0x08002715   Thumb Code    42  mdr32f9qx_rst_clk.o(i.RST_CLK_GetFlagStatus)
    RST_CLK_HSEconfig                        0x08002749   Thumb Code    56  mdr32f9qx_rst_clk.o(i.RST_CLK_HSEconfig)
    RST_CLK_HSEstatus                        0x08002785   Thumb Code    52  mdr32f9qx_rst_clk.o(i.RST_CLK_HSEstatus)
    RST_CLK_PCLKcmd                          0x080027b9   Thumb Code    26  mdr32f9qx_rst_clk.o(i.RST_CLK_PCLKcmd)
    SSP1_IRQHandler                          0x080027d9   Thumb Code     2  mdr32f9qx_it.o(i.SSP1_IRQHandler)
    SSP2_IRQHandler                          0x080027db   Thumb Code     2  mdr32f9qx_it.o(i.SSP2_IRQHandler)
    SysTick_Handler                          0x080027dd   Thumb Code    46  port.o(i.SysTick_Handler)
    SystemCoreClockUpdate                    0x08002811   Thumb Code   130  system_mdr32f9qx.o(i.SystemCoreClockUpdate)
    SystemInit                               0x080028a1   Thumb Code    54  system_mdr32f9qx.o(i.SystemInit)
    TIMER_BRGInit                            0x080028e1   Thumb Code    68  mdr32f9qx_timer.o(i.TIMER_BRGInit)
    TIMER_ClearFlag                          0x08002935   Thumb Code     8  mdr32f9qx_timer.o(i.TIMER_ClearFlag)
    TIMER_Cmd                                0x0800293d   Thumb Code    20  mdr32f9qx_timer.o(i.TIMER_Cmd)
    TIMER_CntInit                            0x08002951   Thumb Code    54  mdr32f9qx_timer.o(i.TIMER_CntInit)
    TIMER_CntStructInit                      0x08002987   Thumb Code    28  mdr32f9qx_timer.o(i.TIMER_CntStructInit)
    TIMER_DeInit                             0x080029a3   Thumb Code    68  mdr32f9qx_timer.o(i.TIMER_DeInit)
    TIMER_ITConfig                           0x080029e7   Thumb Code    18  mdr32f9qx_timer.o(i.TIMER_ITConfig)
    Task_DSP                                 0x080029f9   Thumb Code   844  menu.o(i.Task_DSP)
    Task_output                              0x08002db5   Thumb Code    46  menu.o(i.Task_output)
    Timer1_init                              0x08002df1   Thumb Code   148  timer.o(i.Timer1_init)
    Timer2_IRQHandler                        0x08002e95   Thumb Code    16  main.o(i.Timer2_IRQHandler)
    Timer3_IRQHandler                        0x08002ea9   Thumb Code     2  mdr32f9qx_it.o(i.Timer3_IRQHandler)
    UART1_IRQHandler                         0x08002eab   Thumb Code     2  mdr32f9qx_it.o(i.UART1_IRQHandler)
    UART2_IRQHandler                         0x08002ead   Thumb Code    68  main.o(i.UART2_IRQHandler)
    UART_BRGInit                             0x08002f05   Thumb Code    48  mdr32f9qx_uart.o(i.UART_BRGInit)
    UART_ClearITPendingBit                   0x08002f41   Thumb Code     8  mdr32f9qx_uart.o(i.UART_ClearITPendingBit)
    UART_Cmd                                 0x08002f49   Thumb Code    24  mdr32f9qx_uart.o(i.UART_Cmd)
    UART_GetFlagStatus                       0x08002f61   Thumb Code    16  mdr32f9qx_uart.o(i.UART_GetFlagStatus)
    UART_GetITStatusMasked                   0x08002f71   Thumb Code    16  mdr32f9qx_uart.o(i.UART_GetITStatusMasked)
    UART_ITConfig                            0x08002f81   Thumb Code    18  mdr32f9qx_uart.o(i.UART_ITConfig)
    UART_Init                                0x08002f95   Thumb Code   162  mdr32f9qx_uart.o(i.UART_Init)
    UART_ReceiveData                         0x08003045   Thumb Code     8  mdr32f9qx_uart.o(i.UART_ReceiveData)
    UART_SendData                            0x0800304d   Thumb Code     6  mdr32f9qx_uart.o(i.UART_SendData)
    USB_IRQHandler                           0x08003053   Thumb Code     2  mdr32f9qx_it.o(i.USB_IRQHandler)
    U_BTN_Init                               0x08003055   Thumb Code    56  button.o(i.U_BTN_Init)
    U_BTN_Read_Button                        0x08003091   Thumb Code    20  button.o(i.U_BTN_Read_Button)
    U_MENU_Task_Function                     0x080030a9   Thumb Code   192  menu.o(i.U_MENU_Task_Function)
    U_MLT_Clear_Chip                         0x080031d5   Thumb Code    24  mlt_lcd.o(i.U_MLT_Clear_Chip)
    U_MLT_Clear_Page                         0x080031ed   Thumb Code    58  mlt_lcd.o(i.U_MLT_Clear_Page)
    U_MLT_Delay                              0x08003227   Thumb Code    18  mlt_lcd.o(i.U_MLT_Delay)
    U_MLT_Disp_On                            0x08003239   Thumb Code   188  mlt_lcd.o(i.U_MLT_Disp_On)
    U_MLT_Init                               0x08003305   Thumb Code    68  mlt_lcd.o(i.U_MLT_Init)
    U_MLT_LCD_Init                           0x08003349   Thumb Code    64  mlt_lcd.o(i.U_MLT_LCD_Init)
    U_MLT_Pin_Cfg                            0x0800338d   Thumb Code   120  mlt_lcd.o(i.U_MLT_Pin_Cfg)
    U_MLT_Put_Char                           0x08003419   Thumb Code   128  mlt_lcd.o(i.U_MLT_Put_Char)
    U_MLT_Put_Image                          0x0800349d   Thumb Code   140  mlt_lcd.o(i.U_MLT_Put_Image)
    U_MLT_Put_String                         0x08003529   Thumb Code    54  mlt_lcd.o(i.U_MLT_Put_String)
    U_MLT_Read_Status                        0x08003561   Thumb Code   182  mlt_lcd.o(i.U_MLT_Read_Status)
    U_MLT_Set_Address                        0x08003629   Thumb Code   192  mlt_lcd.o(i.U_MLT_Set_Address)
    U_MLT_Set_Data_Bits                      0x080036f9   Thumb Code    60  mlt_lcd.o(i.U_MLT_Set_Data_Bits)
    U_MLT_Set_Page                           0x0800373d   Thumb Code   192  mlt_lcd.o(i.U_MLT_Set_Page)
    U_MLT_Write_Data                         0x0800380d   Thumb Code   190  mlt_lcd.o(i.U_MLT_Write_Data)
    U_Privet                                 0x080038dd   Thumb Code    16  menu.o(i.U_Privet)
    UsageFault_Handler                       0x08003905   Thumb Code     4  mdr32f9qx_it.o(i.UsageFault_Handler)
    WWDG_IRQHandler                          0x08003909   Thumb Code     2  mdr32f9qx_it.o(i.WWDG_IRQHandler)
    __0printf                                0x0800390d   Thumb Code    22  printfa.o(i.__0printf)
    __1printf                                0x0800390d   Thumb Code     0  printfa.o(i.__0printf)
    __2printf                                0x0800390d   Thumb Code     0  printfa.o(i.__0printf)
    __c89printf                              0x0800390d   Thumb Code     0  printfa.o(i.__0printf)
    printf                                   0x0800390d   Thumb Code     0  printfa.o(i.__0printf)
    __0sprintf                               0x0800392d   Thumb Code    34  printfa.o(i.__0sprintf)
    __1sprintf                               0x0800392d   Thumb Code     0  printfa.o(i.__0sprintf)
    __2sprintf                               0x0800392d   Thumb Code     0  printfa.o(i.__0sprintf)
    __c89sprintf                             0x0800392d   Thumb Code     0  printfa.o(i.__0sprintf)
    sprintf                                  0x0800392d   Thumb Code     0  printfa.o(i.__0sprintf)
    __scatterload_copy                       0x08003955   Thumb Code    14  handlers.o(i.__scatterload_copy)
    __scatterload_null                       0x08003963   Thumb Code     2  handlers.o(i.__scatterload_null)
    __scatterload_zeroinit                   0x08003965   Thumb Code    14  handlers.o(i.__scatterload_zeroinit)
    __set_errno                              0x08003975   Thumb Code     6  errno.o(i.__set_errno)
    fputc                                    0x0800423d   Thumb Code    28  uart_io.o(i.fputc)
    init                                     0x0800425d   Thumb Code     8  init.o(i.init)
    main                                     0x08004265   Thumb Code   180  main.o(i.main)
    pvPortMalloc                             0x08004b55   Thumb Code   166  heap_2.o(i.pvPortMalloc)
    pvTaskIncrementMutexHeldCount            0x08004c0d   Thumb Code    26  tasks.o(i.pvTaskIncrementMutexHeldCount)
    pxPortInitialiseStack                    0x08004c2d   Thumb Code    30  port.o(i.pxPortInitialiseStack)
    sqrt                                     0x08004c51   Thumb Code    76  sqrt.o(i.sqrt)
    sys_clk_init                             0x08004c9d   Thumb Code    64  init.o(i.sys_clk_init)
    uart_io_init                             0x08004cdd   Thumb Code   240  uart_io.o(i.uart_io_init)
    uxListRemove                             0x08004ddd   Thumb Code    40  list.o(i.uxListRemove)
    vApplicationIdleHook                     0x08004e05   Thumb Code     2  main.o(i.vApplicationIdleHook)
    vListInitialise                          0x08004e07   Thumb Code    26  list.o(i.vListInitialise)
    vListInitialiseItem                      0x08004e21   Thumb Code     6  list.o(i.vListInitialiseItem)
    vListInsert                              0x08004e27   Thumb Code    52  list.o(i.vListInsert)
    vListInsertEnd                           0x08004e5b   Thumb Code    24  list.o(i.vListInsertEnd)
    vPortEnterCritical                       0x08004e75   Thumb Code    30  port.o(i.vPortEnterCritical)
    vPortExitCritical                        0x08004e99   Thumb Code    28  port.o(i.vPortExitCritical)
    vPortFree                                0x08004eb9   Thumb Code    56  heap_2.o(i.vPortFree)
    vPortSetupTimerInterrupt                 0x08004ef9   Thumb Code    14  port.o(i.vPortSetupTimerInterrupt)
    vQueueAddToRegistry                      0x08004f0d   Thumb Code    38  queue.o(i.vQueueAddToRegistry)
    vQueueWaitForMessageRestricted           0x08004f39   Thumb Code    74  queue.o(i.vQueueWaitForMessageRestricted)
    vTaskDelay                               0x08004f85   Thumb Code    46  tasks.o(i.vTaskDelay)
    vTaskDelete                              0x08004fb9   Thumb Code   132  tasks.o(i.vTaskDelete)
    vTaskMissedYield                         0x08005059   Thumb Code     8  tasks.o(i.vTaskMissedYield)
    vTaskPlaceOnEventList                    0x08005065   Thumb Code    28  tasks.o(i.vTaskPlaceOnEventList)
    vTaskPlaceOnEventListRestricted          0x08005085   Thumb Code    36  tasks.o(i.vTaskPlaceOnEventListRestricted)
    vTaskPriorityInherit                     0x080050ad   Thumb Code   128  tasks.o(i.vTaskPriorityInherit)
    vTaskSetTimeOutState                     0x08005139   Thumb Code    14  tasks.o(i.vTaskSetTimeOutState)
    vTaskStartScheduler                      0x08005151   Thumb Code    82  tasks.o(i.vTaskStartScheduler)
    vTaskSuspendAll                          0x080051c1   Thumb Code    12  tasks.o(i.vTaskSuspendAll)
    vTaskSwitchContext                       0x080051d1   Thumb Code    98  tasks.o(i.vTaskSwitchContext)
    xPortStartScheduler                      0x08005249   Thumb Code    42  port.o(i.xPortStartScheduler)
    xQueueGenericCreate                      0x0800527d   Thumb Code    56  queue.o(i.xQueueGenericCreate)
    xQueueGenericReceive                     0x080052b5   Thumb Code   342  queue.o(i.xQueueGenericReceive)
    xQueueGenericReset                       0x08005411   Thumb Code   122  queue.o(i.xQueueGenericReset)
    xQueueGenericSend                        0x08005491   Thumb Code   276  queue.o(i.xQueueGenericSend)
    xQueueGenericSendFromISR                 0x080055a9   Thumb Code   134  queue.o(i.xQueueGenericSendFromISR)
    xQueueGiveFromISR                        0x0800562f   Thumb Code   120  queue.o(i.xQueueGiveFromISR)
    xTaskCheckForTimeOut                     0x080056a9   Thumb Code    84  tasks.o(i.xTaskCheckForTimeOut)
    xTaskCreate                              0x08005705   Thumb Code    96  tasks.o(i.xTaskCreate)
    xTaskGetSchedulerState                   0x08005765   Thumb Code    24  tasks.o(i.xTaskGetSchedulerState)
    xTaskGetTickCount                        0x08005785   Thumb Code     6  tasks.o(i.xTaskGetTickCount)
    xTaskIncrementTick                       0x08005791   Thumb Code   214  tasks.o(i.xTaskIncrementTick)
    xTaskPriorityDisinherit                  0x08005895   Thumb Code    86  tasks.o(i.xTaskPriorityDisinherit)
    xTaskRemoveFromEventList                 0x080058f5   Thumb Code   102  tasks.o(i.xTaskRemoveFromEventList)
    xTaskResumeAll                           0x08005975   Thumb Code   194  tasks.o(i.xTaskResumeAll)
    xTimerCreateTimerTask                    0x08005a5d   Thumb Code    40  timers.o(i.xTimerCreateTimerTask)
    xTimerGenericCommand                     0x08005a99   Thumb Code   102  timers.o(i.xTimerGenericCommand)
    realCoefAQ15                             0x080069e4   Data       16384  arm_rfft_init_q15.o(.constdata)
    realCoefBQ15                             0x0800a9e4   Data       16384  arm_rfft_init_q15.o(.constdata)
    arm_cfft_sR_q15_len16                    0x0800e9e4   Data          16  arm_const_structs.o(.constdata)
    arm_cfft_sR_q15_len32                    0x0800e9f4   Data          16  arm_const_structs.o(.constdata)
    arm_cfft_sR_q15_len64                    0x0800ea04   Data          16  arm_const_structs.o(.constdata)
    arm_cfft_sR_q15_len128                   0x0800ea14   Data          16  arm_const_structs.o(.constdata)
    arm_cfft_sR_q15_len256                   0x0800ea24   Data          16  arm_const_structs.o(.constdata)
    arm_cfft_sR_q15_len512                   0x0800ea34   Data          16  arm_const_structs.o(.constdata)
    arm_cfft_sR_q15_len1024                  0x0800ea44   Data          16  arm_const_structs.o(.constdata)
    arm_cfft_sR_q15_len2048                  0x0800ea54   Data          16  arm_const_structs.o(.constdata)
    arm_cfft_sR_q15_len4096                  0x0800ea64   Data          16  arm_const_structs.o(.constdata)
    twiddleCoef_16_q15                       0x0800ea74   Data          48  arm_common_tables.o(.constdata)
    twiddleCoef_32_q15                       0x0800eaa4   Data          96  arm_common_tables.o(.constdata)
    twiddleCoef_64_q15                       0x0800eb04   Data         192  arm_common_tables.o(.constdata)
    twiddleCoef_128_q15                      0x0800ebc4   Data         384  arm_common_tables.o(.constdata)
    twiddleCoef_256_q15                      0x0800ed44   Data         768  arm_common_tables.o(.constdata)
    twiddleCoef_512_q15                      0x0800f044   Data        1536  arm_common_tables.o(.constdata)
    twiddleCoef_1024_q15                     0x0800f644   Data        3072  arm_common_tables.o(.constdata)
    twiddleCoef_2048_q15                     0x08010244   Data        6144  arm_common_tables.o(.constdata)
    twiddleCoef_4096_q15                     0x08011a44   Data       12288  arm_common_tables.o(.constdata)
    armBitRevIndexTable_fixed_16             0x08014a44   Data          24  arm_common_tables.o(.constdata)
    armBitRevIndexTable_fixed_32             0x08014a5c   Data          48  arm_common_tables.o(.constdata)
    armBitRevIndexTable_fixed_64             0x08014a8c   Data         112  arm_common_tables.o(.constdata)
    armBitRevIndexTable_fixed_128            0x08014afc   Data         224  arm_common_tables.o(.constdata)
    armBitRevIndexTable_fixed_256            0x08014bdc   Data         480  arm_common_tables.o(.constdata)
    armBitRevIndexTable_fixed_512            0x08014dbc   Data         960  arm_common_tables.o(.constdata)
    armBitRevIndexTable_fixed_1024           0x0801517c   Data        1984  arm_common_tables.o(.constdata)
    armBitRevIndexTable_fixed_2048           0x0801593c   Data        3968  arm_common_tables.o(.constdata)
    armBitRevIndexTable_fixed_4096           0x080168bc   Data        8064  arm_common_tables.o(.constdata)
    Region$$Table$$Base                      0x0801883c   Number         0  anon$$obj.o(Region$$Table)
    Region$$Table$$Limit                     0x0801885c   Number         0  anon$$obj.o(Region$$Table)
    stdin_queue                              0x20000000   Data           4  main.o(.data)
    stdout_queue                             0x20000004   Data           4  main.o(.data)
    SemaphoreDMA                             0x20000008   Data           4  main.o(.data)
    ping_pong                                0x2000000c   Data           4  main.o(.data)
    signal                                   0x2000001c   Data           1  menu.o(.data)
    U_MENU_Item                              0x2000001d   Data           1  menu.o(.data)
    U_MENU_Message                           0x20000020   Data           4  menu.o(.data)
    period_global                            0x20000024   Data           2  menu.o(.data)
    thd                                      0x20000028   Data           4  menu.o(.data)
    pxCurrentTCB                             0x2000004c   Data           4  tasks.o(.data)
    SystemCoreClock                          0x2000009c   Data           4  system_mdr32f9qx.o(.data)
    __stdout                                 0x200000a0   Data           4  stdout.o(.data)
    ADC_Buffer_ping                          0x200000a8   Data        1200  main.o(.bss)
    ADC_Buffer_pong                          0x20000558   Data        1200  main.o(.bss)
    fft_res                                  0x20000a08   Data         128  menu.o(.bss)
    S                                        0x20000a88   Data          24  menu.o(.bss)
    fft_amp                                  0x20000aa0   Data          64  menu.o(.bss)
    fft_amp_norm                             0x20000ae0   Data          64  menu.o(.bss)
    message                                  0x20000b20   Data          64  menu.o(.bss)
    DMA_InitStructure                        0x20000b60   Data          40  dma.o(.bss)
    DMA_Channel_InitStructure                0x20000b88   Data          16  dma.o(.bss)
    TIM_CntInit                              0x20000b98   Data          24  timer.o(.bss)
    xQueueRegistry                           0x20005bb0   Data          80  queue.o(.bss)
    DMA_ControlTable                         0x20006000   Data        1024  mdr32f9qx_dma.o(.bss)
    __initial_sp                             0x20006800   Data           0  startup_mdr32f9qx.o(STACK)



==============================================================================

Memory Map of the image

  Image Entry point : 0x08000181

  Load Region LR_IROM1 (Base: 0x08000000, Size: 0x00018904, Max: 0x00020000, ABSOLUTE)

    Execution Region ER_IROM1 (Exec base: 0x08000000, Load base: 0x08000000, Size: 0x0001885c, Max: 0x00020000, ABSOLUTE)

    Exec Addr    Load Addr    Size         Type   Attr      Idx    E Section Name        Object

    0x08000000   0x08000000   0x000000c0   Data   RO         1619    RESET               startup_mdr32f9qx.o
    0x080000c0   0x080000c0   0x000000c0   Code   RO         4075    . text              arm_cortexM3l_math.lib(arm_bitreversal2.o)
    0x08000180   0x08000180   0x00000000   Code   RO         4193  * .ARM.Collect$$$$00000000  mc_w.l(entry.o)
    0x08000180   0x08000180   0x00000004   Code   RO         4491    .ARM.Collect$$$$00000001  mc_w.l(entry2.o)
    0x08000184   0x08000184   0x00000004   Code   RO         4494    .ARM.Collect$$$$00000004  mc_w.l(entry5.o)
    0x08000188   0x08000188   0x00000000   Code   RO         4496    .ARM.Collect$$$$00000008  mc_w.l(entry7b.o)
    0x08000188   0x08000188   0x00000000   Code   RO         4498    .ARM.Collect$$$$0000000A  mc_w.l(entry8b.o)
    0x08000188   0x08000188   0x00000008   Code   RO         4499    .ARM.Collect$$$$0000000B  mc_w.l(entry9a.o)
    0x08000190   0x08000190   0x00000000   Code   RO         4501    .ARM.Collect$$$$0000000D  mc_w.l(entry10a.o)
    0x08000190   0x08000190   0x00000000   Code   RO         4503    .ARM.Collect$$$$0000000F  mc_w.l(entry11a.o)
    0x08000190   0x08000190   0x00000004   Code   RO         4492    .ARM.Collect$$$$00002712  mc_w.l(entry2.o)
    0x08000194   0x08000194   0x00000096   Code   RO          784    .emb_text           port.o
    0x0800022a   0x0800022a   0x00000002   PAD
    0x0800022c   0x0800022c   0x00000024   Code   RO         1620    .text               startup_mdr32f9qx.o
    0x08000250   0x08000250   0x0000003e   Code   RO         3795    .text               arm_cortexM3l_math.lib(arm_cmplx_mag_q15.o)
    0x0800028e   0x0800028e   0x00000002   PAD
    0x08000290   0x08000290   0x000000cc   Code   RO         3841    .text               arm_cortexM3l_math.lib(arm_rfft_init_q15.o)
    0x0800035c   0x0800035c   0x0000026a   Code   RO         3876    .text               arm_cortexM3l_math.lib(arm_rfft_q15.o)
    0x080005c6   0x080005c6   0x00000002   PAD
    0x080005c8   0x080005c8   0x000000bc   Code   RO         3901    .text               arm_cortexM3l_math.lib(arm_sqrt_q15.o)
    0x08000684   0x08000684   0x0000026a   Code   RO         3925    .text               arm_cortexM3l_math.lib(arm_cfft_q15.o)
    0x080008ee   0x080008ee   0x000009f4   Code   RO         4027    .text               arm_cortexM3l_math.lib(arm_cfft_radix4_q15.o)
    0x080012e2   0x080012e2   0x000001d2   Code   RO         4164    .text               arm_cortexM3l_math.lib(arm_bitreversal.o)
    0x080014b4   0x080014b4   0x00000024   Code   RO         4196    .text               mc_w.l(memcpya.o)
    0x080014d8   0x080014d8   0x000000b0   Code   RO         4467    .text               mf_w.l(fadd.o)
    0x08001588   0x08001588   0x00000064   Code   RO         4469    .text               mf_w.l(fmul.o)
    0x080015ec   0x080015ec   0x0000007c   Code   RO         4471    .text               mf_w.l(fdiv.o)
    0x08001668   0x08001668   0x00000018   Code   RO         4473    .text               mf_w.l(fscalb.o)
    0x08001680   0x08001680   0x000000e4   Code   RO         4475    .text               mf_w.l(dmul.o)
    0x08001764   0x08001764   0x00000012   Code   RO         4477    .text               mf_w.l(fflti.o)
    0x08001776   0x08001776   0x0000000a   Code   RO         4479    .text               mf_w.l(ffltui.o)
    0x08001780   0x08001780   0x00000032   Code   RO         4481    .text               mf_w.l(ffixi.o)
    0x080017b2   0x080017b2   0x00000028   Code   RO         4483    .text               mf_w.l(ffixui.o)
    0x080017da   0x080017da   0x00000026   Code   RO         4485    .text               mf_w.l(f2d.o)
    0x08001800   0x08001800   0x00000038   Code   RO         4487    .text               mf_w.l(d2f.o)
    0x08001838   0x08001838   0x00000014   Code   RO         4489    .text               mf_w.l(cfcmple.o)
    0x0800184c   0x0800184c   0x0000002c   Code   RO         4507    .text               mc_w.l(uidiv.o)
    0x08001878   0x08001878   0x00000062   Code   RO         4509    .text               mc_w.l(uldiv.o)
    0x080018da   0x080018da   0x00000000   Code   RO         4520    .text               mc_w.l(iusefp.o)
    0x080018da   0x080018da   0x0000006e   Code   RO         4521    .text               mf_w.l(fepilogue.o)
    0x08001948   0x08001948   0x000000ba   Code   RO         4523    .text               mf_w.l(depilogue.o)
    0x08001a02   0x08001a02   0x0000014e   Code   RO         4525    .text               mf_w.l(dadd.o)
    0x08001b50   0x08001b50   0x000000de   Code   RO         4527    .text               mf_w.l(ddiv.o)
    0x08001c2e   0x08001c2e   0x000000a2   Code   RO         4529    .text               mf_w.l(dsqrt.o)
    0x08001cd0   0x08001cd0   0x00000030   Code   RO         4531    .text               mf_w.l(dfixul.o)
    0x08001d00   0x08001d00   0x00000030   Code   RO         4535    .text               mf_w.l(cdrcmple.o)
    0x08001d30   0x08001d30   0x00000024   Code   RO         4537    .text               mc_w.l(init.o)
    0x08001d54   0x08001d54   0x0000001e   Code   RO         4542    .text               mc_w.l(llshl.o)
    0x08001d72   0x08001d72   0x00000020   Code   RO         4544    .text               mc_w.l(llushr.o)
    0x08001d92   0x08001d92   0x00000024   Code   RO         4546    .text               mc_w.l(llsshr.o)
    0x08001db6   0x08001db6   0x00000002   PAD
    0x08001db8   0x08001db8   0x0000001c   Code   RO         1666    i.ADC1_Cmd          mdr32f9qx_adc.o
    0x08001dd4   0x08001dd4   0x0000005c   Code   RO         1672    i.ADC1_Init         mdr32f9qx_adc.o
    0x08001e30   0x08001e30   0x00000014   Code   RO         1680    i.ADC1_Start        mdr32f9qx_adc.o
    0x08001e44   0x08001e44   0x00000002   Code   RO          175    i.ADC_IRQHandler    mdr32f9qx_it.o
    0x08001e46   0x08001e46   0x00000002   PAD
    0x08001e48   0x08001e48   0x00000040   Code   RO         1704    i.ADC_Init          mdr32f9qx_adc.o
    0x08001e88   0x08001e88   0x00000080   Code   RO          527    i.ADC_init          adc.o
    0x08001f08   0x08001f08   0x00000002   Code   RO          176    i.BACKUP_IRQHandler  mdr32f9qx_it.o
    0x08001f0a   0x08001f0a   0x00000004   Code   RO          177    i.BusFault_Handler  mdr32f9qx_it.o
    0x08001f0e   0x08001f0e   0x00000002   Code   RO          178    i.CAN1_IRQHandler   mdr32f9qx_it.o
    0x08001f10   0x08001f10   0x00000002   Code   RO          179    i.CAN2_IRQHandler   mdr32f9qx_it.o
    0x08001f12   0x08001f12   0x00000002   Code   RO          180    i.COMPARATOR_IRQHandler  mdr32f9qx_it.o
    0x08001f14   0x08001f14   0x0000001c   Code   RO         2455    i.DMA_Cmd           mdr32f9qx_dma.o
    0x08001f30   0x08001f30   0x00000070   Code   RO         2456    i.DMA_CtrlDataInit  mdr32f9qx_dma.o
    0x08001fa0   0x08001fa0   0x00000020   Code   RO         2458    i.DMA_DeInit        mdr32f9qx_dma.o
    0x08001fc0   0x08001fc0   0x0000006c   Code   RO            4    i.DMA_IRQHandler    main.o
    0x0800202c   0x0800202c   0x00000094   Code   RO         2461    i.DMA_Init          mdr32f9qx_dma.o
    0x080020c0   0x080020c0   0x00000010   Code   RO         2466    i.DMA_StructInit    mdr32f9qx_dma.o
    0x080020d0   0x080020d0   0x000000d0   Code   RO          554    i.DMA_init          dma.o
    0x080021a0   0x080021a0   0x00000002   Code   RO          181    i.DebugMon_Handler  mdr32f9qx_it.o
    0x080021a2   0x080021a2   0x00000002   Code   RO          182    i.EXT_INT1_IRQHandler  mdr32f9qx_it.o
    0x080021a4   0x080021a4   0x00000002   Code   RO          183    i.EXT_INT2_IRQHandler  mdr32f9qx_it.o
    0x080021a6   0x080021a6   0x00000002   Code   RO          184    i.EXT_INT3_IRQHandler  mdr32f9qx_it.o
    0x080021a8   0x080021a8   0x00000002   Code   RO          185    i.EXT_INT4_IRQHandler  mdr32f9qx_it.o
    0x080021aa   0x080021aa   0x00000004   Code   RO          186    i.HardFault_Handler  mdr32f9qx_it.o
    0x080021ae   0x080021ae   0x00000002   Code   RO          187    i.I2C_IRQHandler    mdr32f9qx_it.o
    0x080021b0   0x080021b0   0x00000004   Code   RO          188    i.MemManage_Handler  mdr32f9qx_it.o
    0x080021b4   0x080021b4   0x00000002   Code   RO          189    i.NMI_Handler       mdr32f9qx_it.o
    0x080021b6   0x080021b6   0x00000002   PAD
    0x080021b8   0x080021b8   0x000001c8   Code   RO         2818    i.PORT_Init         mdr32f9qx_port.o
    0x08002380   0x08002380   0x00000010   Code   RO         2820    i.PORT_ReadInputDataBit  mdr32f9qx_port.o
    0x08002390   0x08002390   0x0000001c   Code   RO         2821    i.PORT_ResetBits    mdr32f9qx_port.o
    0x080023ac   0x080023ac   0x0000001c   Code   RO         2822    i.PORT_SetBits      mdr32f9qx_port.o
    0x080023c8   0x080023c8   0x0000001c   Code   RO         2823    i.PORT_StructInit   mdr32f9qx_port.o
    0x080023e4   0x080023e4   0x00000002   Code   RO          190    i.POWER_IRQHandler  mdr32f9qx_it.o
    0x080023e6   0x080023e6   0x00000002   PAD
    0x080023e8   0x080023e8   0x0000000c   Code   RO         3003    i.RST_CLK_CPU_PLLcmd  mdr32f9qx_rst_clk.o
    0x080023f4   0x080023f4   0x00000040   Code   RO         3004    i.RST_CLK_CPU_PLLconfig  mdr32f9qx_rst_clk.o
    0x08002434   0x08002434   0x00000034   Code   RO         3005    i.RST_CLK_CPU_PLLstatus  mdr32f9qx_rst_clk.o
    0x08002468   0x08002468   0x0000000c   Code   RO         3006    i.RST_CLK_CPU_PLLuse  mdr32f9qx_rst_clk.o
    0x08002474   0x08002474   0x00000018   Code   RO         3007    i.RST_CLK_CPUclkPrescaler  mdr32f9qx_rst_clk.o
    0x0800248c   0x0800248c   0x00000014   Code   RO         3008    i.RST_CLK_CPUclkSelection  mdr32f9qx_rst_clk.o
    0x080024a0   0x080024a0   0x00000274   Code   RO         3010    i.RST_CLK_GetClocksFreq  mdr32f9qx_rst_clk.o
    0x08002714   0x08002714   0x00000034   Code   RO         3011    i.RST_CLK_GetFlagStatus  mdr32f9qx_rst_clk.o
    0x08002748   0x08002748   0x0000003c   Code   RO         3013    i.RST_CLK_HSEconfig  mdr32f9qx_rst_clk.o
    0x08002784   0x08002784   0x00000034   Code   RO         3014    i.RST_CLK_HSEstatus  mdr32f9qx_rst_clk.o
    0x080027b8   0x080027b8   0x00000020   Code   RO         3024    i.RST_CLK_PCLKcmd   mdr32f9qx_rst_clk.o
    0x080027d8   0x080027d8   0x00000002   Code   RO          191    i.SSP1_IRQHandler   mdr32f9qx_it.o
    0x080027da   0x080027da   0x00000002   Code   RO          192    i.SSP2_IRQHandler   mdr32f9qx_it.o
    0x080027dc   0x080027dc   0x00000034   Code   RO          785    i.SysTick_Handler   port.o
    0x08002810   0x08002810   0x00000090   Code   RO         1627    i.SystemCoreClockUpdate  system_mdr32f9qx.o
    0x080028a0   0x080028a0   0x00000040   Code   RO         1628    i.SystemInit        system_mdr32f9qx.o
    0x080028e0   0x080028e0   0x00000054   Code   RO         3321    i.TIMER_BRGInit     mdr32f9qx_timer.o
    0x08002934   0x08002934   0x00000008   Code   RO         3347    i.TIMER_ClearFlag   mdr32f9qx_timer.o
    0x0800293c   0x0800293c   0x00000014   Code   RO         3348    i.TIMER_Cmd         mdr32f9qx_timer.o
    0x08002950   0x08002950   0x00000036   Code   RO         3351    i.TIMER_CntInit     mdr32f9qx_timer.o
    0x08002986   0x08002986   0x0000001c   Code   RO         3352    i.TIMER_CntStructInit  mdr32f9qx_timer.o
    0x080029a2   0x080029a2   0x00000044   Code   RO         3355    i.TIMER_DeInit      mdr32f9qx_timer.o
    0x080029e6   0x080029e6   0x00000012   Code   RO         3370    i.TIMER_ITConfig    mdr32f9qx_timer.o
    0x080029f8   0x080029f8   0x000003bc   Code   RO          394    i.Task_DSP          menu.o
    0x08002db4   0x08002db4   0x0000003c   Code   RO          395    i.Task_output       menu.o
    0x08002df0   0x08002df0   0x000000a4   Code   RO          585    i.Timer1_init       timer.o
    0x08002e94   0x08002e94   0x00000014   Code   RO            5    i.Timer2_IRQHandler  main.o
    0x08002ea8   0x08002ea8   0x00000002   Code   RO          193    i.Timer3_IRQHandler  mdr32f9qx_it.o
    0x08002eaa   0x08002eaa   0x00000002   Code   RO          194    i.UART1_IRQHandler  mdr32f9qx_it.o
    0x08002eac   0x08002eac   0x00000058   Code   RO            6    i.UART2_IRQHandler  main.o
    0x08002f04   0x08002f04   0x0000003c   Code   RO         3675    i.UART_BRGInit      mdr32f9qx_uart.o
    0x08002f40   0x08002f40   0x00000008   Code   RO         3677    i.UART_ClearITPendingBit  mdr32f9qx_uart.o
    0x08002f48   0x08002f48   0x00000018   Code   RO         3678    i.UART_Cmd          mdr32f9qx_uart.o
    0x08002f60   0x08002f60   0x00000010   Code   RO         3682    i.UART_GetFlagStatus  mdr32f9qx_uart.o
    0x08002f70   0x08002f70   0x00000010   Code   RO         3684    i.UART_GetITStatusMasked  mdr32f9qx_uart.o
    0x08002f80   0x08002f80   0x00000012   Code   RO         3685    i.UART_ITConfig     mdr32f9qx_uart.o
    0x08002f92   0x08002f92   0x00000002   PAD
    0x08002f94   0x08002f94   0x000000b0   Code   RO         3686    i.UART_Init         mdr32f9qx_uart.o
    0x08003044   0x08003044   0x00000008   Code   RO         3689    i.UART_ReceiveData  mdr32f9qx_uart.o
    0x0800304c   0x0800304c   0x00000006   Code   RO         3690    i.UART_SendData     mdr32f9qx_uart.o
    0x08003052   0x08003052   0x00000002   Code   RO          195    i.USB_IRQHandler    mdr32f9qx_it.o
    0x08003054   0x08003054   0x0000003c   Code   RO          364    i.U_BTN_Init        button.o
    0x08003090   0x08003090   0x00000018   Code   RO          365    i.U_BTN_Read_Button  button.o
    0x080030a8   0x080030a8   0x0000012c   Code   RO          400    i.U_MENU_Task_Function  menu.o
    0x080031d4   0x080031d4   0x00000018   Code   RO         1478    i.U_MLT_Clear_Chip  mlt_lcd.o
    0x080031ec   0x080031ec   0x0000003a   Code   RO         1479    i.U_MLT_Clear_Page  mlt_lcd.o
    0x08003226   0x08003226   0x00000012   Code   RO         1480    i.U_MLT_Delay       mlt_lcd.o
    0x08003238   0x08003238   0x000000cc   Code   RO         1482    i.U_MLT_Disp_On     mlt_lcd.o
    0x08003304   0x08003304   0x00000044   Code   RO         1483    i.U_MLT_Init        mlt_lcd.o
    0x08003348   0x08003348   0x00000044   Code   RO         1484    i.U_MLT_LCD_Init    mlt_lcd.o
    0x0800338c   0x0800338c   0x0000008c   Code   RO         1485    i.U_MLT_Pin_Cfg     mlt_lcd.o
    0x08003418   0x08003418   0x00000084   Code   RO         1486    i.U_MLT_Put_Char    mlt_lcd.o
    0x0800349c   0x0800349c   0x0000008c   Code   RO         1487    i.U_MLT_Put_Image   mlt_lcd.o
    0x08003528   0x08003528   0x00000036   Code   RO         1488    i.U_MLT_Put_String  mlt_lcd.o
    0x0800355e   0x0800355e   0x00000002   PAD
    0x08003560   0x08003560   0x000000c8   Code   RO         1490    i.U_MLT_Read_Status  mlt_lcd.o
    0x08003628   0x08003628   0x000000d0   Code   RO         1492    i.U_MLT_Set_Address  mlt_lcd.o
    0x080036f8   0x080036f8   0x00000044   Code   RO         1493    i.U_MLT_Set_Data_Bits  mlt_lcd.o
    0x0800373c   0x0800373c   0x000000d0   Code   RO         1494    i.U_MLT_Set_Page    mlt_lcd.o
    0x0800380c   0x0800380c   0x000000d0   Code   RO         1495    i.U_MLT_Write_Data  mlt_lcd.o
    0x080038dc   0x080038dc   0x00000028   Code   RO          401    i.U_Privet          menu.o
    0x08003904   0x08003904   0x00000004   Code   RO          196    i.UsageFault_Handler  mdr32f9qx_it.o
    0x08003908   0x08003908   0x00000002   Code   RO          197    i.WWDG_IRQHandler   mdr32f9qx_it.o
    0x0800390a   0x0800390a   0x00000002   PAD
    0x0800390c   0x0800390c   0x00000020   Code   RO         4435    i.__0printf         mc_w.l(printfa.o)
    0x0800392c   0x0800392c   0x00000028   Code   RO         4437    i.__0sprintf        mc_w.l(printfa.o)
    0x08003954   0x08003954   0x0000000e   Code   RO         4561    i.__scatterload_copy  mc_w.l(handlers.o)
    0x08003962   0x08003962   0x00000002   Code   RO         4562    i.__scatterload_null  mc_w.l(handlers.o)
    0x08003964   0x08003964   0x0000000e   Code   RO         4563    i.__scatterload_zeroinit  mc_w.l(handlers.o)
    0x08003972   0x08003972   0x00000002   PAD
    0x08003974   0x08003974   0x0000000c   Code   RO         4513    i.__set_errno       mc_w.l(errno.o)
    0x08003980   0x08003980   0x00000184   Code   RO         4442    i._fp_digits        mc_w.l(printfa.o)
    0x08003b04   0x08003b04   0x000006dc   Code   RO         4443    i._printf_core      mc_w.l(printfa.o)
    0x080041e0   0x080041e0   0x00000024   Code   RO         4444    i._printf_post_padding  mc_w.l(printfa.o)
    0x08004204   0x08004204   0x0000002e   Code   RO         4445    i._printf_pre_padding  mc_w.l(printfa.o)
    0x08004232   0x08004232   0x0000000a   Code   RO         4447    i._sputc            mc_w.l(printfa.o)
    0x0800423c   0x0800423c   0x00000020   Code   RO          477    i.fputc             uart_io.o
    0x0800425c   0x0800425c   0x00000008   Code   RO          326    i.init              init.o
    0x08004264   0x08004264   0x000000f0   Code   RO            7    i.main              main.o
    0x08004354   0x08004354   0x0000007c   Code   RO         1035    i.prvAddCurrentTaskToDelayedList  tasks.o
    0x080043d0   0x080043d0   0x000000b0   Code   RO         1036    i.prvAddNewTaskToReadyList  tasks.o
    0x08004480   0x08004480   0x00000064   Code   RO         1357    i.prvCheckForValidListAndQueue  timers.o
    0x080044e4   0x080044e4   0x00000064   Code   RO         1037    i.prvCheckTasksWaitingTermination  tasks.o
    0x08004548   0x08004548   0x0000002a   Code   RO          856    i.prvCopyDataFromQueue  queue.o
    0x08004572   0x08004572   0x0000007c   Code   RO          857    i.prvCopyDataToQueue  queue.o
    0x080045ee   0x080045ee   0x00000012   Code   RO         1038    i.prvDeleteTCB      tasks.o
    0x08004600   0x08004600   0x00000028   Code   RO         1358    i.prvGetNextExpireTime  timers.o
    0x08004628   0x08004628   0x00000038   Code   RO          710    i.prvHeapInit       heap_2.o
    0x08004660   0x08004660   0x0000002c   Code   RO         1039    i.prvIdleTask       tasks.o
    0x0800468c   0x0800468c   0x00000026   Code   RO          859    i.prvInitialiseNewQueue  queue.o
    0x080046b2   0x080046b2   0x0000009a   Code   RO         1040    i.prvInitialiseNewTask  tasks.o
    0x0800474c   0x0800474c   0x00000068   Code   RO         1041    i.prvInitialiseTaskLists  tasks.o
    0x080047b4   0x080047b4   0x00000058   Code   RO         1360    i.prvInsertTimerInActiveList  timers.o
    0x0800480c   0x0800480c   0x0000001a   Code   RO          860    i.prvIsQueueEmpty   queue.o
    0x08004826   0x08004826   0x0000001e   Code   RO          861    i.prvIsQueueFull    queue.o
    0x08004844   0x08004844   0x0000004c   Code   RO         1361    i.prvProcessExpiredTimer  timers.o
    0x08004890   0x08004890   0x000000bc   Code   RO         1362    i.prvProcessReceivedCommands  timers.o
    0x0800494c   0x0800494c   0x00000074   Code   RO         1363    i.prvProcessTimerOrBlockTask  timers.o
    0x080049c0   0x080049c0   0x00000034   Code   RO         1042    i.prvResetNextTaskUnblockTime  tasks.o
    0x080049f4   0x080049f4   0x0000002c   Code   RO         1364    i.prvSampleTimeNow  timers.o
    0x08004a20   0x08004a20   0x00000084   Code   RO         1365    i.prvSwitchTimerLists  timers.o
    0x08004aa4   0x08004aa4   0x00000016   Code   RO          786    i.prvTaskExitError  port.o
    0x08004aba   0x08004aba   0x0000001a   Code   RO         1366    i.prvTimerTask      timers.o
    0x08004ad4   0x08004ad4   0x0000007e   Code   RO          862    i.prvUnlockQueue    queue.o
    0x08004b52   0x08004b52   0x00000002   PAD
    0x08004b54   0x08004b54   0x000000b8   Code   RO          711    i.pvPortMalloc      heap_2.o
    0x08004c0c   0x08004c0c   0x00000020   Code   RO         1045    i.pvTaskIncrementMutexHeldCount  tasks.o
    0x08004c2c   0x08004c2c   0x00000024   Code   RO          787    i.pxPortInitialiseStack  port.o
    0x08004c50   0x08004c50   0x0000004c   Code   RO         4186    i.sqrt              m_ws.l(sqrt.o)
    0x08004c9c   0x08004c9c   0x00000040   Code   RO          327    i.sys_clk_init      init.o
    0x08004cdc   0x08004cdc   0x00000100   Code   RO          478    i.uart_io_init      uart_io.o
    0x08004ddc   0x08004ddc   0x00000028   Code   RO          748    i.uxListRemove      list.o
    0x08004e04   0x08004e04   0x00000002   Code   RO            8    i.vApplicationIdleHook  main.o
    0x08004e06   0x08004e06   0x0000001a   Code   RO          749    i.vListInitialise   list.o
    0x08004e20   0x08004e20   0x00000006   Code   RO          750    i.vListInitialiseItem  list.o
    0x08004e26   0x08004e26   0x00000034   Code   RO          751    i.vListInsert       list.o
    0x08004e5a   0x08004e5a   0x00000018   Code   RO          752    i.vListInsertEnd    list.o
    0x08004e72   0x08004e72   0x00000002   PAD
    0x08004e74   0x08004e74   0x00000024   Code   RO          789    i.vPortEnterCritical  port.o
    0x08004e98   0x08004e98   0x00000020   Code   RO          790    i.vPortExitCritical  port.o
    0x08004eb8   0x08004eb8   0x00000040   Code   RO          712    i.vPortFree         heap_2.o
    0x08004ef8   0x08004ef8   0x00000014   Code   RO          791    i.vPortSetupTimerInterrupt  port.o
    0x08004f0c   0x08004f0c   0x0000002c   Code   RO          866    i.vQueueAddToRegistry  queue.o
    0x08004f38   0x08004f38   0x0000004a   Code   RO          869    i.vQueueWaitForMessageRestricted  queue.o
    0x08004f82   0x08004f82   0x00000002   PAD
    0x08004f84   0x08004f84   0x00000034   Code   RO         1051    i.vTaskDelay        tasks.o
    0x08004fb8   0x08004fb8   0x000000a0   Code   RO         1053    i.vTaskDelete       tasks.o
    0x08005058   0x08005058   0x0000000c   Code   RO         1055    i.vTaskMissedYield  tasks.o
    0x08005064   0x08005064   0x00000020   Code   RO         1057    i.vTaskPlaceOnEventList  tasks.o
    0x08005084   0x08005084   0x00000028   Code   RO         1058    i.vTaskPlaceOnEventListRestricted  tasks.o
    0x080050ac   0x080050ac   0x0000008c   Code   RO         1060    i.vTaskPriorityInherit  tasks.o
    0x08005138   0x08005138   0x00000018   Code   RO         1064    i.vTaskSetTimeOutState  tasks.o
    0x08005150   0x08005150   0x00000070   Code   RO         1065    i.vTaskStartScheduler  tasks.o
    0x080051c0   0x080051c0   0x00000010   Code   RO         1067    i.vTaskSuspendAll   tasks.o
    0x080051d0   0x080051d0   0x00000078   Code   RO         1068    i.vTaskSwitchContext  tasks.o
    0x08005248   0x08005248   0x00000034   Code   RO          792    i.xPortStartScheduler  port.o
    0x0800527c   0x0800527c   0x00000038   Code   RO          872    i.xQueueGenericCreate  queue.o
    0x080052b4   0x080052b4   0x0000015c   Code   RO          873    i.xQueueGenericReceive  queue.o
    0x08005410   0x08005410   0x00000080   Code   RO          874    i.xQueueGenericReset  queue.o
    0x08005490   0x08005490   0x00000118   Code   RO          875    i.xQueueGenericSend  queue.o
    0x080055a8   0x080055a8   0x00000086   Code   RO          876    i.xQueueGenericSendFromISR  queue.o
    0x0800562e   0x0800562e   0x00000078   Code   RO          877    i.xQueueGiveFromISR  queue.o
    0x080056a6   0x080056a6   0x00000002   PAD
    0x080056a8   0x080056a8   0x0000005c   Code   RO         1069    i.xTaskCheckForTimeOut  tasks.o
    0x08005704   0x08005704   0x00000060   Code   RO         1070    i.xTaskCreate       tasks.o
    0x08005764   0x08005764   0x00000020   Code   RO         1074    i.xTaskGetSchedulerState  tasks.o
    0x08005784   0x08005784   0x0000000c   Code   RO         1075    i.xTaskGetTickCount  tasks.o
    0x08005790   0x08005790   0x00000104   Code   RO         1077    i.xTaskIncrementTick  tasks.o
    0x08005894   0x08005894   0x00000060   Code   RO         1080    i.xTaskPriorityDisinherit  tasks.o
    0x080058f4   0x080058f4   0x00000080   Code   RO         1081    i.xTaskRemoveFromEventList  tasks.o
    0x08005974   0x08005974   0x000000e8   Code   RO         1083    i.xTaskResumeAll    tasks.o
    0x08005a5c   0x08005a5c   0x0000003c   Code   RO         1370    i.xTimerCreateTimerTask  timers.o
    0x08005a98   0x08005a98   0x0000006c   Code   RO         1371    i.xTimerGenericCommand  timers.o
    0x08005b04   0x08005b04   0x000007c0   Data   RO          403    .constdata          menu.o
    0x080062c4   0x080062c4   0x00000720   Data   RO         1496    .constdata          mlt_lcd.o
    0x080069e4   0x080069e4   0x00008000   Data   RO         3842    .constdata          arm_cortexM3l_math.lib(arm_rfft_init_q15.o)
    0x0800e9e4   0x0800e9e4   0x00000010   Data   RO         3968    .constdata          arm_cortexM3l_math.lib(arm_const_structs.o)
    0x0800e9f4   0x0800e9f4   0x00000010   Data   RO         3969    .constdata          arm_cortexM3l_math.lib(arm_const_structs.o)
    0x0800ea04   0x0800ea04   0x00000010   Data   RO         3970    .constdata          arm_cortexM3l_math.lib(arm_const_structs.o)
    0x0800ea14   0x0800ea14   0x00000010   Data   RO         3971    .constdata          arm_cortexM3l_math.lib(arm_const_structs.o)
    0x0800ea24   0x0800ea24   0x00000010   Data   RO         3972    .constdata          arm_cortexM3l_math.lib(arm_const_structs.o)
    0x0800ea34   0x0800ea34   0x00000010   Data   RO         3973    .constdata          arm_cortexM3l_math.lib(arm_const_structs.o)
    0x0800ea44   0x0800ea44   0x00000010   Data   RO         3974    .constdata          arm_cortexM3l_math.lib(arm_const_structs.o)
    0x0800ea54   0x0800ea54   0x00000010   Data   RO         3975    .constdata          arm_cortexM3l_math.lib(arm_const_structs.o)
    0x0800ea64   0x0800ea64   0x00000010   Data   RO         3976    .constdata          arm_cortexM3l_math.lib(arm_const_structs.o)
    0x0800ea74   0x0800ea74   0x00000030   Data   RO         4101    .constdata          arm_cortexM3l_math.lib(arm_common_tables.o)
    0x0800eaa4   0x0800eaa4   0x00000060   Data   RO         4102    .constdata          arm_cortexM3l_math.lib(arm_common_tables.o)
    0x0800eb04   0x0800eb04   0x000000c0   Data   RO         4103    .constdata          arm_cortexM3l_math.lib(arm_common_tables.o)
    0x0800ebc4   0x0800ebc4   0x00000180   Data   RO         4104    .constdata          arm_cortexM3l_math.lib(arm_common_tables.o)
    0x0800ed44   0x0800ed44   0x00000300   Data   RO         4105    .constdata          arm_cortexM3l_math.lib(arm_common_tables.o)
    0x0800f044   0x0800f044   0x00000600   Data   RO         4106    .constdata          arm_cortexM3l_math.lib(arm_common_tables.o)
    0x0800f644   0x0800f644   0x00000c00   Data   RO         4107    .constdata          arm_cortexM3l_math.lib(arm_common_tables.o)
    0x08010244   0x08010244   0x00001800   Data   RO         4108    .constdata          arm_cortexM3l_math.lib(arm_common_tables.o)
    0x08011a44   0x08011a44   0x00003000   Data   RO         4109    .constdata          arm_cortexM3l_math.lib(arm_common_tables.o)
    0x08014a44   0x08014a44   0x00000018   Data   RO         4121    .constdata          arm_cortexM3l_math.lib(arm_common_tables.o)
    0x08014a5c   0x08014a5c   0x00000030   Data   RO         4122    .constdata          arm_cortexM3l_math.lib(arm_common_tables.o)
    0x08014a8c   0x08014a8c   0x00000070   Data   RO         4123    .constdata          arm_cortexM3l_math.lib(arm_common_tables.o)
    0x08014afc   0x08014afc   0x000000e0   Data   RO         4124    .constdata          arm_cortexM3l_math.lib(arm_common_tables.o)
    0x08014bdc   0x08014bdc   0x000001e0   Data   RO         4125    .constdata          arm_cortexM3l_math.lib(arm_common_tables.o)
    0x08014dbc   0x08014dbc   0x000003c0   Data   RO         4126    .constdata          arm_cortexM3l_math.lib(arm_common_tables.o)
    0x0801517c   0x0801517c   0x000007c0   Data   RO         4127    .constdata          arm_cortexM3l_math.lib(arm_common_tables.o)
    0x0801593c   0x0801593c   0x00000f80   Data   RO         4128    .constdata          arm_cortexM3l_math.lib(arm_common_tables.o)
    0x080168bc   0x080168bc   0x00001f80   Data   RO         4129    .constdata          arm_cortexM3l_math.lib(arm_common_tables.o)
    0x0801883c   0x0801883c   0x00000020   Data   RO         4559    Region$$Table       anon$$obj.o


    Execution Region RW_IRAM1 (Exec base: 0x20000000, Load base: 0x0801885c, Size: 0x00006800, Max: 0x00008000, ABSOLUTE)

    Exec Addr    Load Addr    Size         Type   Attr      Idx    E Section Name        Object

    0x20000000   0x0801885c   0x0000001c   Data   RW           11    .data               main.o
    0x2000001c   0x08018878   0x00000011   Data   RW          404    .data               menu.o
    0x2000002d   0x08018889   0x00000003   PAD
    0x20000030   0x0801888c   0x00000018   Data   RW          716    .data               heap_2.o
    0x20000048   0x080188a4   0x00000004   Data   RW          793    .data               port.o
    0x2000004c   0x080188a8   0x0000003c   Data   RW         1086    .data               tasks.o
    0x20000088   0x080188e4   0x00000014   Data   RW         1377    .data               timers.o
    0x2000009c   0x080188f8   0x00000004   Data   RW         1629    .data               system_mdr32f9qx.o
    0x200000a0   0x080188fc   0x00000004   Data   RW         4506    .data               mc_w.l(stdout.o)
    0x200000a4   0x08018900   0x00000004   Data   RW         4514    .data               mc_w.l(errno.o)
    0x200000a8        -       0x00000960   Zero   RW            9    .bss                main.o
    0x20000a08        -       0x00000158   Zero   RW          402    .bss                menu.o
    0x20000b60        -       0x00000038   Zero   RW          555    .bss                dma.o
    0x20000b98        -       0x00000018   Zero   RW          586    .bss                timer.o
    0x20000bb0        -       0x00005000   Zero   RW          715    .bss                heap_2.o
    0x20005bb0        -       0x00000050   Zero   RW          884    .bss                queue.o
    0x20005c00        -       0x000000c8   Zero   RW         1085    .bss                tasks.o
    0x20005cc8        -       0x00000028   Zero   RW         1376    .bss                timers.o
    0x20005cf0   0x08018904   0x00000310   PAD
    0x20006000        -       0x00000400   Zero   RW         2467    .bss                mdr32f9qx_dma.o
    0x20006400        -       0x00000400   Zero   RW         1617    STACK               startup_mdr32f9qx.o


==============================================================================

Image component sizes


      Code (inc. data)   RO Data    RW Data    ZI Data      Debug   Object Name

       128          6          0          0          0        575   adc.o
        84          8          0          0          0        893   button.o
       208         34          0          0         56        965   dma.o
         0          0          0          0          0      11188   event_groups.o
       304         40          0         24      20480       3159   heap_2.o
        72          0          0          0          0        790   init.o
       148          0          0          0          0       2762   list.o
       458        116          0         28       2400     121578   main.o
       204         30          0          0          0       2995   mdr32f9qx_adc.o
       336         18          0          0       1024       4021   mdr32f9qx_dma.o
        54          0          0          0          0       8784   mdr32f9qx_it.o
       556         18          0          0          0       4098   mdr32f9qx_port.o
      1008         60          0          0          0      10548   mdr32f9qx_rst_clk.o
       280         16          0          0          0       5132   mdr32f9qx_timer.o
       332         26          0          0          0       7224   mdr32f9qx_uart.o
      1356        258       1984         17        344      19298   menu.o
      1798        120       1824          0          0       9194   mlt_lcd.o
       400         50          0          4          0       7752   port.o
      1570         22          0          0         80      12233   queue.o
        36          8        192          0       1024        780   startup_mdr32f9qx.o
       208         24          0          4          0       1331   system_mdr32f9qx.o
      2460        390          0         60        200      26339   tasks.o
       164         16          0          0         24        876   timer.o
       978        114          0         20         40       7659   timers.o
       288         20          0          0          0      29214   uart_io.o

    ----------------------------------------------------------------------
     13452       1394       4032        160      26456     299388   Object Totals
         0          0         32          0          0          0   (incl. Generated)
        22          0          0          3        784          0   (incl. Padding)

    ----------------------------------------------------------------------

      Code (inc. data)   RO Data    RW Data    ZI Data      Debug   Library Member Name

       466          0          0          0          0       2874   arm_bitreversal.o
       192          0          0          0          0        524   arm_bitreversal2.o
       618          0          0          0          0       3295   arm_cfft_q15.o
      2548          0          0          0          0       4148   arm_cfft_radix4_q15.o
        62          0          0          0          0      18872   arm_cmplx_mag_q15.o
         0          0      40392          0          0       4704   arm_common_tables.o
         0          0        144          0          0       4212   arm_const_structs.o
       204         40      32768          0          0       1612   arm_rfft_init_q15.o
       618          0          0          0          0       3116   arm_rfft_q15.o
       188          4          0          0          0        947   arm_sqrt_q15.o
        76          0          0          0          0         84   sqrt.o
         0          0          0          0          0          0   entry.o
         0          0          0          0          0          0   entry10a.o
         0          0          0          0          0          0   entry11a.o
         8          4          0          0          0          0   entry2.o
         4          0          0          0          0          0   entry5.o
         0          0          0          0          0          0   entry7b.o
         0          0          0          0          0          0   entry8b.o
         8          4          0          0          0          0   entry9a.o
        12          6          0          4          0         68   errno.o
        30          0          0          0          0          0   handlers.o
        36          8          0          0          0         68   init.o
         0          0          0          0          0          0   iusefp.o
        30          0          0          0          0         68   llshl.o
        36          0          0          0          0         68   llsshr.o
        32          0          0          0          0         68   llushr.o
        36          0          0          0          0         68   memcpya.o
      2308         96          0          0          0        604   printfa.o
         0          0          0          4          0          0   stdout.o
        44          0          0          0          0         80   uidiv.o
        98          0          0          0          0         92   uldiv.o
        48          0          0          0          0         68   cdrcmple.o
        20          0          0          0          0         68   cfcmple.o
        56          0          0          0          0         88   d2f.o
       334          0          0          0          0        148   dadd.o
       222          0          0          0          0        100   ddiv.o
       186          0          0          0          0        176   depilogue.o
        48          0          0          0          0         68   dfixul.o
       228          0          0          0          0         96   dmul.o
       162          0          0          0          0        100   dsqrt.o
        38          0          0          0          0         68   f2d.o
       176          0          0          0          0        140   fadd.o
       124          0          0          0          0         88   fdiv.o
       110          0          0          0          0        168   fepilogue.o
        50          0          0          0          0         68   ffixi.o
        40          0          0          0          0         68   ffixui.o
        18          0          0          0          0         68   fflti.o
        10          0          0          0          0         68   ffltui.o
       100          0          0          0          0         76   fmul.o
        24          0          0          0          0         68   fscalb.o

    ----------------------------------------------------------------------
      9656        162      73304          8          0      47364   Library Totals
         8          0          0          0          0          0   (incl. Padding)

    ----------------------------------------------------------------------

      Code (inc. data)   RO Data    RW Data    ZI Data      Debug   Library Name

      4896         44      73304          0          0      44304   arm_cortexM3l_math.lib
        76          0          0          0          0         84   m_ws.l
      2682        118          0          8          0       1184   mc_w.l
      1994          0          0          0          0       1792   mf_w.l

    ----------------------------------------------------------------------
      9656        162      73304          8          0      47364   Library Totals

    ----------------------------------------------------------------------

==============================================================================


      Code (inc. data)   RO Data    RW Data    ZI Data      Debug   

     23108       1556      77336        168      26456     336296   Grand Totals
     23108       1556      77336        168      26456     336296   ELF Image Totals
     23108       1556      77336        168          0          0   ROM Totals

==============================================================================

    Total RO  Size (Code + RO Data)               100444 (  98.09kB)
    Total RW  Size (RW Data + ZI Data)             26624 (  26.00kB)
    Total ROM Size (Code + RO Data + RW Data)     100612 (  98.25kB)

==============================================================================

